Archive member included to satisfy reference by file (symbol)

c:/program files (x86)/atmel/studio/7.0/toolchain/avr8/avr8-gnu-toolchain/bin/../lib/gcc/avr/5.4.0/avr5\libgcc.a(_mulsi3.o)
                              src/LibFiles/cores/arduino/WMath.o (__mulsi3)
c:/program files (x86)/atmel/studio/7.0/toolchain/avr8/avr8-gnu-toolchain/bin/../lib/gcc/avr/5.4.0/avr5\libgcc.a(_divmodhi4.o)
                              src/LibFiles/cores/arduino/HardwareSerial.o (__divmodhi4)
c:/program files (x86)/atmel/studio/7.0/toolchain/avr8/avr8-gnu-toolchain/bin/../lib/gcc/avr/5.4.0/avr5\libgcc.a(_udivmodsi4.o)
                              src/LibFiles/cores/arduino/HardwareSerial.o (__udivmodsi4)
c:/program files (x86)/atmel/studio/7.0/toolchain/avr8/avr8-gnu-toolchain/bin/../lib/gcc/avr/5.4.0/avr5\libgcc.a(_divmodsi4.o)
                              src/LibFiles/cores/arduino/WMath.o (__divmodsi4)
c:/program files (x86)/atmel/studio/7.0/toolchain/avr8/avr8-gnu-toolchain/bin/../lib/gcc/avr/5.4.0/avr5\libgcc.a(_negsi2.o)
                              c:/program files (x86)/atmel/studio/7.0/toolchain/avr8/avr8-gnu-toolchain/bin/../lib/gcc/avr/5.4.0/avr5\libgcc.a(_divmodsi4.o) (__negsi2)
c:/program files (x86)/atmel/studio/7.0/toolchain/avr8/avr8-gnu-toolchain/bin/../lib/gcc/avr/5.4.0/avr5\libgcc.a(_exit.o)
                              C:/Program Files (x86)/Atmel/Studio/7.0/Packs/Atmel/ATmega_DFP/1.7.374/gcc/dev/atmega328p/avr5/crtatmega328p.o (exit)
c:/program files (x86)/atmel/studio/7.0/toolchain/avr8/avr8-gnu-toolchain/bin/../lib/gcc/avr/5.4.0/avr5\libgcc.a(_tablejump2.o)
                              Main.o (__tablejump2__)
c:/program files (x86)/atmel/studio/7.0/toolchain/avr8/avr8-gnu-toolchain/bin/../lib/gcc/avr/5.4.0/avr5\libgcc.a(_copy_data.o)
                              Main.o (__do_copy_data)
c:/program files (x86)/atmel/studio/7.0/toolchain/avr8/avr8-gnu-toolchain/bin/../lib/gcc/avr/5.4.0/avr5\libgcc.a(_clear_bss.o)
                              Main.o (__do_clear_bss)
c:/program files (x86)/atmel/studio/7.0/toolchain/avr8/avr8-gnu-toolchain/bin/../lib/gcc/avr/5.4.0/avr5\libgcc.a(_ctors.o)
                              src/LibFiles/cores/arduino/HardwareSerial.o (__do_global_ctors)
c:/program files (x86)/atmel/studio/7.0/toolchain/avr8/avr8-gnu-toolchain/bin/../lib/gcc/avr/5.4.0/avr5\libgcc.a(_umulhisi3.o)
                              src/LibFiles/libraries/SHT31.o (__umulhisi3)
c:/program files (x86)/atmel/studio/7.0/toolchain/avr8/avr8-gnu-toolchain/bin/../lib/gcc/avr/5.4.0/avr5\libgcc.a(_muluhisi3.o)
                              src/LibFiles/cores/arduino/Stream.o (__muluhisi3)
c:/program files (x86)/atmel/studio/7.0/toolchain/avr8/avr8-gnu-toolchain/bin/../lib/gcc/avr/5.4.0/avr5\libgcc.a(_udivmodhi4.o)
                              c:/program files (x86)/atmel/studio/7.0/toolchain/avr8/avr8-gnu-toolchain/bin/../lib/gcc/avr/5.4.0/avr5\libgcc.a(_divmodhi4.o) (__udivmodhi4)
c:/program files (x86)/atmel/studio/7.0/toolchain/avr8/avr8-gnu-toolchain/bin/../lib/gcc/avr/5.4.0/../../../../avr/lib/avr5\libm.a(addsf3.o)
                              Main.o (__subsf3)
c:/program files (x86)/atmel/studio/7.0/toolchain/avr8/avr8-gnu-toolchain/bin/../lib/gcc/avr/5.4.0/../../../../avr/lib/avr5\libm.a(addsf3x.o)
                              c:/program files (x86)/atmel/studio/7.0/toolchain/avr8/avr8-gnu-toolchain/bin/../lib/gcc/avr/5.4.0/../../../../avr/lib/avr5\libm.a(addsf3.o) (__addsf3x)
c:/program files (x86)/atmel/studio/7.0/toolchain/avr8/avr8-gnu-toolchain/bin/../lib/gcc/avr/5.4.0/../../../../avr/lib/avr5\libm.a(cmpsf2.o)
                              Main.o (__eqsf2)
c:/program files (x86)/atmel/studio/7.0/toolchain/avr8/avr8-gnu-toolchain/bin/../lib/gcc/avr/5.4.0/../../../../avr/lib/avr5\libm.a(divsf3.o)
                              Main.o (__divsf3)
c:/program files (x86)/atmel/studio/7.0/toolchain/avr8/avr8-gnu-toolchain/bin/../lib/gcc/avr/5.4.0/../../../../avr/lib/avr5\libm.a(divsf3x.o)
                              c:/program files (x86)/atmel/studio/7.0/toolchain/avr8/avr8-gnu-toolchain/bin/../lib/gcc/avr/5.4.0/../../../../avr/lib/avr5\libm.a(divsf3.o) (__divsf3x)
c:/program files (x86)/atmel/studio/7.0/toolchain/avr8/avr8-gnu-toolchain/bin/../lib/gcc/avr/5.4.0/../../../../avr/lib/avr5\libm.a(fixsfsi.o)
                              Main.o (__fixsfsi)
c:/program files (x86)/atmel/studio/7.0/toolchain/avr8/avr8-gnu-toolchain/bin/../lib/gcc/avr/5.4.0/../../../../avr/lib/avr5\libm.a(fixunssfsi.o)
                              Main.o (__fixunssfsi)
c:/program files (x86)/atmel/studio/7.0/toolchain/avr8/avr8-gnu-toolchain/bin/../lib/gcc/avr/5.4.0/../../../../avr/lib/avr5\libm.a(floatsisf.o)
                              Main.o (__floatunsisf)
c:/program files (x86)/atmel/studio/7.0/toolchain/avr8/avr8-gnu-toolchain/bin/../lib/gcc/avr/5.4.0/../../../../avr/lib/avr5\libm.a(fp_cmp.o)
[...]
Memory Configuration

Name             Origin             Length             Attributes
text             0x00000000         0x00008000         xr
data             0x00800100         0x00000800         rw !x
eeprom           0x00810000         0x00000400         rw !x
fuse             0x00820000         0x00000003         rw !x
lock             0x00830000         0x00000400         rw !x
signature        0x00840000         0x00000400         rw !x
user_signatures  0x00850000         0x00000400         rw !x
*default*        0x00000000         0xffffffff

Linker script and memory map

Address of section .data set to 0x800100
LOAD C:/Program Files (x86)/Atmel/Studio/7.0/Packs/Atmel/ATmega_DFP/1.7.374/gcc/dev/atmega328p/avr5/crtatmega328p.o
LOAD Main.o
LOAD src/LibFiles/cores/arduino/avr-libc/malloc.o
LOAD src/LibFiles/cores/arduino/avr-libc/realloc.o
LOAD src/LibFiles/cores/arduino/CDC.o
LOAD src/LibFiles/cores/arduino/HardwareSerial.o
LOAD src/LibFiles/cores/arduino/HID.o
LOAD src/LibFiles/cores/arduino/IPAddress.o
LOAD src/LibFiles/cores/arduino/main.o
LOAD src/LibFiles/cores/arduino/new.o
LOAD src/LibFiles/cores/arduino/Print.o
LOAD src/LibFiles/cores/arduino/Stream.o
LOAD src/LibFiles/cores/arduino/Tone.o
LOAD src/LibFiles/cores/arduino/USBCore.o
LOAD src/LibFiles/cores/arduino/utility/twi.o
LOAD src/LibFiles/cores/arduino/WInterrupts.o
LOAD src/LibFiles/cores/arduino/Wire.o
LOAD src/LibFiles/cores/arduino/wiring.o
LOAD src/LibFiles/cores/arduino/wiring_analog.o
LOAD src/LibFiles/cores/arduino/wiring_digital.o
LOAD src/LibFiles/cores/arduino/wiring_pulse.o
LOAD src/LibFiles/cores/arduino/wiring_shift.o
LOAD src/LibFiles/cores/arduino/WMath.o
LOAD src/LibFiles/cores/arduino/WString.o
LOAD src/LibFiles/libraries/AltSoftSerial.o
LOAD src/LibFiles/libraries/DS18B20.o
LOAD src/LibFiles/libraries/I2C.o
LOAD src/LibFiles/libraries/IGAS_485DN.o
LOAD src/LibFiles/libraries/IGAS_display.o
LOAD src/LibFiles/libraries/IGAS_Eeprom.o
LOAD src/LibFiles/libraries/OneWire.o
LOAD src/LibFiles/libraries/SHT31.o
LOAD src/LibFiles/libraries/sht31_i2c.o
LOAD src/LibFiles/libraries/SPI.o
LOAD src/LibFiles/libraries/TimerOne.o
START GROUP
END GROUP
LOAD c:/program files (x86)/atmel/studio/7.0/toolchain/avr8/avr8-gnu-toolchain/bin/../lib/gcc/avr/5.4.0/avr5\libgcc.a
LOAD c:/program files (x86)/atmel/studio/7.0/toolchain/avr8/avr8-gnu-toolchain/bin/../lib/gcc/avr/5.4.0/../../../../avr/lib/avr5\libm.a
START GROUP
LOAD c:/program files (x86)/atmel/studio/7.0/toolchain/avr8/avr8-gnu-toolchain/bin/../lib/gcc/avr/5.4.0/avr5\libgcc.a
LOAD c:/program files (x86)/atmel/studio/7.0/toolchain/avr8/avr8-gnu-toolchain/bin/../lib/gcc/avr/5.4.0/../../../../avr/lib/avr5\libm.a
LOAD c:/program files (x86)/atmel/studio/7.0/toolchain/avr8/avr8-gnu-toolchain/bin/../lib/gcc/avr/5.4.0/../../../../avr/lib/avr5\libc.a
LOAD C:/Program Files (x86)/Atmel/Studio/7.0/Packs/Atmel/ATmega_DFP/1.7.374/gcc/dev/atmega328p/avr5\libatmega328p.a
END GROUP
                0x00000000                __TEXT_REGION_ORIGIN__ = DEFINED (__TEXT_REGION_ORIGIN__)?__TEXT_REGION_ORIGIN__:0x0
                [0x00800100]                __DATA_REGION_ORIGIN__ = DEFINED (__DATA_REGION_ORIGIN__)?__DATA_REGION_ORIGIN__:0x800060
                [0x00008000]                __TEXT_REGION_LENGTH__ = DEFINED (__TEXT_REGION_LENGTH__)?__TEXT_REGION_LENGTH__:0x20000
                [0x00000800]                __DATA_REGION_LENGTH__ = DEFINED (__DATA_REGION_LENGTH__)?__DATA_REGION_LENGTH__:0xffa0
                [0x00000400]                __EEPROM_REGION_LENGTH__ = DEFINED (__EEPROM_REGION_LENGTH__)?__EEPROM_REGION_LENGTH__:0x10000
                [0x00000003]                __FUSE_REGION_LENGTH__ = DEFINED (__FUSE_REGION_LENGTH__)?__FUSE_REGION_LENGTH__:0x400
                0x00000400                __LOCK_REGION_LENGTH__ = DEFINED (__LOCK_REGION_LENGTH__)?__LOCK_REGION_LENGTH__:0x400
                0x00000400                __SIGNATURE_REGION_LENGTH__ = DEFINED (__SIGNATURE_REGION_LENGTH__)?__SIGNATURE_REGION_LENGTH__:0x400
                0x00000400                __USER_SIGNATURE_REGION_LENGTH__ = DEFINED (__USER_SIGNATURE_REGION_LENGTH__)?__USER_SIGNATURE_REGION_LENGTH__:0x400

.hash
 *(.hash)

.dynsym
 *(.dynsym)

.dynstr
 *(.dynstr)

.gnu.version
 *(.gnu.version)

.gnu.version_d
 *(.gnu.version_d)

.gnu.version_r
 *(.gnu.version_r)

.rel.init
 *(.rel.init)

.rela.init
 *(.rela.init)

.rel.text
 *(.rel.text)
 *(.rel.text.*)
 *(.rel.gnu.linkonce.t*)

.rela.text
 *(.rela.text)
 *(.rela.text.*)
 *(.rela.gnu.linkonce.t*)

.rel.fini
 *(.rel.fini)

.rela.fini
 *(.rela.fini)

.rel.rodata
 *(.rel.rodata)
 *(.rel.rodata.*)
 *(.rel.gnu.linkonce.r*)

.rela.rodata
 *(.rela.rodata)
 *(.rela.rodata.*)
 *(.rela.gnu.linkonce.r*)

.rel.data
 *(.rel.data)
 *(.rel.data.*)
 *(.rel.gnu.linkonce.d*)

.rela.data
 *(.rela.data)
 *(.rela.data.*)
 *(.rela.gnu.linkonce.d*)

.rel.ctors
 *(.rel.ctors)

.rela.ctors
 *(.rela.ctors)

.rel.dtors
 *(.rel.dtors)

.rela.dtors
 *(.rela.dtors)

.rel.got
 *(.rel.got)

.rela.got
 *(.rela.got)

.rel.bss
 *(.rel.bss)

.rela.bss
 *(.rela.bss)

.rel.plt
 *(.rel.plt)

.rela.plt
 *(.rela.plt)

.text           0x00000000     0x5980
 *(.vectors)
 .vectors       0x00000000       0x68 C:/Program Files (x86)/Atmel/Studio/7.0/Packs/Atmel/ATmega_DFP/1.7.374/gcc/dev/atmega328p/avr5/crtatmega328p.o
                0x00000000                __vector_default
                0x00000000                __vectors
 *(.vectors)
 *(.progmem.gcc*)
 .progmem.gcc_sw_table._Z6mainDMv
                0x00000068       0x1c Main.o
 .progmem.gcc_fplib
                0x00000084       0x5a c:/program files (x86)/atmel/studio/7.0/toolchain/avr8/avr8-gnu-toolchain/bin/../lib/gcc/avr/5.4.0/../../../../avr/lib/avr5\libm.a(log.o)
 .progmem.gcc_fplib
                0x000000de       0x28 c:/program files (x86)/atmel/studio/7.0/toolchain/avr8/avr8-gnu-toolchain/bin/../lib/gcc/avr/5.4.0/../../../../avr/lib/avr5\libm.a(exp.o)
                0x00000106                . = ALIGN (0x2)
                0x00000106                __trampolines_start = .
 *(.trampolines)
 .trampolines   0x00000106        0x0 linker stubs
 *(.trampolines*)
                0x00000106                __trampolines_end = .
 *libprintf_flt.a:*(.progmem.data)
 *libc.a:*(.progmem.data)
 *(.progmem*)
 .progmem.data._ZL21tone_pin_to_timer_PGM
                0x00000106        0x1 src/LibFiles/cores/arduino/Tone.o
 .progmem.data.digital_pin_to_timer_PGM
                0x00000107       0x14 src/LibFiles/cores/arduino/wiring_digital.o
                0x00000107                digital_pin_to_timer_PGM
 .progmem.data.digital_pin_to_bit_mask_PGM
                0x0000011b       0x14 src/LibFiles/cores/arduino/wiring_digital.o
                0x0000011b                digital_pin_to_bit_mask_PGM
 .progmem.data.digital_pin_to_port_PGM
                0x0000012f       0x14 src/LibFiles/cores/arduino/wiring_digital.o
                0x0000012f                digital_pin_to_port_PGM
 .progmem.data.port_to_output_PGM
                0x00000143        0xa src/LibFiles/cores/arduino/wiring_digital.o
                0x00000143                port_to_output_PGM
 .progmem.data.port_to_mode_PGM
                0x0000014d        0xa src/LibFiles/cores/arduino/wiring_digital.o
                0x0000014d                port_to_mode_PGM
                0x00000158                . = ALIGN (0x2)
 *fill*         0x00000157        0x1 
 *(.jumptables)
 *(.jumptables*)
 *(.lowtext)
 *(.lowtext*)
                0x00000158                __ctors_start = .
 *(.ctors)
 .ctors         0x00000158        0x2 src/LibFiles/cores/arduino/HardwareSerial.o
 .ctors         0x0000015a        0x2 src/LibFiles/cores/arduino/Wire.o
                0x0000015c                __ctors_end = .
                0x0000015c                __dtors_start = .
 *(.dtors)
                0x0000015c                __dtors_end = .
 SORT(*)(.ctors)
 SORT(*)(.dtors)
 *(.init0)
 .init0         0x0000015c        0x0 C:/Program Files (x86)/Atmel/Studio/7.0/Packs/Atmel/ATmega_DFP/1.7.374/gcc/dev/atmega328p/avr5/crtatmega328p.o
                0x0000015c                __init
 *(.init0)
 *(.init1)
 *(.init1)
 *(.init2)
 .init2         0x0000015c        0xc C:/Program Files (x86)/Atmel/Studio/7.0/Packs/Atmel/ATmega_DFP/1.7.374/gcc/dev/atmega328p/avr5/crtatmega328p.o
 *(.init2)
 *(.init3)
 *(.init3)
 *(.init4)
 .init4         0x00000168       0x16 c:/program files (x86)/atmel/studio/7.0/toolchain/avr8/avr8-gnu-toolchain/bin/../lib/gcc/avr/5.4.0/avr5\libgcc.a(_copy_data.o)
                0x00000168                __do_copy_data
 .init4         0x0000017e       0x10 c:/program files (x86)/atmel/studio/7.0/toolchain/avr8/avr8-gnu-toolchain/bin/../lib/gcc/avr/5.4.0/avr5\libgcc.a(_clear_bss.o)
                0x0000017e                __do_clear_bss
 *(.init4)
 *(.init5)
 *(.init5)
 *(.init6)
 .init6         0x0000018e       0x16 c:/program files (x86)/atmel/studio/7.0/toolchain/avr8/avr8-gnu-toolchain/bin/../lib/gcc/avr/5.4.0/avr5\libgcc.a(_ctors.o)
                0x0000018e                __do_global_ctors
 *(.init6)
 *(.init7)
 *(.init7)
 *(.init8)
 *(.init8)
 *(.init9)
 .init9         0x000001a4        0x8 C:/Program Files (x86)/Atmel/Studio/7.0/Packs/Atmel/ATmega_DFP/1.7.374/gcc/dev/atmega328p/avr5/crtatmega328p.o
 *(.init9)
 *(.text)
 .text          0x000001ac        0x2 C:/Program Files (x86)/Atmel/Studio/7.0/Packs/Atmel/ATmega_DFP/1.7.374/gcc/dev/atmega328p/avr5/crtatmega328p.o
                0x000001ac                __vector_22
                0x000001ac                __bad_interrupt
                0x000001ac                __vector_6
                0x000001ac                __vector_3
                0x000001ac                __vector_23
                0x000001ac                __vector_25
                0x000001ac                __vector_17
                0x000001ac                __vector_5
                0x000001ac                __vector_4
                0x000001ac                __vector_9
                0x000001ac                __vector_21
                0x000001ac                __vector_15
                0x000001ac                __vector_8
                0x000001ac                __vector_14
                0x000001ae                . = ALIGN (0x2)
 *(.text.*)
 .text._ZN11EEPROMClass4readEi.isra.0
                0x000001ae        0x4 Main.o
 .text._ZN11EEPROMClass5writeEih.isra.1
                0x000001b2        0x4 Main.o
 .text._Z10initArraysfff
                0x000001b6       0xce Main.o
                0x000001b6                _Z10initArraysfff
 .text._Z11trendBufferv
                0x00000284       0x4c Main.o
                0x00000284                _Z11trendBufferv
 .text._Z10checkErrorv
                0x000002d0      0x220 Main.o
                0x000002d0                _Z10checkErrorv
 .text._Z9PIDfilterv
                0x000004f0      0x1b0 Main.o
                0x000004f0                _Z9PIDfilterv
 .text._Z8rebootDMv
                0x000006a0       0x2c Main.o
                0x000006a0                _Z8rebootDMv
 .text._Z9loop_5000v
                0x000006cc       0x56 Main.o
                0x000006cc                _Z9loop_5000v
 .text._Z8loop_500v
                0x00000722       0x74 Main.o
                0x00000722                _Z8loop_500v
 .text._Z4crc8PKhh
                0x00000796       0x26 Main.o
                0x00000796                _Z4crc8PKhh
 .text._Z9avarageItfff
                0x000007bc      0x15c Main.o
                0x000007bc                _Z9avarageItfff
 .text._Z17initCommunicationv
                0x00000918       0x60 Main.o
                0x00000918                _Z17initCommunicationv
 .text._Z12convertFloatfh
                0x00000978       0x40 Main.o
                0x00000978                _Z12convertFloatfh
 .text._Z8loadBytehh
                0x000009b8       0x2c Main.o
                0x000009b8                _Z8loadBytehh
 .text._Z9loadFloatif
                0x000009e4       0x98 Main.o
                0x000009e4                _Z9loadFloatif
 .text._Z7loadIntjj
                0x00000a7c       0x38 Main.o
                0x00000a7c                _Z7loadIntjj
 .text._Z7saveIntii
                0x00000ab4       0x1a Main.o
                0x00000ab4                _Z7saveIntii
 .text._Z13loadSignedInti
                0x00000ace       0x44 Main.o
                0x00000ace                _Z13loadSignedInti
 .text._Z8settingsv
                0x00000b12      0x20a Main.o
                0x00000b12                _Z8settingsv
 .text._Z13saveSignedIntii
                0x00000d1c       0x40 Main.o
                0x00000d1c                _Z13saveSignedIntii
 .text._Z13modbusProceedPiiii
                0x00000d5c     0x1c24 Main.o
                0x00000d5c                _Z13modbusProceedPiiii
 .text._Z11getDewPointv
                0x00002980      0x408 Main.o
                0x00002980                _Z11getDewPointv
 .text.setup    0x00002d88       0xe6 Main.o
                0x00002d88                setup
 .text._Z6getSHTv
                0x00002e6e      0x142 Main.o
                0x00002e6e                _Z6getSHTv
 .text._Z7getTianv
                0x00002fb0      0x11c Main.o
                0x00002fb0                _Z7getTianv
 .text._Z6mainDMv
                0x000030cc      0x412 Main.o
                0x000030cc                _Z6mainDMv
 .text._Z7loop_50v
                0x000034de       0x5c Main.o
                0x000034de                _Z7loop_50v
 .text.loop     0x0000353a       0x6c Main.o
                0x0000353a                loop
 .text._ZN14HardwareSerial9availableEv
                0x000035a6       0x26 src/LibFiles/cores/arduino/HardwareSerial.o
                0x000035a6                _ZN14HardwareSerial9availableEv
 .text._ZN14HardwareSerial4peekEv
                0x000035cc       0x38 src/LibFiles/cores/arduino/HardwareSerial.o
                0x000035cc                _ZN14HardwareSerial4peekEv
 .text._ZN14HardwareSerial4readEv
                0x00003604       0x40 src/LibFiles/cores/arduino/HardwareSerial.o
                0x00003604                _ZN14HardwareSerial4readEv
 .text._ZN14HardwareSerial5flushEv
                0x00003644       0x16 src/LibFiles/cores/arduino/HardwareSerial.o
                0x00003644                _ZN14HardwareSerial5flushEv
 .text._ZN14HardwareSerial5writeEh
                0x0000365a       0x84 src/LibFiles/cores/arduino/HardwareSerial.o
                0x0000365a                _ZN14HardwareSerial5writeEh
 .text._Z11serialEventv
                0x000036de        0x2 src/LibFiles/cores/arduino/HardwareSerial.o
                0x000036de                _Z11serialEventv
 .text.__vector_18
                0x000036e0       0x74 src/LibFiles/cores/arduino/HardwareSerial.o
                0x000036e0                __vector_18
 .text._Z14serialEventRunv
                0x00003754        0xe src/LibFiles/cores/arduino/HardwareSerial.o
                0x00003754                _Z14serialEventRunv
 .text.__vector_19
                0x00003762       0x76 src/LibFiles/cores/arduino/HardwareSerial.o
                0x00003762                __vector_19
 .text._ZN14HardwareSerial5beginEmh
                0x000037d8      0x112 src/LibFiles/cores/arduino/HardwareSerial.o
                0x000037d8                _ZN14HardwareSerial5beginEmh
 .text.startup._GLOBAL__sub_I_rx_buffer
                0x000038ea       0x76 src/LibFiles/cores/arduino/HardwareSerial.o
 .text.initVariant
                0x00003960        0x2 src/LibFiles/cores/arduino/main.o
                0x00003960                initVariant
 .text.startup.main
                0x00003962       0x14 src/LibFiles/cores/arduino/main.o
                0x00003962                main
 .text._ZN5Print5writeEPKhj
                0x00003976       0x50 src/LibFiles/cores/arduino/Print.o
                0x00003976                _ZN5Print5writeEPKhj
 .text._ZN6Stream10setTimeoutEm
                0x000039c6        0xc src/LibFiles/cores/arduino/Stream.o
                0x000039c6                _ZN6Stream10setTimeoutEm
 .text._Z12disableTimerh
                0x000039d2       0x40 src/LibFiles/cores/arduino/Tone.o
                0x000039d2                _Z12disableTimerh
 .text._Z6noToneh
                0x00003a12       0x26 src/LibFiles/cores/arduino/Tone.o
                0x00003a12                _Z6noToneh
 .text.__vector_7
                0x00003a38       0xb6 src/LibFiles/cores/arduino/Tone.o
                0x00003a38                __vector_7
 .text.twi_init
                0x00003aee       0x38 src/LibFiles/cores/arduino/utility/twi.o
                0x00003aee                twi_init
 .text.twi_setFrequency
                0x00003b26       0x28 src/LibFiles/cores/arduino/utility/twi.o
                0x00003b26                twi_setFrequency
 .text.twi_readFrom
                0x00003b4e       0x90 src/LibFiles/cores/arduino/utility/twi.o
                0x00003b4e                twi_readFrom
 .text.twi_writeTo
                0x00003bde       0xac src/LibFiles/cores/arduino/utility/twi.o
                0x00003bde                twi_writeTo
 .text.twi_transmit
                0x00003c8a       0x50 src/LibFiles/cores/arduino/utility/twi.o
                0x00003c8a                twi_transmit
 .text.twi_attachSlaveRxEvent
                0x00003cda        0xa src/LibFiles/cores/arduino/utility/twi.o
                0x00003cda                twi_attachSlaveRxEvent
 .text.twi_attachSlaveTxEvent
                0x00003ce4        0xa src/LibFiles/cores/arduino/utility/twi.o
                0x00003ce4                twi_attachSlaveTxEvent
 .text.twi_stop
                0x00003cee       0x14 src/LibFiles/cores/arduino/utility/twi.o
                0x00003cee                twi_stop
 .text.twi_releaseBus
                0x00003d02        0xc src/LibFiles/cores/arduino/utility/twi.o
                0x00003d02                twi_releaseBus
 .text.__vector_24
                0x00003d0e      0x254 src/LibFiles/cores/arduino/utility/twi.o
                0x00003d0e                __vector_24
 .text.__vector_1
                0x00003f62       0x5a src/LibFiles/cores/arduino/WInterrupts.o
                0x00003f62                __vector_1
 .text.__vector_2
                0x00003fbc       0x5a src/LibFiles/cores/arduino/WInterrupts.o
                0x00003fbc                __vector_2
 .text._ZN7TwoWire9availableEv
                0x00004016       0x10 src/LibFiles/cores/arduino/Wire.o
                0x00004016                _ZN7TwoWire9availableEv
 .text._ZN7TwoWire4readEv
                0x00004026       0x28 src/LibFiles/cores/arduino/Wire.o
                0x00004026                _ZN7TwoWire4readEv
 .text._ZN7TwoWire4peekEv
                0x0000404e       0x1e src/LibFiles/cores/arduino/Wire.o
                0x0000404e                _ZN7TwoWire4peekEv
 .text._ZN7TwoWire5flushEv
                0x0000406c        0x2 src/LibFiles/cores/arduino/Wire.o
                0x0000406c                _ZN7TwoWire5flushEv
 .text._ZN7TwoWire16onReceiveServiceEPhi
                0x0000406e       0x54 src/LibFiles/cores/arduino/Wire.o
                0x0000406e                _ZN7TwoWire16onReceiveServiceEPhi
 .text._ZN7TwoWire16onRequestServiceEv
                0x000040c2       0x18 src/LibFiles/cores/arduino/Wire.o
                0x000040c2                _ZN7TwoWire16onRequestServiceEv
 .text._ZN7TwoWire5writeEPKhj
                0x000040da       0x58 src/LibFiles/cores/arduino/Wire.o
                0x000040da                _ZN7TwoWire5writeEPKhj
 .text._ZN7TwoWire5writeEh
                0x00004132       0x5c src/LibFiles/cores/arduino/Wire.o
                0x00004132                _ZN7TwoWire5writeEh
 .text._ZN7TwoWireC2Ev
                0x0000418e       0x20 src/LibFiles/cores/arduino/Wire.o
                0x0000418e                _ZN7TwoWireC1Ev
                0x0000418e                _ZN7TwoWireC2Ev
 .text._ZN7TwoWire5beginEv
                0x000041ae       0x1e src/LibFiles/cores/arduino/Wire.o
                0x000041ae                _ZN7TwoWire5beginEv
 .text._ZN7TwoWire8setClockEm
                0x000041cc        0x6 src/LibFiles/cores/arduino/Wire.o
                0x000041cc                _ZN7TwoWire8setClockEm
 .text._ZN7TwoWire17beginTransmissionEh
                0x000041d2       0x14 src/LibFiles/cores/arduino/Wire.o
                0x000041d2                _ZN7TwoWire17beginTransmissionEh
 .text._ZN7TwoWire17beginTransmissionEi
                0x000041e6        0x2 src/LibFiles/cores/arduino/Wire.o
                0x000041e6                _ZN7TwoWire17beginTransmissionEi
 .text._ZN7TwoWire15endTransmissionEh
                0x000041e8       0x24 src/LibFiles/cores/arduino/Wire.o
                0x000041e8                _ZN7TwoWire15endTransmissionEh
 .text._ZN7TwoWire11requestFromEhhmhh
                0x0000420c       0xa2 src/LibFiles/cores/arduino/Wire.o
                0x0000420c                _ZN7TwoWire11requestFromEhhmhh
 .text._ZN7TwoWire11requestFromEhhh
                0x000042ae       0x1e src/LibFiles/cores/arduino/Wire.o
                0x000042ae                _ZN7TwoWire11requestFromEhhh
 .text._ZN7TwoWire11requestFromEhh
                0x000042cc        0x4 src/LibFiles/cores/arduino/Wire.o
                0x000042cc                _ZN7TwoWire11requestFromEhh
 .text._ZN7TwoWire15endTransmissionEv
                0x000042d0        0x4 src/LibFiles/cores/arduino/Wire.o
                0x000042d0                _ZN7TwoWire15endTransmissionEv
 .text.startup._GLOBAL__sub_I__ZN7TwoWire8rxBufferE
                0x000042d4        0x6 src/LibFiles/cores/arduino/Wire.o
 .text.__vector_16
                0x000042da       0x94 src/LibFiles/cores/arduino/wiring.o
                0x000042da                __vector_16
 .text.millis   0x0000436e       0x18 src/LibFiles/cores/arduino/wiring.o
                0x0000436e                millis
 .text.micros   0x00004386       0x4a src/LibFiles/cores/arduino/wiring.o
                0x00004386                micros
 .text.delay    0x000043d0       0x48 src/LibFiles/cores/arduino/wiring.o
                0x000043d0                delay
 .text.delayMicroseconds
                0x00004418       0x14 src/LibFiles/cores/arduino/wiring.o
                0x00004418                delayMicroseconds
 .text.init     0x0000442c       0x76 src/LibFiles/cores/arduino/wiring.o
                0x0000442c                init
 .text.analogWrite
                0x000044a2       0xba src/LibFiles/cores/arduino/wiring_analog.o
                0x000044a2                analogWrite
 .text.turnOffPWM
                0x0000455c       0x52 src/LibFiles/cores/arduino/wiring_digital.o
 .text.pinMode  0x000045ae       0x78 src/LibFiles/cores/arduino/wiring_digital.o
                0x000045ae                pinMode
 .text.digitalWrite
                0x00004626       0x5c src/LibFiles/cores/arduino/wiring_digital.o
                0x00004626                digitalWrite
 .text.__vector_11
                0x00004682      0x1d2 src/LibFiles/libraries/AltSoftSerial.o
                0x00004682                __vector_11
 .text.__vector_10
                0x00004854      0x1bc src/LibFiles/libraries/AltSoftSerial.o
                0x00004854                __vector_10
 .text.__vector_12
                0x00004a10       0xaa src/LibFiles/libraries/AltSoftSerial.o
                0x00004a10                __vector_12
 .text._ZN12IGAS_X2X_4856initMBEmii
                0x00004aba       0x3a src/LibFiles/libraries/IGAS_485DN.o
                0x00004aba                _ZN12IGAS_X2X_4856initMBEmii
 .text._ZN12IGAS_X2X_4853crcEPhhh
                0x00004af4       0x3a src/LibFiles/libraries/IGAS_485DN.o
                0x00004af4                _ZN12IGAS_X2X_4853crcEPhhh
 .text._ZN12IGAS_X2X_48512modbus_replyEPhh
                0x00004b2e       0x28 src/LibFiles/libraries/IGAS_485DN.o
                0x00004b2e                _ZN12IGAS_X2X_48512modbus_replyEPhh
 .text._ZN12IGAS_X2X_48516validate_requestEPhh
                0x00004b56       0x88 src/LibFiles/libraries/IGAS_485DN.o
                0x00004b56                _ZN12IGAS_X2X_48516validate_requestEPhh
 .text._ZN12IGAS_X2X_48511setDelegateEPFvPiiiiE
                0x00004bde        0x8 src/LibFiles/libraries/IGAS_485DN.o
                0x00004bde                _ZN12IGAS_X2X_48511setDelegateEPFvPiiiiE
 .text._ZN12IGAS_X2X_4858doActionEPiiii
                0x00004be6       0x22 src/LibFiles/libraries/IGAS_485DN.o
                0x00004be6                _ZN12IGAS_X2X_4858doActionEPiiii
 .text._ZN12IGAS_X2X_48510write_regsEjPhPi
                0x00004c08       0x7e src/LibFiles/libraries/IGAS_485DN.o
                0x00004c08                _ZN12IGAS_X2X_48510write_regsEjPhPi
 .text.__vector_20
                0x00004c86       0x16 src/LibFiles/libraries/IGAS_485DN.o
                0x00004c86                __vector_20
 .text._ZN12IGAS_X2X_4854sendEPhh
                0x00004c9c       0x4c src/LibFiles/libraries/IGAS_485DN.o
                0x00004c9c                _ZN12IGAS_X2X_4854sendEPhh
 .text._ZN12IGAS_X2X_48510send_replyEPhh
                0x00004ce8       0x26 src/LibFiles/libraries/IGAS_485DN.o
                0x00004ce8                _ZN12IGAS_X2X_48510send_replyEPhh
 .text._ZN12IGAS_X2X_48525preset_multiple_registersEhjhPhPi
                0x00004d0e       0x72 src/LibFiles/libraries/IGAS_485DN.o
                0x00004d0e                _ZN12IGAS_X2X_48525preset_multiple_registersEhjhPhPi
 .text._ZN12IGAS_X2X_48521write_single_registerEhjPhPi
                0x00004d80       0x6a src/LibFiles/libraries/IGAS_485DN.o
                0x00004d80                _ZN12IGAS_X2X_48521write_single_registerEhjPhPi
 .text._ZN12IGAS_X2X_48522read_holding_registersEhjhPi
                0x00004dea       0x9a src/LibFiles/libraries/IGAS_485DN.o
                0x00004dea                _ZN12IGAS_X2X_48522read_holding_registersEhjhPi
 .text._ZN12IGAS_X2X_48515receive_requestEPh
                0x00004e84       0x42 src/LibFiles/libraries/IGAS_485DN.o
                0x00004e84                _ZN12IGAS_X2X_48515receive_requestEPh
 .text._ZN12IGAS_X2X_48514modbus_requestEhPh
                0x00004ec6       0x6a src/LibFiles/libraries/IGAS_485DN.o
                0x00004ec6                _ZN12IGAS_X2X_48514modbus_requestEhPh
 .text._ZN12IGAS_X2X_4856updateEv
                0x00004f30      0x194 src/LibFiles/libraries/IGAS_485DN.o
                0x00004f30                _ZN12IGAS_X2X_4856updateEv
 .text._ZN8TimerOne16isrDefaultUnusedEv
                0x000050c4        0x2 src/LibFiles/libraries/TimerOne.o
                0x000050c4                _ZN8TimerOne16isrDefaultUnusedEv
 .text.__vector_13
                0x000050c6       0x4e src/LibFiles/libraries/TimerOne.o
                0x000050c6                __vector_13
 .text.libgcc.div
                0x00005114       0x26 c:/program files (x86)/atmel/studio/7.0/toolchain/avr8/avr8-gnu-toolchain/bin/../lib/gcc/avr/5.4.0/avr5\libgcc.a(_divmodhi4.o)
                0x00005114                _div
                0x00005114                __divmodhi4
 .text.libgcc.div
                0x0000513a       0x44 c:/program files (x86)/atmel/studio/7.0/toolchain/avr8/avr8-gnu-toolchain/bin/../lib/gcc/avr/5.4.0/avr5\libgcc.a(_udivmodsi4.o)
                0x0000513a                __udivmodsi4
 .text.libgcc   0x0000517e        0xc c:/program files (x86)/atmel/studio/7.0/toolchain/avr8/avr8-gnu-toolchain/bin/../lib/gcc/avr/5.4.0/avr5\libgcc.a(_tablejump2.o)
                0x0000517e                __tablejump2__
 .text.libgcc.div
                0x0000518a       0x28 c:/program files (x86)/atmel/studio/7.0/toolchain/avr8/avr8-gnu-toolchain/bin/../lib/gcc/avr/5.4.0/avr5\libgcc.a(_udivmodhi4.o)
                0x0000518a                __udivmodhi4
 .text.avr-libc.fplib
                0x000051b2        0xa c:/program files (x86)/atmel/studio/7.0/toolchain/avr8/avr8-gnu-toolchain/bin/../lib/gcc/avr/5.4.0/../../../../avr/lib/avr5\libm.a(addsf3.o)
                0x000051b2                __subsf3
                0x000051b4                __addsf3
 .text.avr-libc.fplib
                0x000051bc       0xc0 c:/program files (x86)/atmel/studio/7.0/toolchain/avr8/avr8-gnu-toolchain/bin/../lib/gcc/avr/5.4.0/../../../../avr/lib/avr5\libm.a(addsf3x.o)
                0x000051d6                __addsf3x
 .text.avr-libc.fplib
                0x0000527c        0x8 c:/program files (x86)/atmel/studio/7.0/toolchain/avr8/avr8-gnu-toolchain/bin/../lib/gcc/avr/5.4.0/../../../../avr/lib/avr5\libm.a(cmpsf2.o)
                0x0000527c                __nesf2
                0x0000527c                __eqsf2
                0x0000527c                __cmpsf2
                0x0000527c                __ltsf2
                0x0000527c                __lesf2
 .text.avr-libc.fplib
                0x00005284        0x4 c:/program files (x86)/atmel/studio/7.0/toolchain/avr8/avr8-gnu-toolchain/bin/../lib/gcc/avr/5.4.0/../../../../avr/lib/avr5\libm.a(divsf3.o)
                0x00005284                __divsf3
 .text.avr-libc.fplib
                0x00005288       0xcc c:/program files (x86)/atmel/studio/7.0/toolchain/avr8/avr8-gnu-toolchain/bin/../lib/gcc/avr/5.4.0/../../../../avr/lib/avr5\libm.a(divsf3x.o)
                0x0000529e                __divsf3x
                0x000052a2                __divsf3_pse
 .text.avr-libc.fplib
                0x00005354        0xa c:/program files (x86)/atmel/studio/7.0/toolchain/avr8/avr8-gnu-toolchain/bin/../lib/gcc/avr/5.4.0/../../../../avr/lib/avr5\libm.a(fixsfsi.o)
                0x00005354                __fixsfsi
 .text.avr-libc.fplib
                0x0000535e       0x58 c:/program files (x86)/atmel/studio/7.0/toolchain/avr8/avr8-gnu-toolchain/bin/../lib/gcc/avr/5.4.0/../../../../avr/lib/avr5\libm.a(fixunssfsi.o)
                0x0000535e                __fixunssfsi
 .text.avr-libc.fplib
                0x000053b6       0x7a c:/program files (x86)/atmel/studio/7.0/toolchain/avr8/avr8-gnu-toolchain/bin/../lib/gcc/avr/5.4.0/../../../../avr/lib/avr5\libm.a(floatsisf.o)
                0x000053b6                __floatunsisf
                0x000053ba                __floatsisf
 .text.avr-libc.fplib
                0x00005430       0x48 c:/program files (x86)/atmel/studio/7.0/toolchain/avr8/avr8-gnu-toolchain/bin/../lib/gcc/avr/5.4.0/../../../../avr/lib/avr5\libm.a(fp_cmp.o)
                0x00005430                __fp_cmp
 .text.avr-libc.fplib
                0x00005478        0xc c:/program files (x86)/atmel/studio/7.0/toolchain/avr8/avr8-gnu-toolchain/bin/../lib/gcc/avr/5.4.0/../../../../avr/lib/avr5\libm.a(fp_inf.o)
                0x00005478                __fp_inf
 .text.avr-libc.fplib
                0x00005484        0x6 c:/program files (x86)/atmel/studio/7.0/toolchain/avr8/avr8-gnu-toolchain/bin/../lib/gcc/avr/5.4.0/../../../../avr/lib/avr5\libm.a(fp_nan.o)
                0x00005484                __fp_nan
 .text.avr-libc.fplib
                0x0000548a        0xe c:/program files (x86)/atmel/studio/7.0/toolchain/avr8/avr8-gnu-toolchain/bin/../lib/gcc/avr/5.4.0/../../../../avr/lib/avr5\libm.a(fp_pscA.o)
                0x0000548a                __fp_pscA
 .text.avr-libc.fplib
                0x00005498        0xe c:/program files (x86)/atmel/studio/7.0/toolchain/avr8/avr8-gnu-toolchain/bin/../lib/gcc/avr/5.4.0/../../../../avr/lib/avr5\libm.a(fp_pscB.o)
                0x00005498                __fp_pscB
 .text.avr-libc.fplib
                0x000054a6       0x22 c:/program files (x86)/atmel/studio/7.0/toolchain/avr8/avr8-gnu-toolchain/bin/../lib/gcc/avr/5.4.0/../../../../avr/lib/avr5\libm.a(fp_round.o)
                0x000054a6                __fp_round
 .text.avr-libc.fplib
                0x000054c8       0x44 c:/program files (x86)/atmel/studio/7.0/toolchain/avr8/avr8-gnu-toolchain/bin/../lib/gcc/avr/5.4.0/../../../../avr/lib/avr5\libm.a(fp_split3.o)
                0x000054c8                __fp_split3
                0x000054d8                __fp_splitA
 .text.avr-libc.fplib
                0x0000550c        0xe c:/program files (x86)/atmel/studio/7.0/toolchain/avr8/avr8-gnu-toolchain/bin/../lib/gcc/avr/5.4.0/../../../../avr/lib/avr5\libm.a(fp_zero.o)
                0x0000550c                __fp_zero
                0x0000550e                __fp_szero
 .text.avr-libc.fplib
                0x0000551a        0x8 c:/program files (x86)/atmel/studio/7.0/toolchain/avr8/avr8-gnu-toolchain/bin/../lib/gcc/avr/5.4.0/../../../../avr/lib/avr5\libm.a(gesf2.o)
                0x0000551a                __gesf2
                0x0000551a                __gtsf2
 .text.avr-libc.fplib
                0x00005522        0xc c:/program files (x86)/atmel/studio/7.0/toolchain/avr8/avr8-gnu-toolchain/bin/../lib/gcc/avr/5.4.0/../../../../avr/lib/avr5\libm.a(log10.o)
                0x00005522                log10
 .text.avr-libc.fplib
                0x0000552e       0x8a c:/program files (x86)/atmel/studio/7.0/toolchain/avr8/avr8-gnu-toolchain/bin/../lib/gcc/avr/5.4.0/../../../../avr/lib/avr5\libm.a(log.o)
                0x00005538                log
 .text.avr-libc.fplib
                0x000055b8        0x4 c:/program files (x86)/atmel/studio/7.0/toolchain/avr8/avr8-gnu-toolchain/bin/../lib/gcc/avr/5.4.0/../../../../avr/lib/avr5\libm.a(mulsf3.o)
                0x000055b8                __mulsf3
 .text.avr-libc.fplib
                0x000055bc       0xc2 c:/program files (x86)/atmel/studio/7.0/toolchain/avr8/avr8-gnu-toolchain/bin/../lib/gcc/avr/5.4.0/../../../../avr/lib/avr5\libm.a(mulsf3x.o)
                0x000055d0                __mulsf3x
                0x000055d4                __mulsf3_pse
 .text.avr-libc.fplib
                0x0000567e       0x98 c:/program files (x86)/atmel/studio/7.0/toolchain/avr8/avr8-gnu-toolchain/bin/../lib/gcc/avr/5.4.0/../../../../avr/lib/avr5\libm.a(pow.o)
                0x0000567e                pow
 .text.avr-libc.fplib
                0x00005716       0x84 c:/program files (x86)/atmel/studio/7.0/toolchain/avr8/avr8-gnu-toolchain/bin/../lib/gcc/avr/5.4.0/../../../../avr/lib/avr5\libm.a(sqrt.o)
                0x0000571e                sqrtf
                0x0000571e                sqrt
 .text.avr-libc.fplib
                0x0000579a       0x62 c:/program files (x86)/atmel/studio/7.0/toolchain/avr8/avr8-gnu-toolchain/bin/../lib/gcc/avr/5.4.0/../../../../avr/lib/avr5\libm.a(exp.o)
                0x000057a4                exp
 .text.avr-libc.fplib
                0x000057fc       0x1c c:/program files (x86)/atmel/studio/7.0/toolchain/avr8/avr8-gnu-toolchain/bin/../lib/gcc/avr/5.4.0/../../../../avr/lib/avr5\libm.a(fp_mpack.o)
                0x000057fc                __fp_mpack
                0x00005800                __fp_mpack_finite
 .text.avr-libc.fplib
                0x00005818        0xe c:/program files (x86)/atmel/studio/7.0/toolchain/avr8/avr8-gnu-toolchain/bin/../lib/gcc/avr/5.4.0/../../../../avr/lib/avr5\libm.a(fp_norm2.o)
                0x00005818                __fp_norm2
 .text.avr-libc.fplib
                0x00005826       0x4a c:/program files (x86)/atmel/studio/7.0/toolchain/avr8/avr8-gnu-toolchain/bin/../lib/gcc/avr/5.4.0/../../../../avr/lib/avr5\libm.a(fp_powser.o)
                0x00005826                __fp_powser
 .text.avr-libc.fplib
                0x00005870        0xe c:/program files (x86)/atmel/studio/7.0/toolchain/avr8/avr8-gnu-toolchain/bin/../lib/gcc/avr/5.4.0/../../../../avr/lib/avr5\libm.a(inverse.o)
                0x00005870                inverse
 .text.avr-libc.fplib
                0x0000587e       0x6c c:/program files (x86)/atmel/studio/7.0/toolchain/avr8/avr8-gnu-toolchain/bin/../lib/gcc/avr/5.4.0/../../../../avr/lib/avr5\libm.a(ldexp.o)
                0x00005882                ldexp
 .text.avr-libc.fplib
                0x000058ea       0x66 c:/program files (x86)/atmel/studio/7.0/toolchain/avr8/avr8-gnu-toolchain/bin/../lib/gcc/avr/5.4.0/../../../../avr/lib/avr5\libm.a(modf.o)
                0x000058ea                modf
                0x000058ea                modff
 .text.avr-libc
                0x00005950       0x10 C:/Program Files (x86)/Atmel/Studio/7.0/Packs/Atmel/ATmega_DFP/1.7.374/gcc/dev/atmega328p/avr5\libatmega328p.a(eerd_byte.o)
                0x00005950                eeprom_read_byte
 .text.avr-libc
                0x00005960       0x1c C:/Program Files (x86)/Atmel/Studio/7.0/Packs/Atmel/ATmega_DFP/1.7.374/gcc/dev/atmega328p/avr5\libatmega328p.a(eewr_byte.o)
                0x00005960                eeprom_write_byte
                0x00005962                eeprom_write_r18
                0x0000597c                . = ALIGN (0x2)
 *(.fini9)
 .fini9         0x0000597c        0x0 c:/program files (x86)/atmel/studio/7.0/toolchain/avr8/avr8-gnu-toolchain/bin/../lib/gcc/avr/5.4.0/avr5\libgcc.a(_exit.o)
                0x0000597c                _exit
                0x0000597c                exit
 *(.fini9)
 *(.fini8)
 *(.fini8)
 *(.fini7)
 *(.fini7)
 *(.fini6)
 *(.fini6)
 *(.fini5)
 *(.fini5)
 *(.fini4)
 *(.fini4)
 *(.fini3)
 *(.fini3)
 *(.fini2)
 *(.fini2)
 *(.fini1)
 *(.fini1)
 *(.fini0)
 .fini0         0x0000597c        0x4 c:/program files (x86)/atmel/studio/7.0/toolchain/avr8/avr8-gnu-toolchain/bin/../lib/gcc/avr/5.4.0/avr5\libgcc.a(_exit.o)
 *(.fini0)
                0x00005980                _etext = .

.data           0x00800100       0x4e load address 0x00005980
                0x00800100                PROVIDE (__data_start, .)
 *(.data)
 *(.data*)
 .data.addrWT   0x00800100        0x1 Main.o
                0x00800100                addrWT
 .data.incomingTimeOut
                0x00800101        0x2 Main.o
                0x00800101                incomingTimeOut
 .data.modelDN  0x00800103        0x1 Main.o
                0x00800103                modelDN
 .data.slaveAddr
                0x00800104        0x1 Main.o
                0x00800104                slaveAddr
 .data._ZL9tone_pins
                0x00800105        0x1 src/LibFiles/cores/arduino/Tone.o
 .data._ZN8TimerOne11isrCallbackE
                0x00800106        0x2 src/LibFiles/libraries/TimerOne.o
                0x00800106                _ZN8TimerOne11isrCallbackE
 *(.gnu.linkonce.d*)
 *(.rodata)
 *(.rodata*)
 .rodata.CSWTCH.298
                0x00800108        0xe Main.o
 .rodata._ZL13AGGRESSfilter
                0x00800116        0xc Main.o
 .rodata._ZL12SMOOTHfilter
                0x00800122        0xc Main.o
 .rodata._ZTV14HardwareSerial
                0x0080012e       0x10 src/LibFiles/cores/arduino/HardwareSerial.o
                0x0080012e                _ZTV14HardwareSerial
 .rodata._ZTV7TwoWire
                0x0080013e       0x10 src/LibFiles/cores/arduino/Wire.o
                0x0080013e                _ZTV7TwoWire
 *(.gnu.linkonce.r*)
                0x0080014e                . = ALIGN (0x2)
                0x0080014e                _edata = .
                0x0080014e                PROVIDE (__data_end, .)

.bss            0x0080014e      0x429
                0x0080014e                PROVIDE (__bss_start, .)
 *(.bss)
 *(.bss*)
 .bss.BufSHT    0x0080014e        0xa Main.o
                0x0080014e                BufSHT
 .bss.BufWT     0x00800158        0xa Main.o
                0x00800158                BufWT
 .bss.PWM_SP    0x00800162        0x1 Main.o
                0x00800162                PWM_SP
 .bss.vipReplyQnt
                0x00800163        0x1 Main.o
                0x00800163                vipReplyQnt
 .bss.totalLostRHCnt
                0x00800164        0x2 Main.o
                0x00800164                totalLostRHCnt
 .bss.lostCntRH
                0x00800166        0x1 Main.o
                0x00800166                lostCntRH
 .bss.totalLostPressureCnt
                0x00800167        0x2 Main.o
                0x00800167                totalLostPressureCnt
 .bss.lostCntPressure
                0x00800169        0x1 Main.o
                0x00800169                lostCntPressure
 .bss.pressGaugeLost
                0x0080016a        0x1 Main.o
                0x0080016a                pressGaugeLost
 .bss.sensorStep
                0x0080016b        0x1 Main.o
                0x0080016b                sensorStep
 .bss.watchdogQnt
                0x0080016c        0x2 Main.o
                0x0080016c                watchdogQnt
 .bss.startMB   0x0080016e        0x1 Main.o
                0x0080016e                startMB
 .bss.VIP_firstRead
                0x0080016f        0x1 Main.o
                0x0080016f                VIP_firstRead
 .bss.DS18B20_Temp
                0x00800170        0x4 Main.o
                0x00800170                DS18B20_Temp
 .bss.tempSetPoint
                0x00800174        0x4 Main.o
                0x00800174                tempSetPoint
 .bss.tianTerm1
                0x00800178        0x4 Main.o
                0x00800178                tianTerm1
 .bss.tian_Offset
                0x0080017c        0x2 Main.o
                0x0080017c                tian_Offset
 .bss.tian_K    0x0080017e        0x2 Main.o
                0x0080017e                tian_K
 .bss.tian_Pmax
                0x00800180        0x1 Main.o
                0x00800180                tian_Pmax
 .bss.tian_Pmin
                0x00800181        0x1 Main.o
                0x00800181                tian_Pmin
 .bss.offsetHumidity_K
                0x00800182        0x4 Main.o
                0x00800182                offsetHumidity_K
 .bss.offsetHumidity_b
                0x00800186        0x4 Main.o
                0x00800186                offsetHumidity_b
 .bss.offsetTemp
                0x0080018a        0x4 Main.o
                0x0080018a                offsetTemp
 .bss.bridgeMode
                0x0080018e        0x1 Main.o
                0x0080018e                bridgeMode
 .bss.getTempFromSHT
                0x0080018f        0x1 Main.o
                0x0080018f                getTempFromSHT
 .bss.readDelay
                0x00800190        0x4 Main.o
                0x00800190                readDelay
 .bss.vipMB_ByteReply
                0x00800194       0x18 Main.o
                0x00800194                vipMB_ByteReply
 .bss.vipRespond
                0x008001ac       0x28 Main.o
                0x008001ac                vipRespond
 .bss.pinCode   0x008001d4        0x1 Main.o
                0x008001d4                pinCode
 .bss.loop_500_start
                0x008001d5        0x4 Main.o
                0x008001d5                loop_500_start
 .bss.loop_50_start
                0x008001d9        0x4 Main.o
                0x008001d9                loop_50_start
 .bss.currentTime
                0x008001dd        0x4 Main.o
                0x008001dd                currentTime
 .bss.apply     0x008001e1        0x1 Main.o
                0x008001e1                apply
 .bss.reboot    0x008001e2        0x1 Main.o
                0x008001e2                reboot
 .bss.densitySetFlt
                0x008001e3        0x4 Main.o
                0x008001e3                densitySetFlt
 .bss.densitySet
                0x008001e7        0x2 Main.o
                0x008001e7                densitySet
 .bss.gasPartner
                0x008001e9        0x1 Main.o
                0x008001e9                gasPartner
 .bss.parity    0x008001ea        0x1 Main.o
                0x008001ea                parity
 .bss.baudRate  0x008001eb        0x1 Main.o
                0x008001eb                baudRate
 .bss.serialHigh
                0x008001ec        0x2 Main.o
                0x008001ec                serialHigh
 .bss.serialLow
                0x008001ee        0x2 Main.o
                0x008001ee                serialLow
 .bss.temperatureTian
                0x008001f0        0x4 Main.o
                0x008001f0                temperatureTian
 .bss.pressureTian
                0x008001f4        0x4 Main.o
                0x008001f4                pressureTian
 .bss.TREND     0x008001f8       0x54 Main.o
                0x008001f8                TREND
 .bss.tail      0x0080024c        0x1 Main.o
                0x0080024c                tail
 .bss.PIDFILTER
                0x0080024d       0x10 Main.o
                0x0080024d                PIDFILTER
 .bss.AVARAGED  0x0080025d       0x10 Main.o
                0x0080025d                AVARAGED
 .bss.pressAvar
                0x0080026d       0x30 Main.o
                0x0080026d                pressAvar
 .bss.RHAvar    0x0080029d       0x30 Main.o
                0x0080029d                RHAvar
 .bss.tempAvar  0x008002cd       0x30 Main.o
                0x008002cd                tempAvar
 .bss.RAW_temperatureTian
                0x008002fd        0x2 Main.o
                0x008002fd                RAW_temperatureTian
 .bss.RAW_pressureTian
                0x008002ff        0x2 Main.o
                0x008002ff                RAW_pressureTian
 .bss._rawTemperature
                0x00800301        0x2 Main.o
                0x00800301                _rawTemperature
 .bss._rawHumidity
                0x00800303        0x2 Main.o
                0x00800303                _rawHumidity
 .bss.negativeRHflag
                0x00800305        0x1 Main.o
                0x00800305                negativeRHflag
 .bss.SHT_Temp_FL
                0x00800306        0x4 Main.o
                0x00800306                SHT_Temp_FL
 .bss.RH_Tuned  0x0080030a        0x4 Main.o
                0x0080030a                RH_Tuned
 .bss.SHT_RH_FL
                0x0080030e        0x4 Main.o
                0x0080030e                SHT_RH_FL
 .bss.temperatureRAW
                0x00800312        0x4 Main.o
                0x00800312                temperatureRAW
 .bss.pressureRAW
                0x00800316        0x4 Main.o
                0x00800316                pressureRAW
 .bss.avarPosition
                0x0080031a        0x1 Main.o
                0x0080031a                avarPosition
 .bss.frostPoint
                0x0080031b        0x4 Main.o
                0x0080031b                frostPoint
 .bss.RH_RH_Atm
                0x0080031f        0x4 Main.o
                0x0080031f                RH_RH_Atm
 .bss.PPMm      0x00800323        0x4 Main.o
                0x00800323                PPMm
 .bss.PPMv      0x00800327        0x4 Main.o
                0x00800327                PPMv
 .bss.frostPointAtm
                0x0080032b        0x4 Main.o
                0x0080032b                frostPointAtm
 .bss.dewPointAtm
                0x0080032f        0x4 Main.o
                0x0080032f                dewPointAtm
 .bss.dewPoint  0x00800333        0x4 Main.o
                0x00800333                dewPoint
 .bss.Pw        0x00800337        0x4 Main.o
                0x00800337                Pw
 .bss.Pws       0x0080033b        0x4 Main.o
                0x0080033b                Pws
 .bss.pressure_MPa20Rel
                0x0080033f        0x4 Main.o
                0x0080033f                pressure_MPa20Rel
 .bss.pressure_MPa20
                0x00800343        0x4 Main.o
                0x00800343                pressure_MPa20
 .bss.pressure_Bar20Rel
                0x00800347        0x4 Main.o
                0x00800347                pressure_Bar20Rel
 .bss.warningLevel
                0x0080034b        0x1 Main.o
                0x0080034b                warningLevel
 .bss.alarmLevel
                0x0080034c        0x1 Main.o
                0x0080034c                alarmLevel
 .bss.pressure_Bar20
                0x0080034d        0x4 Main.o
                0x0080034d                pressure_Bar20
 .bss.overdensity
                0x00800351        0x1 Main.o
                0x00800351                overdensity
 .bss.liquefaction
                0x00800352        0x1 Main.o
                0x00800352                liquefaction
 .bss.gasDensityG
                0x00800353        0x4 Main.o
                0x00800353                gasDensityG
 .bss.temperatureF
                0x00800357        0x4 Main.o
                0x00800357                temperatureF
 .bss.temperatureK
                0x0080035b        0x4 Main.o
                0x0080035b                temperatureK
 .bss.temperatureC
                0x0080035f        0x4 Main.o
                0x0080035f                temperatureC
 .bss.RH_RH     0x00800363        0x4 Main.o
                0x00800363                RH_RH
 .bss.temperature
                0x00800367        0x4 Main.o
                0x00800367                temperature
 .bss.pressure  0x0080036b        0x4 Main.o
                0x0080036b                pressure
 .bss.pressure_Ncm2
                0x0080036f        0x4 Main.o
                0x0080036f                pressure_Ncm2
 .bss.pressure_Psi
                0x00800373        0x4 Main.o
                0x00800373                pressure_Psi
 .bss.pressure_Pa
                0x00800377        0x4 Main.o
                0x00800377                pressure_Pa
 .bss.pressure_MPa
                0x0080037b        0x4 Main.o
                0x0080037b                pressure_MPa
 .bss.pressure_Bar
                0x0080037f        0x4 Main.o
                0x0080037f                pressure_Bar
 .bss.pressure_kPa
                0x00800383        0x4 Main.o
                0x00800383                pressure_kPa
 .bss.shtSensorLost
                0x00800387        0x1 Main.o
                0x00800387                shtSensorLost
 .bss.errorInt  0x00800388        0x2 Main.o
                0x00800388                errorInt
 .bss.enableCPUheat
                0x0080038a        0x1 Main.o
                0x0080038a                enableCPUheat
 .bss.Heat_CPU_Current
                0x0080038b        0x2 Main.o
                0x0080038b                Heat_CPU_Current
 .bss.IGAS_mb_X
                0x0080038d       0x11 Main.o
                0x0080038d                IGAS_mb_X
 .bss.Serial    0x0080039e       0x22 src/LibFiles/cores/arduino/HardwareSerial.o
                0x0080039e                Serial
 .bss.tx_buffer
                0x008003c0       0x44 src/LibFiles/cores/arduino/HardwareSerial.o
                0x008003c0                tx_buffer
 .bss.rx_buffer
                0x00800404       0x44 src/LibFiles/cores/arduino/HardwareSerial.o
                0x00800404                rx_buffer
 .bss.timer2_pin_mask
                0x00800448        0x1 src/LibFiles/cores/arduino/Tone.o
                0x00800448                timer2_pin_mask
 .bss.timer2_pin_port
                0x00800449        0x2 src/LibFiles/cores/arduino/Tone.o
                0x00800449                timer2_pin_port
 .bss.timer2_toggle_count
                0x0080044b        0x4 src/LibFiles/cores/arduino/Tone.o
                0x0080044b                timer2_toggle_count
 .bss.twi_error
                0x0080044f        0x1 src/LibFiles/cores/arduino/utility/twi.o
 .bss.twi_rxBufferIndex
                0x00800450        0x1 src/LibFiles/cores/arduino/utility/twi.o
 .bss.twi_rxBuffer
                0x00800451       0x20 src/LibFiles/cores/arduino/utility/twi.o
 .bss.twi_txBufferLength
                0x00800471        0x1 src/LibFiles/cores/arduino/utility/twi.o
 .bss.twi_txBufferIndex
                0x00800472        0x1 src/LibFiles/cores/arduino/utility/twi.o
 .bss.twi_txBuffer
                0x00800473       0x20 src/LibFiles/cores/arduino/utility/twi.o
 .bss.twi_masterBufferLength
                0x00800493        0x1 src/LibFiles/cores/arduino/utility/twi.o
 .bss.twi_masterBufferIndex
                0x00800494        0x1 src/LibFiles/cores/arduino/utility/twi.o
 .bss.twi_masterBuffer
                0x00800495       0x20 src/LibFiles/cores/arduino/utility/twi.o
 .bss.twi_onSlaveReceive
                0x008004b5        0x2 src/LibFiles/cores/arduino/utility/twi.o
 .bss.twi_onSlaveTransmit
                0x008004b7        0x2 src/LibFiles/cores/arduino/utility/twi.o
 .bss.twi_inRepStart
                0x008004b9        0x1 src/LibFiles/cores/arduino/utility/twi.o
 .bss.twi_sendStop
                0x008004ba        0x1 src/LibFiles/cores/arduino/utility/twi.o
 .bss.twi_slarw
                0x008004bb        0x1 src/LibFiles/cores/arduino/utility/twi.o
 .bss.twi_state
                0x008004bc        0x1 src/LibFiles/cores/arduino/utility/twi.o
 .bss.intFunc   0x008004bd        0x4 src/LibFiles/cores/arduino/WInterrupts.o
 .bss.Wire      0x008004c1        0xc src/LibFiles/cores/arduino/Wire.o
                0x008004c1                Wire
 .bss._ZN7TwoWire14user_onReceiveE
                0x008004cd        0x2 src/LibFiles/cores/arduino/Wire.o
                0x008004cd                _ZN7TwoWire14user_onReceiveE
 .bss._ZN7TwoWire14user_onRequestE
                0x008004cf        0x2 src/LibFiles/cores/arduino/Wire.o
                0x008004cf                _ZN7TwoWire14user_onRequestE
 .bss._ZN7TwoWire12transmittingE
                0x008004d1        0x1 src/LibFiles/cores/arduino/Wire.o
                0x008004d1                _ZN7TwoWire12transmittingE
 .bss._ZN7TwoWire14txBufferLengthE
                0x008004d2        0x1 src/LibFiles/cores/arduino/Wire.o
                0x008004d2                _ZN7TwoWire14txBufferLengthE
 .bss._ZN7TwoWire13txBufferIndexE
                0x008004d3        0x1 src/LibFiles/cores/arduino/Wire.o
                0x008004d3                _ZN7TwoWire13txBufferIndexE
 .bss._ZN7TwoWire8txBufferE
                0x008004d4       0x20 src/LibFiles/cores/arduino/Wire.o
                0x008004d4                _ZN7TwoWire8txBufferE
 .bss._ZN7TwoWire9txAddressE
                0x008004f4        0x1 src/LibFiles/cores/arduino/Wire.o
                0x008004f4                _ZN7TwoWire9txAddressE
 .bss._ZN7TwoWire14rxBufferLengthE
                0x008004f5        0x1 src/LibFiles/cores/arduino/Wire.o
                0x008004f5                _ZN7TwoWire14rxBufferLengthE
 .bss._ZN7TwoWire13rxBufferIndexE
                0x008004f6        0x1 src/LibFiles/cores/arduino/Wire.o
                0x008004f6                _ZN7TwoWire13rxBufferIndexE
 .bss._ZN7TwoWire8rxBufferE
                0x008004f7       0x20 src/LibFiles/cores/arduino/Wire.o
                0x008004f7                _ZN7TwoWire8rxBufferE
 .bss.timer0_fract
                0x00800517        0x1 src/LibFiles/cores/arduino/wiring.o
 .bss.timer0_millis
                0x00800518        0x4 src/LibFiles/cores/arduino/wiring.o
                0x00800518                timer0_millis
 .bss.timer0_overflow_count
                0x0080051c        0x4 src/LibFiles/cores/arduino/wiring.o
                0x0080051c                timer0_overflow_count
 .bss._ZL17almost_total_bits
                0x00800520        0x1 src/LibFiles/libraries/AltSoftSerial.o
 .bss._ZL10total_bits
                0x00800521        0x1 src/LibFiles/libraries/AltSoftSerial.o
 .bss._ZL6parity
                0x00800522        0x1 src/LibFiles/libraries/AltSoftSerial.o
 .bss._ZL9stop_bits
                0x00800523        0x1 src/LibFiles/libraries/AltSoftSerial.o
 .bss._ZL9data_bits
                0x00800524        0x1 src/LibFiles/libraries/AltSoftSerial.o
 .bss._ZL9tx_parity
                0x00800525        0x1 src/LibFiles/libraries/AltSoftSerial.o
 .bss._ZL9tx_buffer
                0x00800526       0x16 src/LibFiles/libraries/AltSoftSerial.o
 .bss._ZL14tx_buffer_tail
                0x0080053c        0x1 src/LibFiles/libraries/AltSoftSerial.o
 .bss._ZL14tx_buffer_head
                0x0080053d        0x1 src/LibFiles/libraries/AltSoftSerial.o
 .bss._ZL6tx_bit
                0x0080053e        0x1 src/LibFiles/libraries/AltSoftSerial.o
 .bss._ZL7tx_byte
                0x0080053f        0x1 src/LibFiles/libraries/AltSoftSerial.o
 .bss._ZL8tx_state
                0x00800540        0x1 src/LibFiles/libraries/AltSoftSerial.o
 .bss._ZL9rx_buffer
                0x00800541       0x2a src/LibFiles/libraries/AltSoftSerial.o
 .bss._ZL14rx_buffer_tail
                0x0080056b        0x1 src/LibFiles/libraries/AltSoftSerial.o
 .bss._ZL14rx_buffer_head
                0x0080056c        0x1 src/LibFiles/libraries/AltSoftSerial.o
 .bss._ZL13rx_stop_ticks
                0x0080056d        0x2 src/LibFiles/libraries/AltSoftSerial.o
 .bss._ZL9rx_target
                0x0080056f        0x2 src/LibFiles/libraries/AltSoftSerial.o
 .bss._ZL6rx_bit
                0x00800571        0x1 src/LibFiles/libraries/AltSoftSerial.o
 .bss._ZL7rx_byte
                0x00800572        0x1 src/LibFiles/libraries/AltSoftSerial.o
 .bss._ZL8rx_state
                0x00800573        0x1 src/LibFiles/libraries/AltSoftSerial.o
 .bss._ZL13ticks_per_bit
                0x00800574        0x2 src/LibFiles/libraries/AltSoftSerial.o
 .bss.interframe_delay
                0x00800576        0x1 src/LibFiles/libraries/IGAS_485DN.o
                0x00800576                interframe_delay
 *(COMMON)
                0x00800577                PROVIDE (__bss_end, .)
                0x00005980                __data_load_start = LOADADDR (.data)
                0x000059ce                __data_load_end = (__data_load_start + SIZEOF (.data))

.noinit         0x00800577        0x0
                [!provide]                PROVIDE (__noinit_start, .)
 *(.noinit*)
                [!provide]                PROVIDE (__noinit_end, .)
                0x00800577                _end = .
                0x00800577                PROVIDE (__heap_start, .)

.eeprom         0x00810000        0x0
 *(.eeprom*)
                0x00810000                __eeprom_end = .

.fuse
 *(.fuse)
 *(.lfuse)
 *(.hfuse)
 *(.efuse)

.lock
 *(.lock*)

.signature
 *(.signature*)

.user_signatures
 *(.user_signatures*)

.stab
 *(.stab)

.stabstr
 *(.stabstr)

.stab.excl
 *(.stab.excl)

.stab.exclstr
 *(.stab.exclstr)

.stab.index
 *(.stab.index)

.stab.indexstr
 *(.stab.indexstr)

.comment        0x00000000       0x30
 *(.comment)
 .comment       0x00000000       0x30 Main.o
                                 0x31 (size before relaxing)
 .comment       0x00000030       0x31 src/LibFiles/cores/arduino/HardwareSerial.o
 .comment       0x00000030       0x31 src/LibFiles/cores/arduino/main.o
 .comment       0x00000030       0x31 src/LibFiles/cores/arduino/Print.o
 .comment       0x00000030       0x31 src/LibFiles/cores/arduino/Stream.o
 .comment       0x00000030       0x31 src/LibFiles/cores/arduino/Tone.o
 .comment       0x00000030       0x31 src/LibFiles/cores/arduino/utility/twi.o
 .comment       0x00000030       0x31 src/LibFiles/cores/arduino/WInterrupts.o
 .comment       0x00000030       0x31 src/LibFiles/cores/arduino/Wire.o
 .comment       0x00000030       0x31 src/LibFiles/cores/arduino/wiring.o
 .comment       0x00000030       0x31 src/LibFiles/cores/arduino/wiring_analog.o
 .comment       0x00000030       0x31 src/LibFiles/cores/arduino/wiring_digital.o
 .comment       0x00000030       0x31 src/LibFiles/libraries/AltSoftSerial.o
 .comment       0x00000030       0x31 src/LibFiles/libraries/IGAS_485DN.o
 .comment       0x00000030       0x31 src/LibFiles/libraries/TimerOne.o

.note.gnu.avr.deviceinfo
                0x00000000       0x40
 .note.gnu.avr.deviceinfo
                0x00000000       0x40 C:/Program Files (x86)/Atmel/Studio/7.0/Packs/Atmel/ATmega_DFP/1.7.374/gcc/dev/atmega328p/avr5/crtatmega328p.o

.note.gnu.build-id
 *(.note.gnu.build-id)

.debug
 *(.debug)

.line
 *(.line)

.debug_srcinfo
 *(.debug_srcinfo)

.debug_sfnames
 *(.debug_sfnames)

.debug_aranges  0x00000000       0x40
 *(.debug_aranges)
 .debug_aranges
                0x00000000       0x20 C:/Program Files (x86)/Atmel/Studio/7.0/Packs/Atmel/ATmega_DFP/1.7.374/gcc/dev/atmega328p/avr5\libatmega328p.a(eerd_byte.o)
 .debug_aranges
                0x00000020       0x20 C:/Program Files (x86)/Atmel/Studio/7.0/Packs/Atmel/ATmega_DFP/1.7.374/gcc/dev/atmega328p/avr5\libatmega328p.a(eewr_byte.o)

.debug_pubnames
 *(.debug_pubnames)

.debug_info     0x00000000      0x728
 *(.debug_info .gnu.linkonce.wi.*)
 .debug_info    0x00000000      0x5f4 C:/Program Files (x86)/Atmel/Studio/7.0/Packs/Atmel/ATmega_DFP/1.7.374/gcc/dev/atmega328p/avr5/crtatmega328p.o
 .debug_info    0x000005f4       0x9a C:/Program Files (x86)/Atmel/Studio/7.0/Packs/Atmel/ATmega_DFP/1.7.374/gcc/dev/atmega328p/avr5\libatmega328p.a(eerd_byte.o)
 .debug_info    0x0000068e       0x9a C:/Program Files (x86)/Atmel/Studio/7.0/Packs/Atmel/ATmega_DFP/1.7.374/gcc/dev/atmega328p/avr5\libatmega328p.a(eewr_byte.o)

.debug_abbrev   0x00000000      0x5ca
 *(.debug_abbrev)
 .debug_abbrev  0x00000000      0x5a2 C:/Program Files (x86)/Atmel/Studio/7.0/Packs/Atmel/ATmega_DFP/1.7.374/gcc/dev/atmega328p/avr5/crtatmega328p.o
 .debug_abbrev  0x000005a2       0x14 C:/Program Files (x86)/Atmel/Studio/7.0/Packs/Atmel/ATmega_DFP/1.7.374/gcc/dev/atmega328p/avr5\libatmega328p.a(eerd_byte.o)
 .debug_abbrev  0x000005b6       0x14 C:/Program Files (x86)/Atmel/Studio/7.0/Packs/Atmel/ATmega_DFP/1.7.374/gcc/dev/atmega328p/avr5\libatmega328p.a(eewr_byte.o)

.debug_line     0x00000000      0x24c
 *(.debug_line .debug_line.* .debug_line_end)
 .debug_line    0x00000000      0x134 C:/Program Files (x86)/Atmel/Studio/7.0/Packs/Atmel/ATmega_DFP/1.7.374/gcc/dev/atmega328p/avr5/crtatmega328p.o
 .debug_line    0x00000134       0x7a C:/Program Files (x86)/Atmel/Studio/7.0/Packs/Atmel/ATmega_DFP/1.7.374/gcc/dev/atmega328p/avr5\libatmega328p.a(eerd_byte.o)
 .debug_line    0x000001ae       0x9e C:/Program Files (x86)/Atmel/Studio/7.0/Packs/Atmel/ATmega_DFP/1.7.374/gcc/dev/atmega328p/avr5\libatmega328p.a(eewr_byte.o)

.debug_frame
 *(.debug_frame)

.debug_str      0x00000000      0x208
 *(.debug_str)
 .debug_str     0x00000000      0x208 C:/Program Files (x86)/Atmel/Studio/7.0/Packs/Atmel/ATmega_DFP/1.7.374/gcc/dev/atmega328p/avr5/crtatmega328p.o

.debug_loc
 *(.debug_loc)

.debug_macinfo
 *(.debug_macinfo)

.debug_weaknames
 *(.debug_weaknames)

.debug_funcnames
 *(.debug_funcnames)

.debug_typenames
 *(.debug_typenames)

.debug_varnames
 *(.debug_varnames)

.debug_pubtypes
 *(.debug_pubtypes)

.debug_ranges
 *(.debug_ranges)

.debug_macro
 *(.debug_macro)
OUTPUT(DM-910-x.elf elf32-avr)
LOAD linker stubs
