warning: Tag 'CLASS_DIAGRAMS' at line 173 of file 'Doxyfile' has become obsolete.
         To avoid this warning please remove this line from your configuration file or upgrade it using "doxygen -u"
warning: Changing CLASS_GRAPH option to TEXT because obsolete option CLASS_DIAGRAM was found and set to NO.
Doxygen version used: 1.15.0 (7cca38ba5185457e6d9495bf963d4cdeacebc25a)
Searching for include files...
Searching for files in directory C:/DoxygenFolder/Config
Searching for files in directory C:/DoxygenFolder/app
Searching for files in directory C:/DoxygenFolder/app/config
Searching for files in directory C:/DoxygenFolder/app/diagnostics
Searching for files in directory C:/DoxygenFolder/app/ethernet
Searching for files in directory C:/DoxygenFolder/app/field
Searching for files in directory C:/DoxygenFolder/app/x2x
Searching for files in directory C:/DoxygenFolder/app/x2x/modules
Searching for files in directory C:/DoxygenFolder/board
Searching for files in directory C:/DoxygenFolder/hal
Searching for files in directory C:/DoxygenFolder/platform
Searching for files in directory C:/DoxygenFolder/protocol/modbus_rtu
Searching for files in directory C:/DoxygenFolder/protocol/modbus_tcp
Searching for files in directory C:/DoxygenFolder/libs/lcp_crc32
Searching for files in directory C:/DoxygenFolder/libs/lcp_sd_storage
Searching for example files...
Searching for images...
Searching for dot files...
Searching for msc files...
Searching for dia files...
Searching for plantuml files...
Searching for files to exclude
Searching for files in directory C:/DoxygenFolder/middleware/FreeRTOS-Kernel
Searching for files in directory C:/DoxygenFolder/middleware/FreeRTOS-Kernel/include
Searching for files in directory C:/DoxygenFolder/middleware/FreeRTOS-Kernel/portable
Searching for files in directory C:/DoxygenFolder/middleware/FreeRTOS-Kernel/portable/GCC
Searching for files in directory C:/DoxygenFolder/middleware/FreeRTOS-Kernel/portable/GCC/ARM_CM3
Searching for files in directory C:/DoxygenFolder/middleware/FreeRTOS-Kernel/portable/MemMang
Searching for files in directory C:/DoxygenFolder/libs/SAM_USB
Searching for files in directory C:/DoxygenFolder/Device_Startup
Searching for files in directory C:/DoxygenFolder/tools
Searching for files in directory C:/DoxygenFolder/tools/__pycache__
Searching for files in directory C:/DoxygenFolder/sd_card
Searching for files in directory C:/DoxygenFolder/docs/doxygen
Searching for files in directory C:/DoxygenFolder/docs/doxygen/html
Searching for files in directory C:/DoxygenFolder/Release
Searching for files in directory C:/DoxygenFolder/Release/app
Searching for files in directory C:/DoxygenFolder/Release/app/config
Searching for files in directory C:/DoxygenFolder/Release/app/diagnostics
Searching for files in directory C:/DoxygenFolder/Release/app/ethernet
Searching for files in directory C:/DoxygenFolder/Release/app/field
Searching for files in directory C:/DoxygenFolder/Release/app/x2x
Searching for files in directory C:/DoxygenFolder/Release/app/x2x/modules
Searching for files in directory C:/DoxygenFolder/Release/board
Searching for files in directory C:/DoxygenFolder/Release/Config
Searching for files in directory C:/DoxygenFolder/Release/Device_Startup
Searching for files in directory C:/DoxygenFolder/Release/hal
Searching for files in directory C:/DoxygenFolder/Release/libs
Searching for files in directory C:/DoxygenFolder/Release/libs/lcp_crc32
Searching for files in directory C:/DoxygenFolder/Release/libs/lcp_sd_storage
Searching for files in directory C:/DoxygenFolder/Release/libs/SAM_USB
Searching for files in directory C:/DoxygenFolder/Release/middleware
Searching for files in directory C:/DoxygenFolder/Release/middleware/FreeRTOS-Kernel
Searching for files in directory C:/DoxygenFolder/Release/middleware/FreeRTOS-Kernel/include
Searching for files in directory C:/DoxygenFolder/Release/middleware/FreeRTOS-Kernel/portable
Searching for files in directory C:/DoxygenFolder/Release/middleware/FreeRTOS-Kernel/portable/GCC
Searching for files in directory C:/DoxygenFolder/Release/middleware/FreeRTOS-Kernel/portable/GCC/ARM_CM3
Searching for files in directory C:/DoxygenFolder/Release/middleware/FreeRTOS-Kernel/portable/MemMang
Searching for files in directory C:/DoxygenFolder/Release/platform
Searching for files in directory C:/DoxygenFolder/Release/protocol
Searching for files in directory C:/DoxygenFolder/Release/protocol/modbus_rtu
Searching for files in directory C:/DoxygenFolder/Release/protocol/modbus_tcp
Searching for files in directory C:/DoxygenFolder/.vs
Searching for files in directory C:/DoxygenFolder/.vs/LCP_Basic
Searching for files in directory C:/DoxygenFolder/.vs/LCP_Basic/v14
Searching INPUT for files to process...
Searching for files in directory C:/DoxygenFolder/app
Searching for files in directory C:/DoxygenFolder/app/config
Searching for files in directory C:/DoxygenFolder/app/diagnostics
Searching for files in directory C:/DoxygenFolder/app/ethernet
Searching for files in directory C:/DoxygenFolder/app/field
Searching for files in directory C:/DoxygenFolder/app/x2x
Searching for files in directory C:/DoxygenFolder/app/x2x/modules
Searching for files in directory C:/DoxygenFolder/board
Searching for files in directory C:/DoxygenFolder/hal
Searching for files in directory C:/DoxygenFolder/platform
Searching for files in directory C:/DoxygenFolder/protocol
Searching for files in directory C:/DoxygenFolder/protocol/modbus_rtu
Searching for files in directory C:/DoxygenFolder/protocol/modbus_tcp
Searching for files in directory C:/DoxygenFolder/libs/lcp_crc32
Searching for files in directory C:/DoxygenFolder/libs/lcp_sd_storage
Reading and parsing tag files
Parsing files
Reading C:/DoxygenFolder/README.md...
Reading C:/DoxygenFolder/DOXYGEN_COMMANDS.md...
Preprocessing C:/DoxygenFolder/main.cpp...
Parsing file C:/DoxygenFolder/main.cpp...
Preprocessing C:/DoxygenFolder/Config/FreeRTOSConfig.h...
Parsing file C:/DoxygenFolder/Config/FreeRTOSConfig.h...
Preprocessing C:/DoxygenFolder/app/app.cpp...
Parsing file C:/DoxygenFolder/app/app.cpp...
Preprocessing C:/DoxygenFolder/app/app.hpp...
Parsing file C:/DoxygenFolder/app/app.hpp...
Preprocessing C:/DoxygenFolder/app/config/lcp_config_bundle.cpp...
Parsing file C:/DoxygenFolder/app/config/lcp_config_bundle.cpp...
Preprocessing C:/DoxygenFolder/app/config/lcp_config_bundle.hpp...
Parsing file C:/DoxygenFolder/app/config/lcp_config_bundle.hpp...
Preprocessing C:/DoxygenFolder/app/config/lcp_config_service.cpp...
Parsing file C:/DoxygenFolder/app/config/lcp_config_service.cpp...
Preprocessing C:/DoxygenFolder/app/config/lcp_config_service.hpp...
Parsing file C:/DoxygenFolder/app/config/lcp_config_service.hpp...
Preprocessing C:/DoxygenFolder/app/config/lcp_config_usb_transport.hpp...
Parsing file C:/DoxygenFolder/app/config/lcp_config_usb_transport.hpp...
Preprocessing C:/DoxygenFolder/app/diagnostics/battery_status.cpp...
Parsing file C:/DoxygenFolder/app/diagnostics/battery_status.cpp...
Preprocessing C:/DoxygenFolder/app/diagnostics/battery_status.hpp...
Parsing file C:/DoxygenFolder/app/diagnostics/battery_status.hpp...
Preprocessing C:/DoxygenFolder/app/diagnostics/config_status.cpp...
Parsing file C:/DoxygenFolder/app/diagnostics/config_status.cpp...
Preprocessing C:/DoxygenFolder/app/diagnostics/config_status.hpp...
Parsing file C:/DoxygenFolder/app/diagnostics/config_status.hpp...
Preprocessing C:/DoxygenFolder/app/diagnostics/diagnostic_console.cpp...
Parsing file C:/DoxygenFolder/app/diagnostics/diagnostic_console.cpp...
Preprocessing C:/DoxygenFolder/app/diagnostics/diagnostic_console.hpp...
Parsing file C:/DoxygenFolder/app/diagnostics/diagnostic_console.hpp...
Preprocessing C:/DoxygenFolder/app/diagnostics/diagnostic_output.hpp...
Parsing file C:/DoxygenFolder/app/diagnostics/diagnostic_output.hpp...
Preprocessing C:/DoxygenFolder/app/diagnostics/ethernet_status.cpp...
Parsing file C:/DoxygenFolder/app/diagnostics/ethernet_status.cpp...
Preprocessing C:/DoxygenFolder/app/diagnostics/ethernet_status.hpp...
Parsing file C:/DoxygenFolder/app/diagnostics/ethernet_status.hpp...
Preprocessing C:/DoxygenFolder/app/diagnostics/field_status.cpp...
Parsing file C:/DoxygenFolder/app/diagnostics/field_status.cpp...
Preprocessing C:/DoxygenFolder/app/diagnostics/field_status.hpp...
Parsing file C:/DoxygenFolder/app/diagnostics/field_status.hpp...
Preprocessing C:/DoxygenFolder/app/diagnostics/rs485_echo_test.cpp...
Parsing file C:/DoxygenFolder/app/diagnostics/rs485_echo_test.cpp...
Preprocessing C:/DoxygenFolder/app/diagnostics/rs485_echo_test.hpp...
Parsing file C:/DoxygenFolder/app/diagnostics/rs485_echo_test.hpp...
Preprocessing C:/DoxygenFolder/app/diagnostics/rtc_status.cpp...
Parsing file C:/DoxygenFolder/app/diagnostics/rtc_status.cpp...
Preprocessing C:/DoxygenFolder/app/diagnostics/rtc_status.hpp...
Parsing file C:/DoxygenFolder/app/diagnostics/rtc_status.hpp...
Preprocessing C:/DoxygenFolder/app/diagnostics/sc16is_echo_test.cpp...
Parsing file C:/DoxygenFolder/app/diagnostics/sc16is_echo_test.cpp...
Preprocessing C:/DoxygenFolder/app/diagnostics/sc16is_echo_test.hpp...
Parsing file C:/DoxygenFolder/app/diagnostics/sc16is_echo_test.hpp...
Preprocessing C:/DoxygenFolder/app/diagnostics/sd_card_test.cpp...
Parsing file C:/DoxygenFolder/app/diagnostics/sd_card_test.cpp...
Preprocessing C:/DoxygenFolder/app/diagnostics/sd_card_test.hpp...
Parsing file C:/DoxygenFolder/app/diagnostics/sd_card_test.hpp...
Preprocessing C:/DoxygenFolder/app/diagnostics/sd_config.cpp...
Parsing file C:/DoxygenFolder/app/diagnostics/sd_config.cpp...
Preprocessing C:/DoxygenFolder/app/diagnostics/sd_config.hpp...
Parsing file C:/DoxygenFolder/app/diagnostics/sd_config.hpp...
Preprocessing C:/DoxygenFolder/app/diagnostics/watchdog_status.cpp...
Parsing file C:/DoxygenFolder/app/diagnostics/watchdog_status.cpp...
Preprocessing C:/DoxygenFolder/app/diagnostics/watchdog_status.hpp...
Parsing file C:/DoxygenFolder/app/diagnostics/watchdog_status.hpp...
Preprocessing C:/DoxygenFolder/app/diagnostics/x2x_status.cpp...
Parsing file C:/DoxygenFolder/app/diagnostics/x2x_status.cpp...
Preprocessing C:/DoxygenFolder/app/diagnostics/x2x_status.hpp...
Parsing file C:/DoxygenFolder/app/diagnostics/x2x_status.hpp...
Preprocessing C:/DoxygenFolder/app/ethernet/ethernet_modbus_service.cpp...
Parsing file C:/DoxygenFolder/app/ethernet/ethernet_modbus_service.cpp...
Preprocessing C:/DoxygenFolder/app/ethernet/ethernet_modbus_service.hpp...
Parsing file C:/DoxygenFolder/app/ethernet/ethernet_modbus_service.hpp...
Preprocessing C:/DoxygenFolder/app/ethernet/ethernet_network_config.cpp...
Parsing file C:/DoxygenFolder/app/ethernet/ethernet_network_config.cpp...
Preprocessing C:/DoxygenFolder/app/ethernet/ethernet_network_config.hpp...
Parsing file C:/DoxygenFolder/app/ethernet/ethernet_network_config.hpp...
Preprocessing C:/DoxygenFolder/app/field/field_sensor_service.cpp...
Parsing file C:/DoxygenFolder/app/field/field_sensor_service.cpp...
Preprocessing C:/DoxygenFolder/app/field/field_sensor_service.hpp...
Parsing file C:/DoxygenFolder/app/field/field_sensor_service.hpp...
Preprocessing C:/DoxygenFolder/app/field/field_sensor_slave_example.cpp...
Parsing file C:/DoxygenFolder/app/field/field_sensor_slave_example.cpp...
Preprocessing C:/DoxygenFolder/app/field/field_serial_config.cpp...
Parsing file C:/DoxygenFolder/app/field/field_serial_config.cpp...
Preprocessing C:/DoxygenFolder/app/field/field_serial_config.hpp...
Parsing file C:/DoxygenFolder/app/field/field_serial_config.hpp...
Preprocessing C:/DoxygenFolder/app/version.hpp...
Parsing file C:/DoxygenFolder/app/version.hpp...
Preprocessing C:/DoxygenFolder/app/x2x/modules/x2x_lai.cpp...
Parsing file C:/DoxygenFolder/app/x2x/modules/x2x_lai.cpp...
Preprocessing C:/DoxygenFolder/app/x2x/modules/x2x_lct.cpp...
Parsing file C:/DoxygenFolder/app/x2x/modules/x2x_lct.cpp...
Preprocessing C:/DoxygenFolder/app/x2x/modules/x2x_ldi.cpp...
Parsing file C:/DoxygenFolder/app/x2x/modules/x2x_ldi.cpp...
Preprocessing C:/DoxygenFolder/app/x2x/modules/x2x_ldo.cpp...
Parsing file C:/DoxygenFolder/app/x2x/modules/x2x_ldo.cpp...
Preprocessing C:/DoxygenFolder/app/x2x/modules/x2x_module_common.cpp...
Parsing file C:/DoxygenFolder/app/x2x/modules/x2x_module_common.cpp...
Preprocessing C:/DoxygenFolder/app/x2x/modules/x2x_module_common.hpp...
Parsing file C:/DoxygenFolder/app/x2x/modules/x2x_module_common.hpp...
Preprocessing C:/DoxygenFolder/app/x2x/modules/x2x_module_drivers.hpp...
Parsing file C:/DoxygenFolder/app/x2x/modules/x2x_module_drivers.hpp...
Preprocessing C:/DoxygenFolder/app/x2x/x2x_catalog.cpp...
Parsing file C:/DoxygenFolder/app/x2x/x2x_catalog.cpp...
Preprocessing C:/DoxygenFolder/app/x2x/x2x_catalog.hpp...
Parsing file C:/DoxygenFolder/app/x2x/x2x_catalog.hpp...
Preprocessing C:/DoxygenFolder/app/x2x/x2x_config.cpp...
Parsing file C:/DoxygenFolder/app/x2x/x2x_config.cpp...
Preprocessing C:/DoxygenFolder/app/x2x/x2x_config.hpp...
Parsing file C:/DoxygenFolder/app/x2x/x2x_config.hpp...
Preprocessing C:/DoxygenFolder/app/x2x/x2x_module.hpp...
Parsing file C:/DoxygenFolder/app/x2x/x2x_module.hpp...
Preprocessing C:/DoxygenFolder/app/x2x/x2x_registry.cpp...
Parsing file C:/DoxygenFolder/app/x2x/x2x_registry.cpp...
Preprocessing C:/DoxygenFolder/app/x2x/x2x_registry.hpp...
Parsing file C:/DoxygenFolder/app/x2x/x2x_registry.hpp...
Preprocessing C:/DoxygenFolder/app/x2x/x2x_service.cpp...
Parsing file C:/DoxygenFolder/app/x2x/x2x_service.cpp...
Preprocessing C:/DoxygenFolder/app/x2x/x2x_service.hpp...
Parsing file C:/DoxygenFolder/app/x2x/x2x_service.hpp...
Preprocessing C:/DoxygenFolder/app/x2x/x2x_types.hpp...
Parsing file C:/DoxygenFolder/app/x2x/x2x_types.hpp...
Preprocessing C:/DoxygenFolder/board/lcp_battery.cpp...
Parsing file C:/DoxygenFolder/board/lcp_battery.cpp...
Preprocessing C:/DoxygenFolder/board/lcp_battery.hpp...
Parsing file C:/DoxygenFolder/board/lcp_battery.hpp...
Preprocessing C:/DoxygenFolder/board/lcp_board.cpp...
Parsing file C:/DoxygenFolder/board/lcp_board.cpp...
Preprocessing C:/DoxygenFolder/board/lcp_board.hpp...
Parsing file C:/DoxygenFolder/board/lcp_board.hpp...
Preprocessing C:/DoxygenFolder/board/lcp_ethernet.cpp...
Parsing file C:/DoxygenFolder/board/lcp_ethernet.cpp...
Preprocessing C:/DoxygenFolder/board/lcp_ethernet.hpp...
Parsing file C:/DoxygenFolder/board/lcp_ethernet.hpp...
Preprocessing C:/DoxygenFolder/board/lcp_field_ports.cpp...
Parsing file C:/DoxygenFolder/board/lcp_field_ports.cpp...
Preprocessing C:/DoxygenFolder/board/lcp_field_ports.hpp...
Parsing file C:/DoxygenFolder/board/lcp_field_ports.hpp...
Preprocessing C:/DoxygenFolder/board/lcp_rs485.cpp...
Parsing file C:/DoxygenFolder/board/lcp_rs485.cpp...
Preprocessing C:/DoxygenFolder/board/lcp_rs485.hpp...
Parsing file C:/DoxygenFolder/board/lcp_rs485.hpp...
Preprocessing C:/DoxygenFolder/board/lcp_sc16is.cpp...
Parsing file C:/DoxygenFolder/board/lcp_sc16is.cpp...
Preprocessing C:/DoxygenFolder/board/lcp_sc16is.hpp...
Parsing file C:/DoxygenFolder/board/lcp_sc16is.hpp...
Preprocessing C:/DoxygenFolder/board/lcp_sd.cpp...
Parsing file C:/DoxygenFolder/board/lcp_sd.cpp...
Preprocessing C:/DoxygenFolder/board/lcp_sd.hpp...
Parsing file C:/DoxygenFolder/board/lcp_sd.hpp...
Preprocessing C:/DoxygenFolder/board/lcp_usb_identity.hpp...
Parsing file C:/DoxygenFolder/board/lcp_usb_identity.hpp...
Preprocessing C:/DoxygenFolder/board/lcp_x2x_port.cpp...
Parsing file C:/DoxygenFolder/board/lcp_x2x_port.cpp...
Preprocessing C:/DoxygenFolder/board/lcp_x2x_port.hpp...
Parsing file C:/DoxygenFolder/board/lcp_x2x_port.hpp...
Preprocessing C:/DoxygenFolder/hal/sam3x_device.hpp...
Parsing file C:/DoxygenFolder/hal/sam3x_device.hpp...
Preprocessing C:/DoxygenFolder/hal/sam3x_gpio.cpp...
Parsing file C:/DoxygenFolder/hal/sam3x_gpio.cpp...
Preprocessing C:/DoxygenFolder/hal/sam3x_gpio.hpp...
Parsing file C:/DoxygenFolder/hal/sam3x_gpio.hpp...
Preprocessing C:/DoxygenFolder/hal/sam3x_internal_flash.cpp...
Parsing file C:/DoxygenFolder/hal/sam3x_internal_flash.cpp...
Preprocessing C:/DoxygenFolder/hal/sam3x_internal_flash.hpp...
Parsing file C:/DoxygenFolder/hal/sam3x_internal_flash.hpp...
Preprocessing C:/DoxygenFolder/hal/sam3x_rtc.cpp...
Parsing file C:/DoxygenFolder/hal/sam3x_rtc.cpp...
Preprocessing C:/DoxygenFolder/hal/sam3x_rtc.hpp...
Parsing file C:/DoxygenFolder/hal/sam3x_rtc.hpp...
Preprocessing C:/DoxygenFolder/hal/sam3x_spi.cpp...
Parsing file C:/DoxygenFolder/hal/sam3x_spi.cpp...
Preprocessing C:/DoxygenFolder/hal/sam3x_spi.hpp...
Parsing file C:/DoxygenFolder/hal/sam3x_spi.hpp...
Preprocessing C:/DoxygenFolder/hal/sam3x_tick.cpp...
Parsing file C:/DoxygenFolder/hal/sam3x_tick.cpp...
Preprocessing C:/DoxygenFolder/hal/sam3x_tick.hpp...
Parsing file C:/DoxygenFolder/hal/sam3x_tick.hpp...
Preprocessing C:/DoxygenFolder/hal/sam3x_uart.cpp...
Parsing file C:/DoxygenFolder/hal/sam3x_uart.cpp...
Preprocessing C:/DoxygenFolder/hal/sam3x_uart.hpp...
Parsing file C:/DoxygenFolder/hal/sam3x_uart.hpp...
Preprocessing C:/DoxygenFolder/hal/sam3x_uart_status.cpp...
Parsing file C:/DoxygenFolder/hal/sam3x_uart_status.cpp...
Preprocessing C:/DoxygenFolder/hal/sam3x_watchdog.cpp...
Parsing file C:/DoxygenFolder/hal/sam3x_watchdog.cpp...
Preprocessing C:/DoxygenFolder/hal/sam3x_watchdog.hpp...
Parsing file C:/DoxygenFolder/hal/sam3x_watchdog.hpp...
Preprocessing C:/DoxygenFolder/hal/sc16is7xx.cpp...
Parsing file C:/DoxygenFolder/hal/sc16is7xx.cpp...
Preprocessing C:/DoxygenFolder/hal/sc16is7xx.hpp...
Parsing file C:/DoxygenFolder/hal/sc16is7xx.hpp...
Preprocessing C:/DoxygenFolder/hal/w5500_lite.cpp...
Parsing file C:/DoxygenFolder/hal/w5500_lite.cpp...
Preprocessing C:/DoxygenFolder/hal/w5500_lite.hpp...
Parsing file C:/DoxygenFolder/hal/w5500_lite.hpp...
Preprocessing C:/DoxygenFolder/platform/binary_constants.hpp...
Parsing file C:/DoxygenFolder/platform/binary_constants.hpp...
Preprocessing C:/DoxygenFolder/platform/newlib_stubs.c...
Parsing file C:/DoxygenFolder/platform/newlib_stubs.c...
Preprocessing C:/DoxygenFolder/platform/platform.hpp...
Parsing file C:/DoxygenFolder/platform/platform.hpp...
Preprocessing C:/DoxygenFolder/platform/platform_gpio.cpp...
Parsing file C:/DoxygenFolder/platform/platform_gpio.cpp...
Preprocessing C:/DoxygenFolder/platform/platform_serial.cpp...
Parsing file C:/DoxygenFolder/platform/platform_serial.cpp...
Preprocessing C:/DoxygenFolder/platform/platform_spi.cpp...
Parsing file C:/DoxygenFolder/platform/platform_spi.cpp...
Preprocessing C:/DoxygenFolder/platform/platform_time.cpp...
Parsing file C:/DoxygenFolder/platform/platform_time.cpp...
Preprocessing C:/DoxygenFolder/platform/print.cpp...
Parsing file C:/DoxygenFolder/platform/print.cpp...
Preprocessing C:/DoxygenFolder/platform/print.hpp...
Parsing file C:/DoxygenFolder/platform/print.hpp...
Preprocessing C:/DoxygenFolder/platform/serial_port.cpp...
Parsing file C:/DoxygenFolder/platform/serial_port.cpp...
Preprocessing C:/DoxygenFolder/platform/serial_port.hpp...
Parsing file C:/DoxygenFolder/platform/serial_port.hpp...
Preprocessing C:/DoxygenFolder/platform/spi.cpp...
Parsing file C:/DoxygenFolder/platform/spi.cpp...
Preprocessing C:/DoxygenFolder/platform/spi.hpp...
Parsing file C:/DoxygenFolder/platform/spi.hpp...
Preprocessing C:/DoxygenFolder/platform/syscalls.c...
Parsing file C:/DoxygenFolder/platform/syscalls.c...
Preprocessing C:/DoxygenFolder/protocol/modbus_rtu/modbus_rtu_crc.cpp...
Parsing file C:/DoxygenFolder/protocol/modbus_rtu/modbus_rtu_crc.cpp...
Preprocessing C:/DoxygenFolder/protocol/modbus_rtu/modbus_rtu_crc.hpp...
Parsing file C:/DoxygenFolder/protocol/modbus_rtu/modbus_rtu_crc.hpp...
Preprocessing C:/DoxygenFolder/protocol/modbus_rtu/modbus_rtu_master.cpp...
Parsing file C:/DoxygenFolder/protocol/modbus_rtu/modbus_rtu_master.cpp...
Preprocessing C:/DoxygenFolder/protocol/modbus_rtu/modbus_rtu_master.hpp...
Parsing file C:/DoxygenFolder/protocol/modbus_rtu/modbus_rtu_master.hpp...
Preprocessing C:/DoxygenFolder/protocol/modbus_rtu/modbus_rtu_slave.cpp...
Parsing file C:/DoxygenFolder/protocol/modbus_rtu/modbus_rtu_slave.cpp...
Preprocessing C:/DoxygenFolder/protocol/modbus_rtu/modbus_rtu_slave.hpp...
Parsing file C:/DoxygenFolder/protocol/modbus_rtu/modbus_rtu_slave.hpp...
Preprocessing C:/DoxygenFolder/protocol/modbus_tcp/modbus_tcp_server.cpp...
Parsing file C:/DoxygenFolder/protocol/modbus_tcp/modbus_tcp_server.cpp...
Preprocessing C:/DoxygenFolder/protocol/modbus_tcp/modbus_tcp_server.hpp...
Parsing file C:/DoxygenFolder/protocol/modbus_tcp/modbus_tcp_server.hpp...
Preprocessing C:/DoxygenFolder/libs/lcp_crc32/lcp_crc32.cpp...
Parsing file C:/DoxygenFolder/libs/lcp_crc32/lcp_crc32.cpp...
Preprocessing C:/DoxygenFolder/libs/lcp_crc32/lcp_crc32.hpp...
Parsing file C:/DoxygenFolder/libs/lcp_crc32/lcp_crc32.hpp...
Preprocessing C:/DoxygenFolder/libs/lcp_sd_storage/lcp_sd_storage.cpp...
Parsing file C:/DoxygenFolder/libs/lcp_sd_storage/lcp_sd_storage.cpp...
Preprocessing C:/DoxygenFolder/libs/lcp_sd_storage/lcp_sd_storage.hpp...
Parsing file C:/DoxygenFolder/libs/lcp_sd_storage/lcp_sd_storage.hpp...
Building macro definition list...
Building group list...
Building directory list...
Building namespace list...
Building file list...
Building class list...
Building concept list...
Computing nesting relations for classes...
Associating documentation with classes...
Associating documentation with concepts...
Associating documentation with modules...
Building example list...
Searching for enumerations...
Searching for documented typedefs...
Searching for members imported via using declarations...
Searching for included using directives...
Searching for documented variables...
Building interface member list...
Building member list...
Searching for friends...
Searching for documented defines...
Computing class inheritance relations...
Computing class usage relations...
Flushing cached template relations that have become invalid...
Warn for undocumented namespaces...
Computing class relations...
Add enum values to enums...
Searching for member function documentation...
Creating members for template instances...
Building page list...
Search for main page...
Computing page relations...
Determining the scope of groups...
Computing module relations...
Sorting lists...
Determining which enums are documented
Computing member relations...
Building full member lists recursively...
Adding members to member groups.
Computing member references...
Inheriting documentation...
Generating disk names...
Adding source references...
Adding xrefitems...
Sorting member lists...
Setting anonymous enum type...
Computing dependencies between directories...
Generating citations page...
Counting members...
Counting data structures...
Resolving user defined references...
Finding anchors and sections in the documentation...
Transferring function references...
Combining using relations...
Adding members to index pages...
Correcting members for VHDL...
Computing tooltip texts...
Generating style sheet...
Generating search indices...
Generating example documentation...
Generating file sources...
Generating code for file app/app.cpp...
Generating code for file app/app.hpp...
Generating code for file app/config/lcp_config_bundle.cpp...
Generating code for file app/config/lcp_config_bundle.hpp...
Generating code for file app/config/lcp_config_service.cpp...
Generating code for file app/config/lcp_config_service.hpp...
Generating code for file app/config/lcp_config_usb_transport.hpp...
Generating code for file app/diagnostics/battery_status.cpp...
Generating code for file app/diagnostics/battery_status.hpp...
Generating code for file app/diagnostics/config_status.cpp...
Generating code for file app/diagnostics/config_status.hpp...
Generating code for file app/diagnostics/diagnostic_console.cpp...
Generating code for file app/diagnostics/diagnostic_console.hpp...
Generating code for file app/diagnostics/diagnostic_output.hpp...
Generating code for file app/diagnostics/ethernet_status.cpp...
Generating code for file app/diagnostics/ethernet_status.hpp...
Generating code for file app/diagnostics/field_status.cpp...
Generating code for file app/diagnostics/field_status.hpp...
Generating code for file app/diagnostics/rs485_echo_test.cpp...
Generating code for file app/diagnostics/rs485_echo_test.hpp...
Generating code for file app/diagnostics/rtc_status.cpp...
Generating code for file app/diagnostics/rtc_status.hpp...
Generating code for file app/diagnostics/sc16is_echo_test.cpp...
Generating code for file app/diagnostics/sc16is_echo_test.hpp...
Generating code for file app/diagnostics/sd_card_test.cpp...
Generating code for file app/diagnostics/sd_card_test.hpp...
Generating code for file app/diagnostics/sd_config.cpp...
Generating code for file app/diagnostics/sd_config.hpp...
Generating code for file app/diagnostics/watchdog_status.cpp...
Generating code for file app/diagnostics/watchdog_status.hpp...
Generating code for file app/diagnostics/x2x_status.cpp...
Generating code for file app/diagnostics/x2x_status.hpp...
Generating code for file app/ethernet/ethernet_modbus_service.cpp...
Generating code for file app/ethernet/ethernet_modbus_service.hpp...
Generating code for file app/ethernet/ethernet_network_config.cpp...
Generating code for file app/ethernet/ethernet_network_config.hpp...
Generating code for file app/field/field_sensor_service.cpp...
Generating code for file app/field/field_sensor_service.hpp...
Generating code for file app/field/field_sensor_slave_example.cpp...
Generating code for file app/field/field_serial_config.cpp...
Generating code for file app/field/field_serial_config.hpp...
Generating code for file app/version.hpp...
Generating code for file app/x2x/modules/x2x_lai.cpp...
Generating code for file app/x2x/modules/x2x_lct.cpp...
Generating code for file app/x2x/modules/x2x_ldi.cpp...
Generating code for file app/x2x/modules/x2x_ldo.cpp...
Generating code for file app/x2x/modules/x2x_module_common.cpp...
Generating code for file app/x2x/modules/x2x_module_common.hpp...
Generating code for file app/x2x/modules/x2x_module_drivers.hpp...
Generating code for file app/x2x/x2x_catalog.cpp...
Generating code for file app/x2x/x2x_catalog.hpp...
Generating code for file app/x2x/x2x_config.cpp...
Generating code for file app/x2x/x2x_config.hpp...
Generating code for file app/x2x/x2x_module.hpp...
Generating code for file app/x2x/x2x_registry.cpp...
Generating code for file app/x2x/x2x_registry.hpp...
Generating code for file app/x2x/x2x_service.cpp...
Generating code for file app/x2x/x2x_service.hpp...
Generating code for file app/x2x/x2x_types.hpp...
Generating code for file board/lcp_battery.cpp...
Generating code for file board/lcp_battery.hpp...
Generating code for file board/lcp_board.cpp...
Generating code for file board/lcp_board.hpp...
Generating code for file board/lcp_ethernet.cpp...
Generating code for file board/lcp_ethernet.hpp...
Generating code for file board/lcp_field_ports.cpp...
Generating code for file board/lcp_field_ports.hpp...
Generating code for file board/lcp_rs485.cpp...
Generating code for file board/lcp_rs485.hpp...
Generating code for file board/lcp_sc16is.cpp...
Generating code for file board/lcp_sc16is.hpp...
Generating code for file board/lcp_sd.cpp...
Generating code for file board/lcp_sd.hpp...
Generating code for file board/lcp_usb_identity.hpp...
Generating code for file board/lcp_x2x_port.cpp...
Generating code for file board/lcp_x2x_port.hpp...
Generating code for file Config/FreeRTOSConfig.h...
Parsing code for file DOXYGEN_COMMANDS.md...
Generating code for file hal/sam3x_device.hpp...
Generating code for file hal/sam3x_gpio.cpp...
Generating code for file hal/sam3x_gpio.hpp...
Generating code for file hal/sam3x_internal_flash.cpp...
Generating code for file hal/sam3x_internal_flash.hpp...
Generating code for file hal/sam3x_rtc.cpp...
Generating code for file hal/sam3x_rtc.hpp...
Generating code for file hal/sam3x_spi.cpp...
Generating code for file hal/sam3x_spi.hpp...
Generating code for file hal/sam3x_tick.cpp...
Generating code for file hal/sam3x_tick.hpp...
Generating code for file hal/sam3x_uart.cpp...
Generating code for file hal/sam3x_uart.hpp...
Generating code for file hal/sam3x_uart_status.cpp...
Generating code for file hal/sam3x_watchdog.cpp...
Generating code for file hal/sam3x_watchdog.hpp...
Generating code for file hal/sc16is7xx.cpp...
Generating code for file hal/sc16is7xx.hpp...
Generating code for file hal/w5500_lite.cpp...
Generating code for file hal/w5500_lite.hpp...
Generating code for file libs/lcp_crc32/lcp_crc32.cpp...
Generating code for file libs/lcp_crc32/lcp_crc32.hpp...
Generating code for file libs/lcp_sd_storage/lcp_sd_storage.cpp...
Generating code for file libs/lcp_sd_storage/lcp_sd_storage.hpp...
Generating code for file main.cpp...
Generating code for file platform/binary_constants.hpp...
Generating code for file platform/newlib_stubs.c...
Generating code for file platform/platform.hpp...
Generating code for file platform/platform_gpio.cpp...
Generating code for file platform/platform_serial.cpp...
Generating code for file platform/platform_spi.cpp...
Generating code for file platform/platform_time.cpp...
Generating code for file platform/print.cpp...
Generating code for file platform/print.hpp...
Generating code for file platform/serial_port.cpp...
Generating code for file platform/serial_port.hpp...
Generating code for file platform/spi.cpp...
Generating code for file platform/spi.hpp...
Generating code for file platform/syscalls.c...
Generating code for file protocol/modbus_rtu/modbus_rtu_crc.cpp...
Generating code for file protocol/modbus_rtu/modbus_rtu_crc.hpp...
Generating code for file protocol/modbus_rtu/modbus_rtu_master.cpp...
Generating code for file protocol/modbus_rtu/modbus_rtu_master.hpp...
Generating code for file protocol/modbus_rtu/modbus_rtu_slave.cpp...
Generating code for file protocol/modbus_rtu/modbus_rtu_slave.hpp...
Generating code for file protocol/modbus_tcp/modbus_tcp_server.cpp...
Generating code for file protocol/modbus_tcp/modbus_tcp_server.hpp...
Parsing code for file README.md...
Generating file documentation...
Generating docs for file app/app.cpp...
Generating docs for file app/app.hpp...
Generating docs for file app/config/lcp_config_bundle.cpp...
Generating docs for file app/config/lcp_config_bundle.hpp...
Generating docs for file app/config/lcp_config_service.cpp...
Generating docs for file app/config/lcp_config_service.hpp...
Generating docs for file app/config/lcp_config_usb_transport.hpp...
Generating docs for file app/diagnostics/battery_status.cpp...
Generating docs for file app/diagnostics/battery_status.hpp...
Generating docs for file app/diagnostics/config_status.cpp...
Generating docs for file app/diagnostics/config_status.hpp...
Generating docs for file app/diagnostics/diagnostic_console.cpp...
Generating docs for file app/diagnostics/diagnostic_console.hpp...
Generating docs for file app/diagnostics/diagnostic_output.hpp...
Generating docs for file app/diagnostics/ethernet_status.cpp...
Generating docs for file app/diagnostics/ethernet_status.hpp...
Generating docs for file app/diagnostics/field_status.cpp...
Generating docs for file app/diagnostics/field_status.hpp...
Generating docs for file app/diagnostics/rs485_echo_test.cpp...
Generating docs for file app/diagnostics/rs485_echo_test.hpp...
Generating docs for file app/diagnostics/rtc_status.cpp...
Generating docs for file app/diagnostics/rtc_status.hpp...
Generating docs for file app/diagnostics/sc16is_echo_test.cpp...
Generating docs for file app/diagnostics/sc16is_echo_test.hpp...
Generating docs for file app/diagnostics/sd_card_test.cpp...
Generating docs for file app/diagnostics/sd_card_test.hpp...
Generating docs for file app/diagnostics/sd_config.cpp...
Generating docs for file app/diagnostics/sd_config.hpp...
Generating docs for file app/diagnostics/watchdog_status.cpp...
Generating docs for file app/diagnostics/watchdog_status.hpp...
Generating docs for file app/diagnostics/x2x_status.cpp...
Generating docs for file app/diagnostics/x2x_status.hpp...
Generating docs for file app/ethernet/ethernet_modbus_service.cpp...
Generating docs for file app/ethernet/ethernet_modbus_service.hpp...
Generating docs for file app/ethernet/ethernet_network_config.cpp...
Generating docs for file app/ethernet/ethernet_network_config.hpp...
Generating docs for file app/field/field_sensor_service.cpp...
Generating docs for file app/field/field_sensor_service.hpp...
Generating docs for file app/field/field_sensor_slave_example.cpp...
Generating docs for file app/field/field_serial_config.cpp...
Generating docs for file app/field/field_serial_config.hpp...
Generating docs for file app/version.hpp...
Generating docs for file app/x2x/modules/x2x_lai.cpp...
Generating docs for file app/x2x/modules/x2x_lct.cpp...
Generating docs for file app/x2x/modules/x2x_ldi.cpp...
Generating docs for file app/x2x/modules/x2x_ldo.cpp...
Generating docs for file app/x2x/modules/x2x_module_common.cpp...
Generating docs for file app/x2x/modules/x2x_module_common.hpp...
Generating docs for file app/x2x/modules/x2x_module_drivers.hpp...
Generating docs for file app/x2x/x2x_catalog.cpp...
Generating docs for file app/x2x/x2x_catalog.hpp...
Generating docs for file app/x2x/x2x_config.cpp...
Generating docs for file app/x2x/x2x_config.hpp...
Generating docs for file app/x2x/x2x_module.hpp...
Generating docs for file app/x2x/x2x_registry.cpp...
Generating docs for file app/x2x/x2x_registry.hpp...
Generating docs for file app/x2x/x2x_service.cpp...
Generating docs for file app/x2x/x2x_service.hpp...
Generating docs for file app/x2x/x2x_types.hpp...
Generating docs for file board/lcp_battery.cpp...
Generating docs for file board/lcp_battery.hpp...
Generating docs for file board/lcp_board.cpp...
Generating docs for file board/lcp_board.hpp...
Generating docs for file board/lcp_ethernet.cpp...
Generating docs for file board/lcp_ethernet.hpp...
Generating docs for file board/lcp_field_ports.cpp...
Generating docs for file board/lcp_field_ports.hpp...
Generating docs for file board/lcp_rs485.cpp...
Generating docs for file board/lcp_rs485.hpp...
Generating docs for file board/lcp_sc16is.cpp...
Generating docs for file board/lcp_sc16is.hpp...
Generating docs for file board/lcp_sd.cpp...
Generating docs for file board/lcp_sd.hpp...
Generating docs for file board/lcp_usb_identity.hpp...
Generating docs for file board/lcp_x2x_port.cpp...
Generating docs for file board/lcp_x2x_port.hpp...
Generating docs for file Config/FreeRTOSConfig.h...
Generating docs for file DOXYGEN_COMMANDS.md...
Generating docs for file hal/sam3x_device.hpp...
Generating docs for file hal/sam3x_gpio.cpp...
Generating docs for file hal/sam3x_gpio.hpp...
Generating docs for file hal/sam3x_internal_flash.cpp...
Generating docs for file hal/sam3x_internal_flash.hpp...
Generating docs for file hal/sam3x_rtc.cpp...
Generating docs for file hal/sam3x_rtc.hpp...
Generating docs for file hal/sam3x_spi.cpp...
Generating docs for file hal/sam3x_spi.hpp...
Generating docs for file hal/sam3x_tick.cpp...
Generating docs for file hal/sam3x_tick.hpp...
Generating docs for file hal/sam3x_uart.cpp...
Generating docs for file hal/sam3x_uart.hpp...
Generating docs for file hal/sam3x_uart_status.cpp...
Generating docs for file hal/sam3x_watchdog.cpp...
Generating docs for file hal/sam3x_watchdog.hpp...
Generating docs for file hal/sc16is7xx.cpp...
Generating docs for file hal/sc16is7xx.hpp...
Generating docs for file hal/w5500_lite.cpp...
Generating docs for file hal/w5500_lite.hpp...
Generating docs for file libs/lcp_crc32/lcp_crc32.cpp...
Generating docs for file libs/lcp_crc32/lcp_crc32.hpp...
Generating docs for file libs/lcp_sd_storage/lcp_sd_storage.cpp...
Generating docs for file libs/lcp_sd_storage/lcp_sd_storage.hpp...
Generating docs for file main.cpp...
Generating docs for file platform/binary_constants.hpp...
Generating docs for file platform/newlib_stubs.c...
Generating docs for file platform/platform.hpp...
Generating docs for file platform/platform_gpio.cpp...
Generating docs for file platform/platform_serial.cpp...
Generating docs for file platform/platform_spi.cpp...
Generating docs for file platform/platform_time.cpp...
Generating docs for file platform/print.cpp...
Generating docs for file platform/print.hpp...
Generating docs for file platform/serial_port.cpp...
Generating docs for file platform/serial_port.hpp...
Generating docs for file platform/spi.cpp...
Generating docs for file platform/spi.hpp...
Generating docs for file platform/syscalls.c...
Generating docs for file protocol/modbus_rtu/modbus_rtu_crc.cpp...
Generating docs for file protocol/modbus_rtu/modbus_rtu_crc.hpp...
Generating docs for file protocol/modbus_rtu/modbus_rtu_master.cpp...
Generating docs for file protocol/modbus_rtu/modbus_rtu_master.hpp...
Generating docs for file protocol/modbus_rtu/modbus_rtu_slave.cpp...
Generating docs for file protocol/modbus_rtu/modbus_rtu_slave.hpp...
Generating docs for file protocol/modbus_tcp/modbus_tcp_server.cpp...
Generating docs for file protocol/modbus_tcp/modbus_tcp_server.hpp...
Generating docs for file README.md...
Generating page documentation...
Generating docs for page md_DOXYGEN__COMMANDS...
Generating group documentation...
Generating class documentation...
Generating docs for compound EthernetModbusInterfaceState...
Generating docs for compound EthernetNetworkConfigReport...
Generating docs for compound FieldSensorConfig...
Generating docs for compound FieldSensorPortState...
Generating docs for compound FieldSerialConfigReport...
Generating docs for compound HalGpioLine...
Generating docs for compound HalGpioPinDescription...
Generating docs for compound HalSpiConfig...
Generating docs for compound HalUartPort...
Generating docs for compound HalUartRingBuffer...
Generating docs for compound LcpConfigCandidateStatus...
Generating docs for compound LcpConfigSdReport...
Generating docs for compound LcpConfigSlotStatus...
Generating docs for compound LcpEthernetLine...
Generating docs for compound LcpFieldPortConfig...
Generating docs for compound LcpSc16isMap...
Generating docs for compound LcpSc16isPort...
Generating docs for compound LcpSdDirEntryLocation...
Generating docs for compound LcpSdReadFile...
Generating docs for compound LcpSdVolume...
Generating docs for compound ModbusRtuMaster...
Generating docs for compound ModbusRtuSlave...
Generating docs for compound ModbusRtuTransport...
Generating docs for compound ModbusTcpServer...
Generating docs for compound Print...
Generating docs for compound Sam3xRtcDateTime...
Generating docs for compound Sam3xWatchdogConfig...
Generating docs for compound SerialPort...
Generating docs for compound SPIClass...
Generating docs for compound SPISettings...
Generating docs for compound W5500IpAddress...
Generating docs for compound W5500MacAddress...
Generating docs for compound W5500NetworkConfig...
Generating docs for compound X2XConfig...
Generating docs for compound X2XConfigError...
Generating docs for compound X2XDeviceHeader...
Generating docs for compound X2XLai1118...
Generating docs for compound X2XLcp2116...
Generating docs for compound X2XLct1114...
Generating docs for compound X2XLct1114_2...
Generating docs for compound X2XLdi1116...
Generating docs for compound X2XLdi1118...
Generating docs for compound X2XLdo1118...
Generating docs for compound X2XModuleContext...
Generating docs for compound X2XModuleDescriptor...
Generating docs for compound X2XModuleRuntime...
Generating docs for compound X2XWaveformBuffer...
Generating concept documentation...
Generating module documentation...
Generating namespace documentation...
Generating docs for namespace lcp_config_usb
Generating docs for compound lcp_config_usb::Runtime...
Generating graph info page...
Generating directory documentation...
Generating index page...
Generating main page...
Generating page index...
Generating topic index...
Generating module index...
Generating module member index...
Generating namespace index...
Generating namespace member index...
Generating concept index...
Generating annotated compound index...
Generating alphabetical compound index...
Generating hierarchical class index...
Generating member index...
Generating file index...
Generating file member index...
Generating example index...
finalizing index lists...
writing tag file...
Running plantuml with JAVA...
type lookup cache used 1575/65536 hits=4409 misses=1632
symbol lookup cache used 5450/65536 hits=17419 misses=5450
finished...
