Archive member included to satisfy reference by file (symbol)

c:/program files (x86)/atmel/studio/7.0/toolchain/arm/arm-gnu-toolchain/bin/../lib/gcc/arm-none-eabi/6.3.1/../../../../arm-none-eabi/lib/thumb/v7-m\libstdc++.a(atexit_arm.o)
                              platform/platform_serial.o (__aeabi_atexit)
c:/program files (x86)/atmel/studio/7.0/toolchain/arm/arm-gnu-toolchain/bin/../lib/gcc/arm-none-eabi/6.3.1/../../../../arm-none-eabi/lib/thumb/v7-m\libstdc++.a(del_ops.o)
                              libs/IGAS_Eth/EthernetClient.o (operator delete(void*, unsigned int))
c:/program files (x86)/atmel/studio/7.0/toolchain/arm/arm-gnu-toolchain/bin/../lib/gcc/arm-none-eabi/6.3.1/../../../../arm-none-eabi/lib/thumb/v7-m\libstdc++.a(del_op.o)
                              c:/program files (x86)/atmel/studio/7.0/toolchain/arm/arm-gnu-toolchain/bin/../lib/gcc/arm-none-eabi/6.3.1/../../../../arm-none-eabi/lib/thumb/v7-m\libstdc++.a(del_ops.o) (operator delete(void*))
c:/program files (x86)/atmel/studio/7.0/toolchain/arm/arm-gnu-toolchain/bin/../lib/gcc/arm-none-eabi/6.3.1/thumb/v7-m\libgcc.a(_arm_addsubdf3.o)
                              platform/print.o (__aeabi_dsub)
c:/program files (x86)/atmel/studio/7.0/toolchain/arm/arm-gnu-toolchain/bin/../lib/gcc/arm-none-eabi/6.3.1/thumb/v7-m\libgcc.a(_arm_muldivdf3.o)
                              platform/print.o (__aeabi_dmul)
c:/program files (x86)/atmel/studio/7.0/toolchain/arm/arm-gnu-toolchain/bin/../lib/gcc/arm-none-eabi/6.3.1/thumb/v7-m\libgcc.a(_arm_cmpdf2.o)
                              platform/print.o (__aeabi_dcmplt)
c:/program files (x86)/atmel/studio/7.0/toolchain/arm/arm-gnu-toolchain/bin/../lib/gcc/arm-none-eabi/6.3.1/thumb/v7-m\libgcc.a(_arm_fixdfsi.o)
                              platform/print.o (__aeabi_d2iz)
c:/program files (x86)/atmel/studio/7.0/toolchain/arm/arm-gnu-toolchain/bin/../lib/gcc/arm-none-eabi/6.3.1/thumb/v7-m\libgcc.a(_arm_fixunsdfsi.o)
                              platform/print.o (__aeabi_d2uiz)
c:/program files (x86)/atmel/studio/7.0/toolchain/arm/arm-gnu-toolchain/bin/../lib/gcc/arm-none-eabi/6.3.1/../../../../arm-none-eabi/lib/thumb/v7-m\libc.a(lib_a-cxa_atexit.o)
                              c:/program files (x86)/atmel/studio/7.0/toolchain/arm/arm-gnu-toolchain/bin/../lib/gcc/arm-none-eabi/6.3.1/../../../../arm-none-eabi/lib/thumb/v7-m\libstdc++.a(atexit_arm.o) (__cxa_atexit)
c:/program files (x86)/atmel/studio/7.0/toolchain/arm/arm-gnu-toolchain/bin/../lib/gcc/arm-none-eabi/6.3.1/../../../../arm-none-eabi/lib/thumb/v7-m\libc.a(lib_a-errno.o)
                              platform/syscalls.o (__errno)
c:/program files (x86)/atmel/studio/7.0/toolchain/arm/arm-gnu-toolchain/bin/../lib/gcc/arm-none-eabi/6.3.1/../../../../arm-none-eabi/lib/thumb/v7-m\libc.a(lib_a-exit.o)
                              c:/program files (x86)/atmel/studio/7.0/toolchain/arm/arm-gnu-toolchain/bin/../lib/gcc/arm-none-eabi/6.3.1/../../../../arm-none-eabi/lib/thumb/v7-m/crt0.o (exit)
c:/program files (x86)/atmel/studio/7.0/toolchain/arm/arm-gnu-toolchain/bin/../lib/gcc/arm-none-eabi/6.3.1/../../../../arm-none-eabi/lib/thumb/v7-m\libc.a(lib_a-impure.o)
                              c:/program files (x86)/atmel/studio/7.0/toolchain/arm/arm-gnu-toolchain/bin/../lib/gcc/arm-none-eabi/6.3.1/../../../../arm-none-eabi/lib/thumb/v7-m\libc.a(lib_a-exit.o) (_global_impure_ptr)
c:/program files (x86)/atmel/studio/7.0/toolchain/arm/arm-gnu-toolchain/bin/../lib/gcc/arm-none-eabi/6.3.1/../../../../arm-none-eabi/lib/thumb/v7-m\libc.a(lib_a-init.o)
                              c:/program files (x86)/atmel/studio/7.0/toolchain/arm/arm-gnu-toolchain/bin/../lib/gcc/arm-none-eabi/6.3.1/../../../../arm-none-eabi/lib/thumb/v7-m/crt0.o (__libc_init_array)
c:/program files (x86)/atmel/studio/7.0/toolchain/arm/arm-gnu-toolchain/bin/../lib/gcc/arm-none-eabi/6.3.1/../../../../arm-none-eabi/lib/thumb/v7-m\libc.a(lib_a-malloc.o)
                              c:/program files (x86)/atmel/studio/7.0/toolchain/arm/arm-gnu-toolchain/bin/../lib/gcc/arm-none-eabi/6.3.1/../../../../arm-none-eabi/lib/thumb/v7-m\libstdc++.a(del_op.o) (free)
c:/program files (x86)/atmel/studio/7.0/toolchain/arm/arm-gnu-toolchain/bin/../lib/gcc/arm-none-eabi/6.3.1/../../../../arm-none-eabi/lib/thumb/v7-m\libc.a(lib_a-mallocr.o)
                              c:/program files (x86)/atmel/studio/7.0/toolchain/arm/arm-gnu-toolchain/bin/../lib/gcc/arm-none-eabi/6.3.1/../../../../arm-none-eabi/lib/thumb/v7-m\libc.a(lib_a-malloc.o) (_malloc_r)
c:/program files (x86)/atmel/studio/7.0/toolchain/arm/arm-gnu-toolchain/bin/../lib/gcc/arm-none-eabi/6.3.1/../../../../arm-none-eabi/lib/thumb/v7-m\libc.a(lib_a-memcmp.o)
                              libs/IGAS_Eth/IPAddress.o (memcmp)
c:/program files (x86)/atmel/studio/7.0/toolchain/arm/arm-gnu-toolchain/bin/../lib/gcc/arm-none-eabi/6.3.1/../../../../arm-none-eabi/lib/thumb/v7-m\libc.a(lib_a-memcpy.o)
                              hal/sam3x_usb_device.o (memcpy)
[...]
Memory Configuration

Name             Origin             Length             Attributes
rom              0x00080000         0x00080000         xr
ram              0x20000000         0x00018000         xrw
*default*        0x00000000         0xffffffff

Linker script and memory map

LOAD c:/program files (x86)/atmel/studio/7.0/toolchain/arm/arm-gnu-toolchain/bin/../lib/gcc/arm-none-eabi/6.3.1/thumb/v7-m/crti.o
LOAD c:/program files (x86)/atmel/studio/7.0/toolchain/arm/arm-gnu-toolchain/bin/../lib/gcc/arm-none-eabi/6.3.1/thumb/v7-m/crtbegin.o
LOAD c:/program files (x86)/atmel/studio/7.0/toolchain/arm/arm-gnu-toolchain/bin/../lib/gcc/arm-none-eabi/6.3.1/../../../../arm-none-eabi/lib/thumb/v7-m/crt0.o
LOAD app/app.o
LOAD board/lcp_board.o
LOAD Device_Startup/startup_sam3xa.o
LOAD Device_Startup/system_sam3xa.o
LOAD hal/sam3x_gpio.o
LOAD hal/sam3x_reset.o
LOAD hal/sam3x_spi.o
LOAD hal/sam3x_tick.o
LOAD hal/sam3x_uart.o
LOAD hal/sam3x_usb_device.o
LOAD libs/IGAS_Eth/EthernetClient.o
LOAD libs/IGAS_Eth/EthernetServer.o
LOAD libs/IGAS_Eth/EthernetUdp2.o
LOAD libs/IGAS_Eth/IGAS_Eth.o
LOAD libs/IGAS_Eth/IPAddress.o
LOAD libs/IGAS_Eth/utility/socket.o
LOAD libs/IGAS_Eth/utility/w5500.o
LOAD libs/SC16IS7xx/SC16IS7xx.o
LOAD main.o
LOAD platform/platform_gpio.o
LOAD platform/platform_serial.o
LOAD platform/platform_spi.o
LOAD platform/platform_time.o
LOAD platform/platform_usb.o
LOAD platform/print.o
LOAD platform/serial_port.o
LOAD platform/spi.o
LOAD platform/syscalls.o
LOAD platform/usb_serial.o
START GROUP
END GROUP
LOAD c:/program files (x86)/atmel/studio/7.0/toolchain/arm/arm-gnu-toolchain/bin/../lib/gcc/arm-none-eabi/6.3.1/../../../../arm-none-eabi/lib/thumb/v7-m\libstdc++.a
LOAD c:/program files (x86)/atmel/studio/7.0/toolchain/arm/arm-gnu-toolchain/bin/../lib/gcc/arm-none-eabi/6.3.1/../../../../arm-none-eabi/lib/thumb/v7-m\libm.a
START GROUP
LOAD c:/program files (x86)/atmel/studio/7.0/toolchain/arm/arm-gnu-toolchain/bin/../lib/gcc/arm-none-eabi/6.3.1/thumb/v7-m\libgcc.a
LOAD c:/program files (x86)/atmel/studio/7.0/toolchain/arm/arm-gnu-toolchain/bin/../lib/gcc/arm-none-eabi/6.3.1/../../../../arm-none-eabi/lib/thumb/v7-m\libc.a
END GROUP
LOAD c:/program files (x86)/atmel/studio/7.0/toolchain/arm/arm-gnu-toolchain/bin/../lib/gcc/arm-none-eabi/6.3.1/thumb/v7-m/crtend.o
LOAD c:/program files (x86)/atmel/studio/7.0/toolchain/arm/arm-gnu-toolchain/bin/../lib/gcc/arm-none-eabi/6.3.1/thumb/v7-m/crtn.o
                0x00000400                STACK_SIZE = DEFINED (STACK_SIZE)?STACK_SIZE:0x400
                0x00000200                HEAP_SIZE = DEFINED (HEAP_SIZE)?HEAP_SIZE:0x200

.text           0x00080000     0x1e80
                0x00080000                . = ALIGN (0x4)
                0x00080000                _sfixed = .
 *(.vectors .vectors.*)
 .vectors       0x00080000       0xf4 Device_Startup/startup_sam3xa.o
                0x00080000                exception_table
 *(.text .text.* .gnu.linkonce.t.*)
 .text          0x000800f4       0x6c c:/program files (x86)/atmel/studio/7.0/toolchain/arm/arm-gnu-toolchain/bin/../lib/gcc/arm-none-eabi/6.3.1/thumb/v7-m/crtbegin.o
 .text._Z5setupv
                0x00080160       0x70 app/app.o
                0x00080160                setup()
 .text._Z4loopv
                0x000801d0        0xc app/app.o
                0x000801d0                loop()
 .text._Z19lcp_board_init_gpiov
                0x000801dc      0x118 board/lcp_board.o
                0x000801dc                lcp_board_init_gpio()
 .text.Dummy_Handler
                0x000802f4        0x2 Device_Startup/startup_sam3xa.o
                0x000802f4                DACC_Handler
                0x000802f4                DebugMon_Handler
                0x000802f4                DMAC_Handler
                0x000802f4                TRNG_Handler
                0x000802f4                HardFault_Handler
                0x000802f4                TC2_Handler
                0x000802f4                USART3_Handler
                0x000802f4                TWI1_Handler
                0x000802f4                PendSV_Handler
                0x000802f4                NMI_Handler
                0x000802f4                TC7_Handler
                0x000802f4                ADC_Handler
                0x000802f4                SMC_Handler
                0x000802f4                USART0_Handler
                0x000802f4                RTT_Handler
                0x000802f4                EFC1_Handler
                0x000802f4                PIOB_Handler
                0x000802f4                RTC_Handler
                0x000802f4                UsageFault_Handler
                0x000802f4                TC6_Handler
                0x000802f4                WDT_Handler
                0x000802f4                CAN0_Handler
                0x000802f4                TC4_Handler
                0x000802f4                TC1_Handler
                0x000802f4                HSMCI_Handler
                0x000802f4                TC3_Handler
                0x000802f4                Dummy_Handler
                0x000802f4                TWI0_Handler
                0x000802f4                USART1_Handler
                0x000802f4                PIOA_Handler
                0x000802f4                SSC_Handler
                0x000802f4                EFC0_Handler
                0x000802f4                PMC_Handler
                0x000802f4                PWM_Handler
                0x000802f4                CAN1_Handler
                0x000802f4                MemManage_Handler
                0x000802f4                SUPC_Handler
                0x000802f4                SVC_Handler
                0x000802f4                TC8_Handler
                0x000802f4                USART2_Handler
                0x000802f4                PIOD_Handler
                0x000802f4                EMAC_Handler
                0x000802f4                UART_Handler
                0x000802f4                PIOC_Handler
                0x000802f4                BusFault_Handler
                0x000802f4                RSTC_Handler
                0x000802f4                TC0_Handler
                0x000802f4                TC5_Handler
                0x000802f4                SPI0_Handler
 *fill*         0x000802f6        0x2 
 .text.Reset_Handler
                0x000802f8       0x68 Device_Startup/startup_sam3xa.o
                0x000802f8                Reset_Handler
 .text.SystemCoreClockUpdate
                0x00080360       0xcc Device_Startup/system_sam3xa.o
                0x00080360                SystemCoreClockUpdate
 .text._ZL17hal_gpio_find_pinm
                0x0008042c       0x20 hal/sam3x_gpio.o
 .text._ZL21hal_gpio_enable_clockm
                0x0008044c       0x1c hal/sam3x_gpio.o
 .text._Z18hal_gpio_configurem11HalGpioMode
                0x00080468       0x3c hal/sam3x_gpio.o
                0x00080468                hal_gpio_configure(unsigned long, HalGpioMode)
 .text._Z14hal_gpio_writemm
                0x000804a4       0x28 hal/sam3x_gpio.o
                0x000804a4                hal_gpio_write(unsigned long, unsigned long)
 .text._Z24sam3x_bootloader_requestm
                0x000804cc       0x10 hal/sam3x_reset.o
                0x000804cc                sam3x_bootloader_request(unsigned long)
 .text._Z23sam3x_bootloader_cancelv
                0x000804dc       0x10 hal/sam3x_reset.o
                0x000804dc                sam3x_bootloader_cancel()
 .text._Z21sam3x_bootloader_tickv
                0x000804ec       0x50 hal/sam3x_reset.o
                0x000804ec                sam3x_bootloader_tick()
 .text._Z17hal_spi_configureRK12HalSpiConfig
                0x0008053c       0x4c hal/sam3x_spi.o
                0x0008053c                hal_spi_configure(HalSpiConfig const&)
 .text._Z13hal_spi_beginv
                0x00080588       0xa4 hal/sam3x_spi.o
                0x00080588                hal_spi_begin()
 .text.SysTick_Handler
                0x0008062c       0x14 hal/sam3x_tick.o
                0x0008062c                SysTick_Handler
 .text._Z13hal_tick_initv
                0x00080640       0x40 hal/sam3x_tick.o
                0x00080640                hal_tick_init()
 .text._Z12hal_delay_msm
                0x00080680       0x18 hal/sam3x_tick.o
                0x00080680                hal_delay_ms(unsigned long)
 .text._ZL22hal_uart_configure_pinRK10HalUartPin
                0x00080698       0x3c hal/sam3x_uart.o
 .text._Z14hal_uart_begin9HalUartIdm12HalUartFrame
                0x000806d4       0xc8 hal/sam3x_uart.o
                0x000806d4                hal_uart_begin(HalUartId, unsigned long, HalUartFrame)
 .text._Z14hal_uart_write9HalUartIdh
                0x0008079c       0x30 hal/sam3x_uart.o
                0x0008079c                hal_uart_write(HalUartId, unsigned char)
 .text._ZL17usb_wait_for_flagPVmm
                0x000807cc       0x24 hal/sam3x_usb_device.o
 .text._ZL22usb_configure_endpointmm
                0x000807f0       0x40 hal/sam3x_usb_device.o
 .text._ZL18usb_init_endpointsv
                0x00080830       0x3c hal/sam3x_usb_device.o
 .text._ZL9usb_send8mh.constprop.1
                0x0008086c       0x1c hal/sam3x_usb_device.o
 .text._ZL8usb_recvmPhm.constprop.2
                0x00080888       0x28 hal/sam3x_usb_device.o
 .text._ZL15usb_ring_acceptv
                0x000808b0       0x64 hal/sam3x_usb_device.o
 .text._ZL8usb_sendmPKvm
                0x00080914       0xc8 hal/sam3x_usb_device.o
 .text._ZL26usb_send_string_descriptorPKct
                0x000809dc       0x50 hal/sam3x_usb_device.o
 .text.UOTGHS_Handler
                0x00080a2c      0x360 hal/sam3x_usb_device.o
                0x00080a2c                UOTGHS_Handler
 .text._Z17hal_usb_cdc_beginv
                0x00080d8c       0xd0 hal/sam3x_usb_device.o
                0x00080d8c                hal_usb_cdc_begin()
 .text._Z18hal_usb_cdc_openedv
                0x00080e5c       0x14 hal/sam3x_usb_device.o
                0x00080e5c                hal_usb_cdc_opened()
 .text._Z17hal_usb_cdc_writePKhj
                0x00080e70       0x34 hal/sam3x_usb_device.o
                0x00080e70                hal_usb_cdc_write(unsigned char const*, unsigned int)
 .text.startup._GLOBAL__sub_I__ZN13EthernetClass6_stateE
                0x00080ea4       0x10 libs/IGAS_Eth/IGAS_Eth.o
 .text._ZN9IPAddressC2Ev
                0x00080eb4        0x6 libs/IGAS_Eth/IPAddress.o
                0x00080eb4                IPAddress::IPAddress()
                0x00080eb4                IPAddress::IPAddress()
 *fill*         0x00080eba        0x2 
 .text.startup._GLOBAL__sub_I_INADDR_NONE
                0x00080ebc       0x14 libs/IGAS_Eth/IPAddress.o
 .text.startup._GLOBAL__sub_I_w5500
                0x00080ed0        0xc libs/IGAS_Eth/utility/w5500.o
 .text.startup.main
                0x00080edc       0x1c main.o
                0x00080edc                main
 .text._Z7pinModemm
                0x00080ef8       0x14 platform/platform_gpio.o
                0x00080ef8                pinMode(unsigned long, unsigned long)
 .text._Z12digitalWritemm
                0x00080f0c        0x8 platform/platform_gpio.o
                0x00080f0c                digitalWrite(unsigned long, unsigned long)
 .text._ZN10SerialPortD2Ev
                0x00080f14        0x2 platform/platform_serial.o
                0x00080f14                SerialPort::~SerialPort()
                0x00080f14                SerialPort::~SerialPort()
 *fill*         0x00080f16        0x2 
 .text._ZN10SerialPortD0Ev
                0x00080f18       0x14 platform/platform_serial.o
                0x00080f18                SerialPort::~SerialPort()
 .text.startup._GLOBAL__sub_I_Serial
                0x00080f2c       0x6c platform/platform_serial.o
 .text.startup._GLOBAL__sub_I_SPI
                0x00080f98       0x10 platform/platform_spi.o
 .text._Z5delaym
                0x00080fa8        0x8 platform/platform_time.o
                0x00080fa8                delay(unsigned long)
 .text._ZN13UsbSerialPortD2Ev
                0x00080fb0        0x2 platform/platform_usb.o
                0x00080fb0                UsbSerialPort::~UsbSerialPort()
                0x00080fb0                UsbSerialPort::~UsbSerialPort()
 *fill*         0x00080fb2        0x2 
 .text._ZN13UsbSerialPortD0Ev
                0x00080fb4       0x14 platform/platform_usb.o
                0x00080fb4                UsbSerialPort::~UsbSerialPort()
 .text.startup._GLOBAL__sub_I_SerialUSB
                0x00080fc8       0x1c platform/platform_usb.o
 .text._ZN10SerialPort5writeEh
                0x00080fe4       0x18 platform/serial_port.o
                0x00080fe4                SerialPort::write(unsigned char)
 .text._ZN10SerialPortC2E9HalUartId
                0x00080ffc       0x10 platform/serial_port.o
                0x00080ffc                SerialPort::SerialPort(HalUartId)
                0x00080ffc                SerialPort::SerialPort(HalUartId)
 .text._ZN10SerialPort5beginEmm
                0x0008100c       0x20 platform/serial_port.o
                0x0008100c                SerialPort::begin(unsigned long, unsigned long)
 .text._ZN8SPIClassC2Ev
                0x0008102c       0x14 platform/spi.o
                0x0008102c                SPIClass::SPIClass()
                0x0008102c                SPIClass::SPIClass()
 .text._ZNK8SPIClass15make_hal_configERK11SPISettings
                0x00081040       0x20 platform/spi.o
                0x00081040                SPIClass::make_hal_config(SPISettings const&) const
 .text._ZN8SPIClass22apply_current_settingsEv
                0x00081060       0x20 platform/spi.o
                0x00081060                SPIClass::apply_current_settings()
 .text._ZN8SPIClass5beginEv
                0x00081080       0x1c platform/spi.o
                0x00081080                SPIClass::begin()
 .text._sbrk    0x0008109c       0x38 platform/syscalls.o
                0x0008109c                _sbrk
 .text._ZN13UsbSerialPort5writeEh
                0x000810d4       0x18 platform/usb_serial.o
                0x000810d4                UsbSerialPort::write(unsigned char)
 .text._ZN13UsbSerialPort5beginEmm
                0x000810ec        0x8 platform/usb_serial.o
                0x000810ec                UsbSerialPort::begin(unsigned long, unsigned long)
 .text.__aeabi_atexit
                0x000810f4        0xc c:/program files (x86)/atmel/studio/7.0/toolchain/arm/arm-gnu-toolchain/bin/../lib/gcc/arm-none-eabi/6.3.1/../../../../arm-none-eabi/lib/thumb/v7-m\libstdc++.a(atexit_arm.o)
                0x000810f4                __aeabi_atexit
 .text._ZdlPvj  0x00081100        0x4 c:/program files (x86)/atmel/studio/7.0/toolchain/arm/arm-gnu-toolchain/bin/../lib/gcc/arm-none-eabi/6.3.1/../../../../arm-none-eabi/lib/thumb/v7-m\libstdc++.a(del_ops.o)
                0x00081100                operator delete(void*, unsigned int)
 .text._ZdlPv   0x00081104        0x4 c:/program files (x86)/atmel/studio/7.0/toolchain/arm/arm-gnu-toolchain/bin/../lib/gcc/arm-none-eabi/6.3.1/../../../../arm-none-eabi/lib/thumb/v7-m\libstdc++.a(del_op.o)
                0x00081104                operator delete(void*)
 .text.__cxa_atexit
                0x00081108        0xc c:/program files (x86)/atmel/studio/7.0/toolchain/arm/arm-gnu-toolchain/bin/../lib/gcc/arm-none-eabi/6.3.1/../../../../arm-none-eabi/lib/thumb/v7-m\libc.a(lib_a-cxa_atexit.o)
                0x00081108                __cxa_atexit
 .text.__errno  0x00081114        0xc c:/program files (x86)/atmel/studio/7.0/toolchain/arm/arm-gnu-toolchain/bin/../lib/gcc/arm-none-eabi/6.3.1/../../../../arm-none-eabi/lib/thumb/v7-m\libc.a(lib_a-errno.o)
                0x00081114                __errno
 .text.__libc_init_array
                0x00081120       0x50 c:/program files (x86)/atmel/studio/7.0/toolchain/arm/arm-gnu-toolchain/bin/../lib/gcc/arm-none-eabi/6.3.1/../../../../arm-none-eabi/lib/thumb/v7-m\libc.a(lib_a-init.o)
                0x00081120                __libc_init_array
 .text.malloc   0x00081170       0x10 c:/program files (x86)/atmel/studio/7.0/toolchain/arm/arm-gnu-toolchain/bin/../lib/gcc/arm-none-eabi/6.3.1/../../../../arm-none-eabi/lib/thumb/v7-m\libc.a(lib_a-malloc.o)
                0x00081170                malloc
 .text.free     0x00081180       0x10 c:/program files (x86)/atmel/studio/7.0/toolchain/arm/arm-gnu-toolchain/bin/../lib/gcc/arm-none-eabi/6.3.1/../../../../arm-none-eabi/lib/thumb/v7-m\libc.a(lib_a-malloc.o)
                0x00081180                free
 .text._malloc_r
                0x00081190      0x544 c:/program files (x86)/atmel/studio/7.0/toolchain/arm/arm-gnu-toolchain/bin/../lib/gcc/arm-none-eabi/6.3.1/../../../../arm-none-eabi/lib/thumb/v7-m\libc.a(lib_a-mallocr.o)
                0x00081190                _malloc_r
 .text          0x000816d4       0xec c:/program files (x86)/atmel/studio/7.0/toolchain/arm/arm-gnu-toolchain/bin/../lib/gcc/arm-none-eabi/6.3.1/../../../../arm-none-eabi/lib/thumb/v7-m\libc.a(lib_a-memcpy.o)
                0x000816d4                memcpy
 .text.__malloc_lock
                0x000817c0        0xc c:/program files (x86)/atmel/studio/7.0/toolchain/arm/arm-gnu-toolchain/bin/../lib/gcc/arm-none-eabi/6.3.1/../../../../arm-none-eabi/lib/thumb/v7-m\libc.a(lib_a-mlock.o)
                0x000817c0                __malloc_lock
 .text.__malloc_unlock
                0x000817cc        0xc c:/program files (x86)/atmel/studio/7.0/toolchain/arm/arm-gnu-toolchain/bin/../lib/gcc/arm-none-eabi/6.3.1/../../../../arm-none-eabi/lib/thumb/v7-m\libc.a(lib_a-mlock.o)
                0x000817cc                __malloc_unlock
 .text._sbrk_r  0x000817d8       0x24 c:/program files (x86)/atmel/studio/7.0/toolchain/arm/arm-gnu-toolchain/bin/../lib/gcc/arm-none-eabi/6.3.1/../../../../arm-none-eabi/lib/thumb/v7-m\libc.a(lib_a-sbrkr.o)
                0x000817d8                _sbrk_r
 .text.__register_exitproc
                0x000817fc       0xc4 c:/program files (x86)/atmel/studio/7.0/toolchain/arm/arm-gnu-toolchain/bin/../lib/gcc/arm-none-eabi/6.3.1/../../../../arm-none-eabi/lib/thumb/v7-m\libc.a(lib_a-__atexit.o)
                0x000817fc                __register_exitproc
 .text.startup.register_fini
                0x000818c0       0x14 c:/program files (x86)/atmel/studio/7.0/toolchain/arm/arm-gnu-toolchain/bin/../lib/gcc/arm-none-eabi/6.3.1/../../../../arm-none-eabi/lib/thumb/v7-m\libc.a(lib_a-__call_atexit.o)
 .text.atexit   0x000818d4        0xc c:/program files (x86)/atmel/studio/7.0/toolchain/arm/arm-gnu-toolchain/bin/../lib/gcc/arm-none-eabi/6.3.1/../../../../arm-none-eabi/lib/thumb/v7-m\libc.a(lib_a-atexit.o)
                0x000818d4                atexit
 .text.__libc_fini_array
                0x000818e0       0x34 c:/program files (x86)/atmel/studio/7.0/toolchain/arm/arm-gnu-toolchain/bin/../lib/gcc/arm-none-eabi/6.3.1/../../../../arm-none-eabi/lib/thumb/v7-m\libc.a(lib_a-fini.o)
                0x000818e0                __libc_fini_array
 .text._malloc_trim_r
                0x00081914       0xa0 c:/program files (x86)/atmel/studio/7.0/toolchain/arm/arm-gnu-toolchain/bin/../lib/gcc/arm-none-eabi/6.3.1/../../../../arm-none-eabi/lib/thumb/v7-m\libc.a(lib_a-freer.o)
                0x00081914                _malloc_trim_r
 .text._free_r  0x000819b4      0x1cc c:/program files (x86)/atmel/studio/7.0/toolchain/arm/arm-gnu-toolchain/bin/../lib/gcc/arm-none-eabi/6.3.1/../../../../arm-none-eabi/lib/thumb/v7-m\libc.a(lib_a-freer.o)
                0x000819b4                _free_r
 .text.__retarget_lock_acquire_recursive
                0x00081b80        0x4 c:/program files (x86)/atmel/studio/7.0/toolchain/arm/arm-gnu-toolchain/bin/../lib/gcc/arm-none-eabi/6.3.1/../../../../arm-none-eabi/lib/thumb/v7-m\libc.a(lib_a-lock.o)
                0x00081b80                __retarget_lock_acquire_recursive
 .text.__retarget_lock_release_recursive
                0x00081b84        0x4 c:/program files (x86)/atmel/studio/7.0/toolchain/arm/arm-gnu-toolchain/bin/../lib/gcc/arm-none-eabi/6.3.1/../../../../arm-none-eabi/lib/thumb/v7-m\libc.a(lib_a-lock.o)
                0x00081b84                __retarget_lock_release_recursive
 *(.glue_7t)
 .glue_7t       0x00081b88        0x0 linker stubs
 *(.glue_7)
 .glue_7        0x00081b88        0x0 linker stubs
 *(.rodata .rodata* .gnu.linkonce.r.*)
 .rodata        0x00081b88      0x100 hal/sam3x_gpio.o
 .rodata        0x00081c88        0x3 hal/sam3x_spi.o
 *fill*         0x00081c8b        0x1 
 .rodata        0x00081c8c       0xc0 hal/sam3x_uart.o
 .rodata        0x00081d4c       0xb5 hal/sam3x_usb_device.o
 .rodata.str1.1
                0x00081e01       0x13 hal/sam3x_usb_device.o
 .rodata        0x00081e14       0x14 platform/serial_port.o
                0x00081e14                vtable for SerialPort
 .rodata        0x00081e28        0x3 platform/spi.o
 *fill*         0x00081e2b        0x1 
 .rodata        0x00081e2c       0x14 platform/usb_serial.o
                0x00081e2c                vtable for UsbSerialPort
 .rodata._global_impure_ptr
                0x00081e40        0x4 c:/program files (x86)/atmel/studio/7.0/toolchain/arm/arm-gnu-toolchain/bin/../lib/gcc/arm-none-eabi/6.3.1/../../../../arm-none-eabi/lib/thumb/v7-m\libc.a(lib_a-impure.o)
                0x00081e40                _global_impure_ptr
 *(.ARM.extab* .gnu.linkonce.armextab.*)
                0x00081e44                . = ALIGN (0x4)
 *(.init)
 .init          0x00081e44        0x4 c:/program files (x86)/atmel/studio/7.0/toolchain/arm/arm-gnu-toolchain/bin/../lib/gcc/arm-none-eabi/6.3.1/thumb/v7-m/crti.o
                0x00081e44                _init
 .init          0x00081e48        0x8 c:/program files (x86)/atmel/studio/7.0/toolchain/arm/arm-gnu-toolchain/bin/../lib/gcc/arm-none-eabi/6.3.1/thumb/v7-m/crtn.o
                0x00081e50                . = ALIGN (0x4)
                0x00081e50                __preinit_array_start = .
 *(.preinit_array)
                0x00081e50                __preinit_array_end = .
                0x00081e50                . = ALIGN (0x4)
                0x00081e50                __init_array_start = .
 *(SORT(.init_array.*))
 .init_array.00000
                0x00081e50        0x4 c:/program files (x86)/atmel/studio/7.0/toolchain/arm/arm-gnu-toolchain/bin/../lib/gcc/arm-none-eabi/6.3.1/../../../../arm-none-eabi/lib/thumb/v7-m\libc.a(lib_a-__call_atexit.o)
 *(.init_array)
 .init_array    0x00081e54        0x4 c:/program files (x86)/atmel/studio/7.0/toolchain/arm/arm-gnu-toolchain/bin/../lib/gcc/arm-none-eabi/6.3.1/thumb/v7-m/crtbegin.o
 .init_array    0x00081e58        0x4 libs/IGAS_Eth/IGAS_Eth.o
 .init_array    0x00081e5c        0x4 libs/IGAS_Eth/IPAddress.o
 .init_array    0x00081e60        0x4 libs/IGAS_Eth/utility/w5500.o
 .init_array    0x00081e64        0x4 platform/platform_serial.o
 .init_array    0x00081e68        0x4 platform/platform_spi.o
 .init_array    0x00081e6c        0x4 platform/platform_usb.o
                0x00081e70                __init_array_end = .
                0x00081e70                . = ALIGN (0x4)
 *crtbegin.o(.ctors)
 *(EXCLUDE_FILE(*crtend.o) .ctors)
 *(SORT(.ctors.*))
 *crtend.o(.ctors)
                0x00081e70                . = ALIGN (0x4)
 *(.fini)
 .fini          0x00081e70        0x4 c:/program files (x86)/atmel/studio/7.0/toolchain/arm/arm-gnu-toolchain/bin/../lib/gcc/arm-none-eabi/6.3.1/thumb/v7-m/crti.o
                0x00081e70                _fini
 .fini          0x00081e74        0x8 c:/program files (x86)/atmel/studio/7.0/toolchain/arm/arm-gnu-toolchain/bin/../lib/gcc/arm-none-eabi/6.3.1/thumb/v7-m/crtn.o
                0x00081e7c                . = ALIGN (0x4)
                0x00081e7c                __fini_array_start = .
 *(.fini_array)
 .fini_array    0x00081e7c        0x4 c:/program files (x86)/atmel/studio/7.0/toolchain/arm/arm-gnu-toolchain/bin/../lib/gcc/arm-none-eabi/6.3.1/thumb/v7-m/crtbegin.o
 *(SORT(.fini_array.*))
                0x00081e80                __fini_array_end = .
 *crtbegin.o(.dtors)
 *(EXCLUDE_FILE(*crtend.o) .dtors)
 *(SORT(.dtors.*))
 *crtend.o(.dtors)
                0x00081e80                . = ALIGN (0x4)
                0x00081e80                _efixed = .
                [!provide]                PROVIDE (__exidx_start, .)

.vfp11_veneer   0x00081e80        0x0
 .vfp11_veneer  0x00081e80        0x0 linker stubs

.v4_bx          0x00081e80        0x0
 .v4_bx         0x00081e80        0x0 linker stubs

.iplt           0x00081e80        0x0
 .iplt          0x00081e80        0x0 c:/program files (x86)/atmel/studio/7.0/toolchain/arm/arm-gnu-toolchain/bin/../lib/gcc/arm-none-eabi/6.3.1/thumb/v7-m/crtbegin.o

.ARM.exidx      0x00081e80        0x8
 *(.ARM.exidx* .gnu.linkonce.armexidx.*)
 .ARM.exidx.text.__aeabi_atexit
                0x00081e80        0x8 c:/program files (x86)/atmel/studio/7.0/toolchain/arm/arm-gnu-toolchain/bin/../lib/gcc/arm-none-eabi/6.3.1/../../../../arm-none-eabi/lib/thumb/v7-m\libstdc++.a(atexit_arm.o)
 .ARM.exidx.text._ZdlPvj
                0x00081e88        0x0 c:/program files (x86)/atmel/studio/7.0/toolchain/arm/arm-gnu-toolchain/bin/../lib/gcc/arm-none-eabi/6.3.1/../../../../arm-none-eabi/lib/thumb/v7-m\libstdc++.a(del_ops.o)
                                  0x8 (size before relaxing)
 .ARM.exidx.text._ZdlPv
                0x00081e88        0x0 c:/program files (x86)/atmel/studio/7.0/toolchain/arm/arm-gnu-toolchain/bin/../lib/gcc/arm-none-eabi/6.3.1/../../../../arm-none-eabi/lib/thumb/v7-m\libstdc++.a(del_op.o)
                                  0x8 (size before relaxing)
                [!provide]                PROVIDE (__exidx_end, .)

.eh_frame       0x00081e88        0x0
 .eh_frame      0x00081e88        0x0 c:/program files (x86)/atmel/studio/7.0/toolchain/arm/arm-gnu-toolchain/bin/../lib/gcc/arm-none-eabi/6.3.1/thumb/v7-m/crtbegin.o

.rel.dyn        0x00081e88        0x0
 .rel.iplt      0x00081e88        0x0 c:/program files (x86)/atmel/studio/7.0/toolchain/arm/arm-gnu-toolchain/bin/../lib/gcc/arm-none-eabi/6.3.1/thumb/v7-m/crtbegin.o

.jcr            0x00081e88        0x0
 .jcr           0x00081e88        0x0 c:/program files (x86)/atmel/studio/7.0/toolchain/arm/arm-gnu-toolchain/bin/../lib/gcc/arm-none-eabi/6.3.1/thumb/v7-m/crtbegin.o

.igot.plt       0x00081e88        0x0
 .igot.plt      0x00081e88        0x0 c:/program files (x86)/atmel/studio/7.0/toolchain/arm/arm-gnu-toolchain/bin/../lib/gcc/arm-none-eabi/6.3.1/thumb/v7-m/crtbegin.o
                0x00081e88                . = ALIGN (0x4)
                0x00081e88                _etext = .

.relocate       0x20000000      0x85c load address 0x00081e88
                0x20000000                . = ALIGN (0x4)
                0x20000000                _srelocate = .
 *(.ramfunc .ramfunc.*)
 *(.data .data.*)
 .data          0x20000000        0x4 c:/program files (x86)/atmel/studio/7.0/toolchain/arm/arm-gnu-toolchain/bin/../lib/gcc/arm-none-eabi/6.3.1/thumb/v7-m/crtbegin.o
                0x20000000                __dso_handle
 .data          0x20000004        0x4 Device_Startup/system_sam3xa.o
                0x20000004                SystemCoreClock
 .data          0x20000008        0x4 hal/sam3x_reset.o
 .data          0x2000000c        0xc hal/sam3x_usb_device.o
 .data          0x20000018        0x4 platform/platform_usb.o
                0x20000018                SerialUSB
 .data._impure_ptr
                0x2000001c        0x4 c:/program files (x86)/atmel/studio/7.0/toolchain/arm/arm-gnu-toolchain/bin/../lib/gcc/arm-none-eabi/6.3.1/../../../../arm-none-eabi/lib/thumb/v7-m\libc.a(lib_a-impure.o)
                0x2000001c                _impure_ptr
 .data.impure_data
                0x20000020      0x428 c:/program files (x86)/atmel/studio/7.0/toolchain/arm/arm-gnu-toolchain/bin/../lib/gcc/arm-none-eabi/6.3.1/../../../../arm-none-eabi/lib/thumb/v7-m\libc.a(lib_a-impure.o)
 .data.__malloc_av_
                0x20000448      0x408 c:/program files (x86)/atmel/studio/7.0/toolchain/arm/arm-gnu-toolchain/bin/../lib/gcc/arm-none-eabi/6.3.1/../../../../arm-none-eabi/lib/thumb/v7-m\libc.a(lib_a-mallocr.o)
                0x20000448                __malloc_av_
 .data.__malloc_sbrk_base
                0x20000850        0x4 c:/program files (x86)/atmel/studio/7.0/toolchain/arm/arm-gnu-toolchain/bin/../lib/gcc/arm-none-eabi/6.3.1/../../../../arm-none-eabi/lib/thumb/v7-m\libc.a(lib_a-mallocr.o)
                0x20000850                __malloc_sbrk_base
 .data.__malloc_trim_threshold
                0x20000854        0x4 c:/program files (x86)/atmel/studio/7.0/toolchain/arm/arm-gnu-toolchain/bin/../lib/gcc/arm-none-eabi/6.3.1/../../../../arm-none-eabi/lib/thumb/v7-m\libc.a(lib_a-mallocr.o)
                0x20000854                __malloc_trim_threshold
 .data.__atexit_recursive_mutex
                0x20000858        0x4 c:/program files (x86)/atmel/studio/7.0/toolchain/arm/arm-gnu-toolchain/bin/../lib/gcc/arm-none-eabi/6.3.1/../../../../arm-none-eabi/lib/thumb/v7-m\libc.a(lib_a-__call_atexit.o)
                0x20000858                __atexit_recursive_mutex
                0x2000085c                . = ALIGN (0x4)
                0x2000085c                _erelocate = .

.bss            0x2000085c      0x30c load address 0x000826e4
                0x2000085c                . = ALIGN (0x4)
                0x2000085c                _sbss = .
                0x2000085c                _szero = .
 *(.bss .bss.*)
 .bss           0x2000085c       0x1c c:/program files (x86)/atmel/studio/7.0/toolchain/arm/arm-gnu-toolchain/bin/../lib/gcc/arm-none-eabi/6.3.1/thumb/v7-m/crtbegin.o
 .bss           0x20000878        0x4 hal/sam3x_tick.o
 .bss           0x2000087c      0x23c hal/sam3x_usb_device.o
 .bss           0x20000ab8       0x1c libs/IGAS_Eth/IGAS_Eth.o
                0x20000ab8                EthernetClass::_state
                0x20000ac0                EthernetClass::_server_port
                0x20000ad0                Ethernet
 .bss           0x20000ad4        0x4 libs/IGAS_Eth/IPAddress.o
                0x20000ad4                INADDR_NONE
 .bss           0x20000ad8        0x1 libs/IGAS_Eth/utility/w5500.o
                0x20000ad8                w5500
 *fill*         0x20000ad9        0x3 
 .bss           0x20000adc       0x20 platform/platform_serial.o
                0x20000adc                Serial
                0x20000ae4                Serial1
                0x20000aec                Serial2
                0x20000af4                Serial3
 .bss           0x20000afc        0xc platform/platform_spi.o
                0x20000afc                SPI
 .bss           0x20000b08        0x4 platform/syscalls.o
 .bss.__malloc_current_mallinfo
                0x20000b0c       0x28 c:/program files (x86)/atmel/studio/7.0/toolchain/arm/arm-gnu-toolchain/bin/../lib/gcc/arm-none-eabi/6.3.1/../../../../arm-none-eabi/lib/thumb/v7-m\libc.a(lib_a-mallocr.o)
                0x20000b0c                __malloc_current_mallinfo
 .bss.__malloc_max_sbrked_mem
                0x20000b34        0x4 c:/program files (x86)/atmel/studio/7.0/toolchain/arm/arm-gnu-toolchain/bin/../lib/gcc/arm-none-eabi/6.3.1/../../../../arm-none-eabi/lib/thumb/v7-m\libc.a(lib_a-mallocr.o)
                0x20000b34                __malloc_max_sbrked_mem
 .bss.__malloc_max_total_mem
                0x20000b38        0x4 c:/program files (x86)/atmel/studio/7.0/toolchain/arm/arm-gnu-toolchain/bin/../lib/gcc/arm-none-eabi/6.3.1/../../../../arm-none-eabi/lib/thumb/v7-m\libc.a(lib_a-mallocr.o)
                0x20000b38                __malloc_max_total_mem
 .bss.__malloc_top_pad
                0x20000b3c        0x4 c:/program files (x86)/atmel/studio/7.0/toolchain/arm/arm-gnu-toolchain/bin/../lib/gcc/arm-none-eabi/6.3.1/../../../../arm-none-eabi/lib/thumb/v7-m\libc.a(lib_a-mallocr.o)
                0x20000b3c                __malloc_top_pad
 *(COMMON)
 COMMON         0x20000b40       0x21 c:/program files (x86)/atmel/studio/7.0/toolchain/arm/arm-gnu-toolchain/bin/../lib/gcc/arm-none-eabi/6.3.1/../../../../arm-none-eabi/lib/thumb/v7-m\libc.a(lib_a-lock.o)
                0x20000b40                __lock___atexit_recursive_mutex
                0x20000b44                __lock___arc4random_mutex
                0x20000b48                __lock___env_recursive_mutex
                0x20000b4c                __lock___sinit_recursive_mutex
                0x20000b50                __lock___malloc_recursive_mutex
                0x20000b54                __lock___at_quick_exit_mutex
                0x20000b58                __lock___dd_hash_mutex
                0x20000b5c                __lock___tz_mutex
                0x20000b60                __lock___sfp_recursive_mutex
 *fill*         0x20000b61        0x3 
 COMMON         0x20000b64        0x4 c:/program files (x86)/atmel/studio/7.0/toolchain/arm/arm-gnu-toolchain/bin/../lib/gcc/arm-none-eabi/6.3.1/../../../../arm-none-eabi/lib/thumb/v7-m\libc.a(lib_a-reent.o)
                0x20000b64                errno
                0x20000b68                . = ALIGN (0x4)
                0x20000b68                _ebss = .
                0x20000b68                _ezero = .

.stack          0x20000b68      0x400 load address 0x000829f0
                0x20000b68                . = ALIGN (0x8)
                0x20000b68                _sstack = .
                0x20000f68                . = (. + STACK_SIZE)
 *fill*         0x20000b68      0x400 
                0x20000f68                . = ALIGN (0x8)
                0x20000f68                _estack = .

.heap           0x20000f68      0x200 load address 0x00082df0
                0x20000f68                . = ALIGN (0x8)
                0x20000f68                _sheap = .
                0x20001168                . = (. + HEAP_SIZE)
 *fill*         0x20000f68      0x200 
                0x20001168                . = ALIGN (0x8)
                0x20001168                _eheap = .
                0x20001168                . = ALIGN (0x4)
                0x20001168                _end = .
                0x20017fff                _ram_end_ = ((ORIGIN (ram) + LENGTH (ram)) - 0x1)
OUTPUT(LCP_Basic.elf elf32-littlearm)

.ARM.attributes
                0x00000000       0x29
 .ARM.attributes
                0x00000000       0x1d c:/program files (x86)/atmel/studio/7.0/toolchain/arm/arm-gnu-toolchain/bin/../lib/gcc/arm-none-eabi/6.3.1/thumb/v7-m/crti.o
 .ARM.attributes
                0x0000001d       0x2d c:/program files (x86)/atmel/studio/7.0/toolchain/arm/arm-gnu-toolchain/bin/../lib/gcc/arm-none-eabi/6.3.1/thumb/v7-m/crtbegin.o
 .ARM.attributes
                0x0000004a       0x33 app/app.o
 .ARM.attributes
                0x0000007d       0x33 board/lcp_board.o
 .ARM.attributes
                0x000000b0       0x33 Device_Startup/startup_sam3xa.o
 .ARM.attributes
                0x000000e3       0x33 Device_Startup/system_sam3xa.o
 .ARM.attributes
                0x00000116       0x33 hal/sam3x_gpio.o
 .ARM.attributes
                0x00000149       0x33 hal/sam3x_reset.o
 .ARM.attributes
                0x0000017c       0x33 hal/sam3x_spi.o
 .ARM.attributes
                0x000001af       0x33 hal/sam3x_tick.o
 .ARM.attributes
                0x000001e2       0x33 hal/sam3x_uart.o
 .ARM.attributes
                0x00000215       0x33 hal/sam3x_usb_device.o
 .ARM.attributes
                0x00000248       0x33 libs/IGAS_Eth/IGAS_Eth.o
 .ARM.attributes
                0x0000027b       0x33 libs/IGAS_Eth/IPAddress.o
 .ARM.attributes
                0x000002ae       0x33 libs/IGAS_Eth/utility/w5500.o
 .ARM.attributes
                0x000002e1       0x33 main.o
 .ARM.attributes
                0x00000314       0x33 platform/platform_gpio.o
 .ARM.attributes
                0x00000347       0x33 platform/platform_serial.o
 .ARM.attributes
                0x0000037a       0x33 platform/platform_spi.o
 .ARM.attributes
                0x000003ad       0x33 platform/platform_time.o
 .ARM.attributes
                0x000003e0       0x33 platform/platform_usb.o
 .ARM.attributes
                0x00000413       0x33 platform/serial_port.o
 .ARM.attributes
                0x00000446       0x33 platform/spi.o
 .ARM.attributes
                0x00000479       0x33 platform/syscalls.o
 .ARM.attributes
                0x000004ac       0x33 platform/usb_serial.o
 .ARM.attributes
                0x000004df       0x2d c:/program files (x86)/atmel/studio/7.0/toolchain/arm/arm-gnu-toolchain/bin/../lib/gcc/arm-none-eabi/6.3.1/../../../../arm-none-eabi/lib/thumb/v7-m\libstdc++.a(atexit_arm.o)
 .ARM.attributes
                0x0000050c       0x2d c:/program files (x86)/atmel/studio/7.0/toolchain/arm/arm-gnu-toolchain/bin/../lib/gcc/arm-none-eabi/6.3.1/../../../../arm-none-eabi/lib/thumb/v7-m\libstdc++.a(del_ops.o)
 .ARM.attributes
                0x00000539       0x2d c:/program files (x86)/atmel/studio/7.0/toolchain/arm/arm-gnu-toolchain/bin/../lib/gcc/arm-none-eabi/6.3.1/../../../../arm-none-eabi/lib/thumb/v7-m\libstdc++.a(del_op.o)
 .ARM.attributes
                0x00000566       0x2d c:/program files (x86)/atmel/studio/7.0/toolchain/arm/arm-gnu-toolchain/bin/../lib/gcc/arm-none-eabi/6.3.1/../../../../arm-none-eabi/lib/thumb/v7-m\libc.a(lib_a-cxa_atexit.o)
 .ARM.attributes
                0x00000593       0x2d c:/program files (x86)/atmel/studio/7.0/toolchain/arm/arm-gnu-toolchain/bin/../lib/gcc/arm-none-eabi/6.3.1/../../../../arm-none-eabi/lib/thumb/v7-m\libc.a(lib_a-errno.o)
 .ARM.attributes
                0x000005c0       0x2d c:/program files (x86)/atmel/studio/7.0/toolchain/arm/arm-gnu-toolchain/bin/../lib/gcc/arm-none-eabi/6.3.1/../../../../arm-none-eabi/lib/thumb/v7-m\libc.a(lib_a-impure.o)
 .ARM.attributes
                0x000005ed       0x2d c:/program files (x86)/atmel/studio/7.0/toolchain/arm/arm-gnu-toolchain/bin/../lib/gcc/arm-none-eabi/6.3.1/../../../../arm-none-eabi/lib/thumb/v7-m\libc.a(lib_a-init.o)
 .ARM.attributes
                0x0000061a       0x2d c:/program files (x86)/atmel/studio/7.0/toolchain/arm/arm-gnu-toolchain/bin/../lib/gcc/arm-none-eabi/6.3.1/../../../../arm-none-eabi/lib/thumb/v7-m\libc.a(lib_a-malloc.o)
 .ARM.attributes
                0x00000647       0x2d c:/program files (x86)/atmel/studio/7.0/toolchain/arm/arm-gnu-toolchain/bin/../lib/gcc/arm-none-eabi/6.3.1/../../../../arm-none-eabi/lib/thumb/v7-m\libc.a(lib_a-mallocr.o)
 .ARM.attributes
                0x00000674       0x1b c:/program files (x86)/atmel/studio/7.0/toolchain/arm/arm-gnu-toolchain/bin/../lib/gcc/arm-none-eabi/6.3.1/../../../../arm-none-eabi/lib/thumb/v7-m\libc.a(lib_a-memcpy.o)
 .ARM.attributes
                0x0000068f       0x2d c:/program files (x86)/atmel/studio/7.0/toolchain/arm/arm-gnu-toolchain/bin/../lib/gcc/arm-none-eabi/6.3.1/../../../../arm-none-eabi/lib/thumb/v7-m\libc.a(lib_a-mlock.o)
 .ARM.attributes
                0x000006bc       0x2d c:/program files (x86)/atmel/studio/7.0/toolchain/arm/arm-gnu-toolchain/bin/../lib/gcc/arm-none-eabi/6.3.1/../../../../arm-none-eabi/lib/thumb/v7-m\libc.a(lib_a-sbrkr.o)
 .ARM.attributes
                0x000006e9       0x2d c:/program files (x86)/atmel/studio/7.0/toolchain/arm/arm-gnu-toolchain/bin/../lib/gcc/arm-none-eabi/6.3.1/../../../../arm-none-eabi/lib/thumb/v7-m\libc.a(lib_a-__atexit.o)
 .ARM.attributes
                0x00000716       0x2d c:/program files (x86)/atmel/studio/7.0/toolchain/arm/arm-gnu-toolchain/bin/../lib/gcc/arm-none-eabi/6.3.1/../../../../arm-none-eabi/lib/thumb/v7-m\libc.a(lib_a-__call_atexit.o)
 .ARM.attributes
                0x00000743       0x2d c:/program files (x86)/atmel/studio/7.0/toolchain/arm/arm-gnu-toolchain/bin/../lib/gcc/arm-none-eabi/6.3.1/../../../../arm-none-eabi/lib/thumb/v7-m\libc.a(lib_a-atexit.o)
 .ARM.attributes
                0x00000770       0x2d c:/program files (x86)/atmel/studio/7.0/toolchain/arm/arm-gnu-toolchain/bin/../lib/gcc/arm-none-eabi/6.3.1/../../../../arm-none-eabi/lib/thumb/v7-m\libc.a(lib_a-fini.o)
 .ARM.attributes
                0x0000079d       0x2d c:/program files (x86)/atmel/studio/7.0/toolchain/arm/arm-gnu-toolchain/bin/../lib/gcc/arm-none-eabi/6.3.1/../../../../arm-none-eabi/lib/thumb/v7-m\libc.a(lib_a-freer.o)
 .ARM.attributes
                0x000007ca       0x2d c:/program files (x86)/atmel/studio/7.0/toolchain/arm/arm-gnu-toolchain/bin/../lib/gcc/arm-none-eabi/6.3.1/../../../../arm-none-eabi/lib/thumb/v7-m\libc.a(lib_a-lock.o)
 .ARM.attributes
                0x000007f7       0x2d c:/program files (x86)/atmel/studio/7.0/toolchain/arm/arm-gnu-toolchain/bin/../lib/gcc/arm-none-eabi/6.3.1/../../../../arm-none-eabi/lib/thumb/v7-m\libc.a(lib_a-reent.o)
 .ARM.attributes
                0x00000824       0x1d c:/program files (x86)/atmel/studio/7.0/toolchain/arm/arm-gnu-toolchain/bin/../lib/gcc/arm-none-eabi/6.3.1/thumb/v7-m/crtn.o

.comment        0x00000000       0x59
 .comment       0x00000000       0x59 app/app.o
                                 0x5a (size before relaxing)
 .comment       0x00000059       0x5a board/lcp_board.o
 .comment       0x00000059       0x5a Device_Startup/startup_sam3xa.o
 .comment       0x00000059       0x5a Device_Startup/system_sam3xa.o
 .comment       0x00000059       0x5a hal/sam3x_gpio.o
 .comment       0x00000059       0x5a hal/sam3x_reset.o
 .comment       0x00000059       0x5a hal/sam3x_spi.o
 .comment       0x00000059       0x5a hal/sam3x_tick.o
 .comment       0x00000059       0x5a hal/sam3x_uart.o
 .comment       0x00000059       0x5a hal/sam3x_usb_device.o
 .comment       0x00000059       0x5a libs/IGAS_Eth/IGAS_Eth.o
 .comment       0x00000059       0x5a libs/IGAS_Eth/IPAddress.o
 .comment       0x00000059       0x5a libs/IGAS_Eth/utility/w5500.o
 .comment       0x00000059       0x5a main.o
 .comment       0x00000059       0x5a platform/platform_gpio.o
 .comment       0x00000059       0x5a platform/platform_serial.o
 .comment       0x00000059       0x5a platform/platform_spi.o
 .comment       0x00000059       0x5a platform/platform_time.o
 .comment       0x00000059       0x5a platform/platform_usb.o
 .comment       0x00000059       0x5a platform/serial_port.o
 .comment       0x00000059       0x5a platform/spi.o
 .comment       0x00000059       0x5a platform/syscalls.o
 .comment       0x00000059       0x5a platform/usb_serial.o

.debug_frame    0x00000000      0x40c
 .debug_frame   0x00000000       0x20 c:/program files (x86)/atmel/studio/7.0/toolchain/arm/arm-gnu-toolchain/bin/../lib/gcc/arm-none-eabi/6.3.1/../../../../arm-none-eabi/lib/thumb/v7-m\libstdc++.a(atexit_arm.o)
 .debug_frame   0x00000020       0x20 c:/program files (x86)/atmel/studio/7.0/toolchain/arm/arm-gnu-toolchain/bin/../lib/gcc/arm-none-eabi/6.3.1/../../../../arm-none-eabi/lib/thumb/v7-m\libstdc++.a(del_ops.o)
 .debug_frame   0x00000040       0x20 c:/program files (x86)/atmel/studio/7.0/toolchain/arm/arm-gnu-toolchain/bin/../lib/gcc/arm-none-eabi/6.3.1/../../../../arm-none-eabi/lib/thumb/v7-m\libstdc++.a(del_op.o)
 .debug_frame   0x00000060       0x20 c:/program files (x86)/atmel/studio/7.0/toolchain/arm/arm-gnu-toolchain/bin/../lib/gcc/arm-none-eabi/6.3.1/../../../../arm-none-eabi/lib/thumb/v7-m\libc.a(lib_a-cxa_atexit.o)
 .debug_frame   0x00000080       0x20 c:/program files (x86)/atmel/studio/7.0/toolchain/arm/arm-gnu-toolchain/bin/../lib/gcc/arm-none-eabi/6.3.1/../../../../arm-none-eabi/lib/thumb/v7-m\libc.a(lib_a-errno.o)
 .debug_frame   0x000000a0       0x2c c:/program files (x86)/atmel/studio/7.0/toolchain/arm/arm-gnu-toolchain/bin/../lib/gcc/arm-none-eabi/6.3.1/../../../../arm-none-eabi/lib/thumb/v7-m\libc.a(lib_a-init.o)
 .debug_frame   0x000000cc       0x30 c:/program files (x86)/atmel/studio/7.0/toolchain/arm/arm-gnu-toolchain/bin/../lib/gcc/arm-none-eabi/6.3.1/../../../../arm-none-eabi/lib/thumb/v7-m\libc.a(lib_a-malloc.o)
 .debug_frame   0x000000fc       0x54 c:/program files (x86)/atmel/studio/7.0/toolchain/arm/arm-gnu-toolchain/bin/../lib/gcc/arm-none-eabi/6.3.1/../../../../arm-none-eabi/lib/thumb/v7-m\libc.a(lib_a-mallocr.o)
 .debug_frame   0x00000150       0x30 c:/program files (x86)/atmel/studio/7.0/toolchain/arm/arm-gnu-toolchain/bin/../lib/gcc/arm-none-eabi/6.3.1/../../../../arm-none-eabi/lib/thumb/v7-m\libc.a(lib_a-mlock.o)
 .debug_frame   0x00000180       0x2c c:/program files (x86)/atmel/studio/7.0/toolchain/arm/arm-gnu-toolchain/bin/../lib/gcc/arm-none-eabi/6.3.1/../../../../arm-none-eabi/lib/thumb/v7-m\libc.a(lib_a-sbrkr.o)
 .debug_frame   0x000001ac       0x34 c:/program files (x86)/atmel/studio/7.0/toolchain/arm/arm-gnu-toolchain/bin/../lib/gcc/arm-none-eabi/6.3.1/../../../../arm-none-eabi/lib/thumb/v7-m\libc.a(lib_a-__atexit.o)
 .debug_frame   0x000001e0       0x5c c:/program files (x86)/atmel/studio/7.0/toolchain/arm/arm-gnu-toolchain/bin/../lib/gcc/arm-none-eabi/6.3.1/../../../../arm-none-eabi/lib/thumb/v7-m\libc.a(lib_a-__call_atexit.o)
 .debug_frame   0x0000023c       0x20 c:/program files (x86)/atmel/studio/7.0/toolchain/arm/arm-gnu-toolchain/bin/../lib/gcc/arm-none-eabi/6.3.1/../../../../arm-none-eabi/lib/thumb/v7-m\libc.a(lib_a-atexit.o)
 .debug_frame   0x0000025c       0x34 c:/program files (x86)/atmel/studio/7.0/toolchain/arm/arm-gnu-toolchain/bin/../lib/gcc/arm-none-eabi/6.3.1/../../../../arm-none-eabi/lib/thumb/v7-m\libc.a(lib_a-fini.o)
 .debug_frame   0x00000290       0x74 c:/program files (x86)/atmel/studio/7.0/toolchain/arm/arm-gnu-toolchain/bin/../lib/gcc/arm-none-eabi/6.3.1/../../../../arm-none-eabi/lib/thumb/v7-m\libc.a(lib_a-freer.o)
 .debug_frame   0x00000304       0xb0 c:/program files (x86)/atmel/studio/7.0/toolchain/arm/arm-gnu-toolchain/bin/../lib/gcc/arm-none-eabi/6.3.1/../../../../arm-none-eabi/lib/thumb/v7-m\libc.a(lib_a-lock.o)
 .debug_frame   0x000003b4       0x58 c:/program files (x86)/atmel/studio/7.0/toolchain/arm/arm-gnu-toolchain/bin/../lib/gcc/arm-none-eabi/6.3.1/../../../../arm-none-eabi/lib/thumb/v7-m\libc.a(lib_a-reent.o)
