[0329/204115:ERROR:backend_impl.cc(2020)] Corrupt Index file
[0329/204115:ERROR:cache_util_win.cc(20)] Unable to move the cache: 5
[0329/204115:ERROR:cache_util.cc(134)] Unable to move cache folder C:\ProgramData\Altium\Altium Designer {38ED491E-C6A5-456C-ACF3-D5C6F2B4D80F}\BrowserCache to C:\ProgramData\Altium\Altium Designer {38ED491E-C6A5-456C-ACF3-D5C6F2B4D80F}\old_BrowserCache_000
[0329/204115:ERROR:cache_creator.cc(129)] Unable to create cache
[0329/204116:INFO:CONSOLE(0)] "The source list for Content Security Policy directive 'script-src' contains an invalid source: ''report-sample''. It will be ignored.", source: https://www.altium.com/ (0)
[0329/204116:INFO:CONSOLE(0)] "Unrecognized Content-Security-Policy directive 'worker-src'.
", source: https://www.altium.com/ (0)
[0329/204116:INFO:CONSOLE(0)] "Synchronous XMLHttpRequest on the main thread is deprecated because of its detrimental effects to the end user's experience. For more help, check https://xhr.spec.whatwg.org/.", source:  (0)
[0329/204116:INFO:CONSOLE(0)] "Setting 'XMLHttpRequest.withCredentials' for synchronous requests is deprecated.", source:  (0)
[0329/204116:INFO:CONSOLE(242)] "Uncaught SyntaxError: Unexpected token {", source: https://www.altium.com/ (242)
[0329/204116:INFO:CONSOLE(280)] "Uncaught TypeError: Cannot read property 'utility' of undefined", source: https://www.altium.com/ (280)
[0329/204116:INFO:CONSOLE(3)] "Uncaught SyntaxError: Unexpected token ...", source: https://js.qualified.com/qualified.js?token=9Ye7VbKcmoDFGWrj (3)
[0329/204116:INFO:CONSOLE(1)] "Uncaught SyntaxError: Unexpected token ...", source: https://cdn-shared.altium.com/production/dams/dams.min.js (1)
[0329/204116:INFO:CONSOLE(3)] "Uncaught SyntaxError: Unexpected token .", source: https://cdn-shared.altium.com/production/drift/driftChat.js (3)
[0329/204116:INFO:CONSOLE(10)] "Uncaught SyntaxError: Unexpected token .", source: https://www.altium.com/sites/default/assets/js/js_HhzEfvHwNivgPwxryzunLgoFQ9ZDVLPEX6scIf7o96g.js?scope=footer&delta=4&language=en&theme=altium_designer_new&include=eJx1UFtuhDAMvNBCjhSZxASzSYxss1tuX9olCFH1w_F4ZvxQIEZjqJuDA_SjcLUHZKO1-DC7D-rCfHKrGhcXhUbrwgR2E1LmAXJnExbsqI5806lGguoFIwkG0yZHVEoVxVd8tyFqW6aaTouq26OVH5NXBAlTO7R1_pLNmTmxf1NMaMfoK9UvwrFZC8gTjd2Ru5GlnBsrvCiBEVc_ZA5PdSOzofyvTwjxog-6uAtuvE6w_4f7uaOHnP0CCc-lui4oGoQWc3-p5nqBEBiLC7xWk-2RmFNGb5Bc2p973cMMX9-XTMok (10)
[0329/204116:INFO:CONSOLE(145)] "Uncaught ReferenceError: globalThis is not defined", source: https://www.googletagmanager.com/gtm.js?id=GTM-5LFC7W (145)
[0329/204116:INFO:CONSOLE(412)] "Uncaught SyntaxError: Unexpected token ...", source: https://cdn.files.altium.com/themes/master-1774616678/web/themes/custom/altium_designer_new/js/altium_func.js (412)
[0329/204116:INFO:CONSOLE(1)] "Uncaught SyntaxError: Unexpected token =", source: https://cdn-shared.altium.com/production/navigation_new/app/dist_prod_server_html/footer.js (1)
[0329/204116:INFO:CONSOLE(1)] "Uncaught SyntaxError: Unexpected token ...", source: https://cdn-shared.altium.com/production/navigation_new/app/dist_prod_server_html/header.js (1)
[0329/204116:INFO:CONSOLE(4)] "Uncaught TypeError: Cannot read property 'prototype' of undefined", source: https://www.altium.com/sites/default/assets/js/js_2zpuflkryLjcWT7B0K7s3YNLnWQZLY7C9yjF5J27WDU.js?scope=footer&delta=34&language=en&theme=altium_designer_new&include=eJx1UFtuhDAMvNBCjhSZxASzSYxss1tuX9olCFH1w_F4ZvxQIEZjqJuDA_SjcLUHZKO1-DC7D-rCfHKrGhcXhUbrwgR2E1LmAXJnExbsqI5806lGguoFIwkG0yZHVEoVxVd8tyFqW6aaTouq26OVH5NXBAlTO7R1_pLNmTmxf1NMaMfoK9UvwrFZC8gTjd2Ru5GlnBsrvCiBEVc_ZA5PdSOzofyvTwjxog-6uAtuvE6w_4f7uaOHnP0CCc-lui4oGoQWc3-p5nqBEBiLC7xWk-2RmFNGb5Bc2p973cMMX9-XTMok (4)
[0329/204116:INFO:CONSOLE(0)] "The source list for Content Security Policy directive 'script-src' contains an invalid source: ''report-sample''. It will be ignored.", source: about:blank (0)
[0329/204116:INFO:CONSOLE(0)] "Unrecognized Content-Security-Policy directive 'worker-src'.
", source: about:blank (0)
[0329/204116:INFO:CONSOLE(144)] "Attempting to initialize MktoForms2 (attempt 1/5)", source: https://www.altium.com/ (144)
[0329/204116:INFO:CONSOLE(159)] "Loading MktoForms2 script", source: https://www.altium.com/ (159)
[0329/204116:INFO:CONSOLE(412)] "Uncaught TypeError: window.DriftChat is not a constructor", source: https://www.altium.com/ (412)
[0329/204117:INFO:CONSOLE(1)] "GSAP target [object NodeList] not found. https://gsap.com", source: https://cdn.files.altium.com/themes/master-1774616678/web/themes/custom/altium_designer_new/html/dist/vendor/gsap/gsap.min.js (1)
[0329/204117:INFO:CONSOLE(1)] "GSAP target  not found. https://gsap.com", source: https://cdn.files.altium.com/themes/master-1774616678/web/themes/custom/altium_designer_new/html/dist/vendor/gsap/gsap.min.js (1)
[0329/204117:INFO:CONSOLE(1)] "GSAP target  not found. https://gsap.com", source: https://cdn.files.altium.com/themes/master-1774616678/web/themes/custom/altium_designer_new/html/dist/vendor/gsap/gsap.min.js (1)
[0329/204117:INFO:CONSOLE(416)] "Uncaught TypeError: window.DriftChat is not a constructor", source: https://www.altium.com/ (416)
[0329/204117:INFO:CONSOLE(7)] "Uncaught (in promise) TypeError: Object.entries is not a function", source: https://cdn.cookielaw.org/scripttemplates/202510.1.0/otBannerSdk.js (7)
[0329/204117:INFO:CONSOLE(11)] "Uncaught TypeError: Object.entries is not a function", source: https://www.altium.com/sites/default/assets/js/js_Lo-RffVL-crQ15xohdWPXKkYXt9z9MjH2Ij7kSElHis.js?scope=footer&delta=0&language=en&theme=altium_designer_new&include=eJx1UFtuhDAMvNBCjhSZxASzSYxss1tuX9olCFH1w_F4ZvxQIEZjqJuDA_SjcLUHZKO1-DC7D-rCfHKrGhcXhUbrwgR2E1LmAXJnExbsqI5806lGguoFIwkG0yZHVEoVxVd8tyFqW6aaTouq26OVH5NXBAlTO7R1_pLNmTmxf1NMaMfoK9UvwrFZC8gTjd2Ru5GlnBsrvCiBEVc_ZA5PdSOzofyvTwjxog-6uAtuvE6w_4f7uaOHnP0CCc-lui4oGoQWc3-p5nqBEBiLC7xWk-2RmFNGb5Bc2p973cMMX9-XTMok (11)
[0329/204117:INFO:CONSOLE(11)] "Uncaught TypeError: fetchGeoip(...).finally is not a function", source: https://www.altium.com/sites/default/assets/js/js_Lo-RffVL-crQ15xohdWPXKkYXt9z9MjH2Ij7kSElHis.js?scope=footer&delta=0&language=en&theme=altium_designer_new&include=eJx1UFtuhDAMvNBCjhSZxASzSYxss1tuX9olCFH1w_F4ZvxQIEZjqJuDA_SjcLUHZKO1-DC7D-rCfHKrGhcXhUbrwgR2E1LmAXJnExbsqI5806lGguoFIwkG0yZHVEoVxVd8tyFqW6aaTouq26OVH5NXBAlTO7R1_pLNmTmxf1NMaMfoK9UvwrFZC8gTjd2Ru5GlnBsrvCiBEVc_ZA5PdSOzofyvTwjxog-6uAtuvE6w_4f7uaOHnP0CCc-lui4oGoQWc3-p5nqBEBiLC7xWk-2RmFNGb5Bc2p973cMMX9-XTMok (11)
[0329/204117:INFO:CONSOLE(143)] "Uncaught TypeError: link.closest(...).after is not a function", source: https://cdn-shared.altium.com/production/onetrust/onetrust.js (143)
[0329/204117:INFO:CONSOLE(3)] "cj values -> ", source: https://www.altium.com/sites/default/assets/js/js_gK2KNXdysc3vsJcxsbCU9z2kMpIfkJRf6FH5rztueHg.js?scope=footer&delta=2&language=en&theme=altium_designer_new&include=eJx1UFtuhDAMvNBCjhSZxASzSYxss1tuX9olCFH1w_F4ZvxQIEZjqJuDA_SjcLUHZKO1-DC7D-rCfHKrGhcXhUbrwgR2E1LmAXJnExbsqI5806lGguoFIwkG0yZHVEoVxVd8tyFqW6aaTouq26OVH5NXBAlTO7R1_pLNmTmxf1NMaMfoK9UvwrFZC8gTjd2Ru5GlnBsrvCiBEVc_ZA5PdSOzofyvTwjxog-6uAtuvE6w_4f7uaOHnP0CCc-lui4oGoQWc3-p5nqBEBiLC7xWk-2RmFNGb5Bc2p973cMMX9-XTMok (3)
[0329/204117:INFO:CONSOLE(144)] "Attempting to initialize MktoForms2 (attempt 2/5)", source: https://www.altium.com/ (144)
[0329/204117:INFO:CONSOLE(146)] "MktoForms2 found, registering form handler", source: https://www.altium.com/ (146)
[0329/204117:INFO:CONSOLE(149)] "Registering onFormRender handler for dynamically added forms", source: https://www.altium.com/ (149)
[0329/204131:INFO:CONSOLE(175)] "Timeout reached waiting for MktoForms2", source: https://www.altium.com/ (175)
[0330/144902:WARNING:dns_config_service_win.cc(711)] Failed to read DnsHosts.
[0330/144902:WARNING:dns_config_service_win.cc(711)] Failed to read DnsHosts.
[0406/220022:ERROR:backend_impl.cc(2020)] Corrupt Index file
[0406/220022:ERROR:cache_util_win.cc(20)] Unable to move the cache: 5
[0406/220022:ERROR:cache_util.cc(134)] Unable to move cache folder C:\ProgramData\Altium\Altium Designer {38ED491E-C6A5-456C-ACF3-D5C6F2B4D80F}\BrowserCache to C:\ProgramData\Altium\Altium Designer {38ED491E-C6A5-456C-ACF3-D5C6F2B4D80F}\old_BrowserCache_000
[0406/220022:ERROR:cache_creator.cc(129)] Unable to create cache
[0406/220023:INFO:CONSOLE(0)] "The source list for Content Security Policy directive 'script-src' contains an invalid source: ''report-sample''. It will be ignored.", source: https://www.altium.com/ (0)
[0406/220023:INFO:CONSOLE(0)] "Unrecognized Content-Security-Policy directive 'worker-src'.
", source: https://www.altium.com/ (0)
[0406/220023:INFO:CONSOLE(0)] "Synchronous XMLHttpRequest on the main thread is deprecated because of its detrimental effects to the end user's experience. For more help, check https://xhr.spec.whatwg.org/.", source:  (0)
[0406/220023:INFO:CONSOLE(0)] "Setting 'XMLHttpRequest.withCredentials' for synchronous requests is deprecated.", source:  (0)
[0406/220023:INFO:CONSOLE(242)] "Uncaught SyntaxError: Unexpected token {", source: https://www.altium.com/ (242)
[0406/220023:INFO:CONSOLE(280)] "Uncaught TypeError: Cannot read property 'utility' of undefined", source: https://www.altium.com/ (280)
[0406/220024:INFO:CONSOLE(3)] "Uncaught SyntaxError: Unexpected token ...", source: https://js.qualified.com/qualified.js?token=9Ye7VbKcmoDFGWrj (3)
[0406/220024:INFO:CONSOLE(1)] "Uncaught SyntaxError: Unexpected token ...", source: https://cdn-shared.altium.com/production/dams/dams.min.js (1)
[0406/220024:INFO:CONSOLE(3)] "Uncaught SyntaxError: Unexpected token .", source: https://cdn-shared.altium.com/production/drift/driftChat.js (3)
[0406/220024:INFO:CONSOLE(10)] "Uncaught SyntaxError: Unexpected token .", source: https://www.altium.com/sites/default/assets/js/js_HhzEfvHwNivgPwxryzunLgoFQ9ZDVLPEX6scIf7o96g.js?scope=footer&delta=4&language=en&theme=altium_designer_new&include=eJx1UFtuhDAMvNBCjhSZxASzSYxss1tuX9olCFH1w_F4ZvxQIEZjqJuDA_SjcLUHZKO1-DC7D-rCfHKrGhcXhUbrwgR2E1LmAXJnExbsqI5806lGguoFIwkG0yZHVEoVxVd8tyFqW6aaTouq26OVH5NXBAlTO7R1_pLNmTmxf1NMaMfoK9UvwrFZC8gTjd2Ru5GlnBsrvCiBEVc_ZA5PdSOzofyvTwjxog-6uAtuvE6w_4f7uaOHnP0CCc-lui4oGoQWc3-p5nqBEBiLC7xWk-2RmFNGb5Bc2p973cMMX9-XTMok (10)
[0406/220024:INFO:CONSOLE(145)] "Uncaught ReferenceError: globalThis is not defined", source: https://www.googletagmanager.com/gtm.js?id=GTM-5LFC7W (145)
[0406/220024:INFO:CONSOLE(412)] "Uncaught SyntaxError: Unexpected token ...", source: https://cdn.files.altium.com/themes/master-1775150348/web/themes/custom/altium_designer_new/js/altium_func.js (412)
[0406/220024:INFO:CONSOLE(1)] "Uncaught SyntaxError: Unexpected token =", source: https://cdn-shared.altium.com/production/navigation_new/app/dist_prod_server_html/footer.js (1)
[0406/220024:INFO:CONSOLE(1)] "Uncaught SyntaxError: Unexpected token ...", source: https://cdn-shared.altium.com/production/navigation_new/app/dist_prod_server_html/header.js (1)
[0406/220024:INFO:CONSOLE(4)] "Uncaught TypeError: Cannot read property 'prototype' of undefined", source: https://www.altium.com/sites/default/assets/js/js_2zpuflkryLjcWT7B0K7s3YNLnWQZLY7C9yjF5J27WDU.js?scope=footer&delta=34&language=en&theme=altium_designer_new&include=eJx1UFtuhDAMvNBCjhSZxASzSYxss1tuX9olCFH1w_F4ZvxQIEZjqJuDA_SjcLUHZKO1-DC7D-rCfHKrGhcXhUbrwgR2E1LmAXJnExbsqI5806lGguoFIwkG0yZHVEoVxVd8tyFqW6aaTouq26OVH5NXBAlTO7R1_pLNmTmxf1NMaMfoK9UvwrFZC8gTjd2Ru5GlnBsrvCiBEVc_ZA5PdSOzofyvTwjxog-6uAtuvE6w_4f7uaOHnP0CCc-lui4oGoQWc3-p5nqBEBiLC7xWk-2RmFNGb5Bc2p973cMMX9-XTMok (4)
[0406/220024:INFO:CONSOLE(0)] "The source list for Content Security Policy directive 'script-src' contains an invalid source: ''report-sample''. It will be ignored.", source: about:blank (0)
[0406/220024:INFO:CONSOLE(0)] "Unrecognized Content-Security-Policy directive 'worker-src'.
", source: about:blank (0)
[0406/220024:INFO:CONSOLE(144)] "Attempting to initialize MktoForms2 (attempt 1/5)", source: https://www.altium.com/ (144)
[0406/220024:INFO:CONSOLE(159)] "Loading MktoForms2 script", source: https://www.altium.com/ (159)
[0406/220024:INFO:CONSOLE(412)] "Uncaught TypeError: window.DriftChat is not a constructor", source: https://www.altium.com/ (412)
[0406/220024:INFO:CONSOLE(1)] "GSAP target [object NodeList] not found. https://gsap.com", source: https://cdn.files.altium.com/themes/master-1775150348/web/themes/custom/altium_designer_new/html/dist/vendor/gsap/gsap.min.js (1)
[0406/220024:INFO:CONSOLE(1)] "GSAP target  not found. https://gsap.com", source: https://cdn.files.altium.com/themes/master-1775150348/web/themes/custom/altium_designer_new/html/dist/vendor/gsap/gsap.min.js (1)
[0406/220024:INFO:CONSOLE(1)] "GSAP target  not found. https://gsap.com", source: https://cdn.files.altium.com/themes/master-1775150348/web/themes/custom/altium_designer_new/html/dist/vendor/gsap/gsap.min.js (1)
[0406/220024:INFO:CONSOLE(416)] "Uncaught TypeError: window.DriftChat is not a constructor", source: https://www.altium.com/ (416)
[0406/220025:INFO:CONSOLE(11)] "Uncaught TypeError: Object.entries is not a function", source: https://www.altium.com/sites/default/assets/js/js_Lo-RffVL-crQ15xohdWPXKkYXt9z9MjH2Ij7kSElHis.js?scope=footer&delta=0&language=en&theme=altium_designer_new&include=eJx1UFtuhDAMvNBCjhSZxASzSYxss1tuX9olCFH1w_F4ZvxQIEZjqJuDA_SjcLUHZKO1-DC7D-rCfHKrGhcXhUbrwgR2E1LmAXJnExbsqI5806lGguoFIwkG0yZHVEoVxVd8tyFqW6aaTouq26OVH5NXBAlTO7R1_pLNmTmxf1NMaMfoK9UvwrFZC8gTjd2Ru5GlnBsrvCiBEVc_ZA5PdSOzofyvTwjxog-6uAtuvE6w_4f7uaOHnP0CCc-lui4oGoQWc3-p5nqBEBiLC7xWk-2RmFNGb5Bc2p973cMMX9-XTMok (11)
[0406/220025:INFO:CONSOLE(11)] "Uncaught TypeError: fetchGeoip(...).finally is not a function", source: https://www.altium.com/sites/default/assets/js/js_Lo-RffVL-crQ15xohdWPXKkYXt9z9MjH2Ij7kSElHis.js?scope=footer&delta=0&language=en&theme=altium_designer_new&include=eJx1UFtuhDAMvNBCjhSZxASzSYxss1tuX9olCFH1w_F4ZvxQIEZjqJuDA_SjcLUHZKO1-DC7D-rCfHKrGhcXhUbrwgR2E1LmAXJnExbsqI5806lGguoFIwkG0yZHVEoVxVd8tyFqW6aaTouq26OVH5NXBAlTO7R1_pLNmTmxf1NMaMfoK9UvwrFZC8gTjd2Ru5GlnBsrvCiBEVc_ZA5PdSOzofyvTwjxog-6uAtuvE6w_4f7uaOHnP0CCc-lui4oGoQWc3-p5nqBEBiLC7xWk-2RmFNGb5Bc2p973cMMX9-XTMok (11)
[0406/220025:INFO:CONSOLE(7)] "Uncaught (in promise) TypeError: Object.entries is not a function", source: https://cdn.cookielaw.org/scripttemplates/202510.1.0/otBannerSdk.js (7)
[0406/220025:INFO:CONSOLE(143)] "Uncaught TypeError: link.closest(...).after is not a function", source: https://cdn-shared.altium.com/production/onetrust/onetrust.js (143)
[0406/220025:INFO:CONSOLE(3)] "cj values -> ", source: https://www.altium.com/sites/default/assets/js/js_gK2KNXdysc3vsJcxsbCU9z2kMpIfkJRf6FH5rztueHg.js?scope=footer&delta=2&language=en&theme=altium_designer_new&include=eJx1UFtuhDAMvNBCjhSZxASzSYxss1tuX9olCFH1w_F4ZvxQIEZjqJuDA_SjcLUHZKO1-DC7D-rCfHKrGhcXhUbrwgR2E1LmAXJnExbsqI5806lGguoFIwkG0yZHVEoVxVd8tyFqW6aaTouq26OVH5NXBAlTO7R1_pLNmTmxf1NMaMfoK9UvwrFZC8gTjd2Ru5GlnBsrvCiBEVc_ZA5PdSOzofyvTwjxog-6uAtuvE6w_4f7uaOHnP0CCc-lui4oGoQWc3-p5nqBEBiLC7xWk-2RmFNGb5Bc2p973cMMX9-XTMok (3)
[0406/220025:INFO:CONSOLE(144)] "Attempting to initialize MktoForms2 (attempt 2/5)", source: https://www.altium.com/ (144)
[0406/220025:INFO:CONSOLE(146)] "MktoForms2 found, registering form handler", source: https://www.altium.com/ (146)
[0406/220025:INFO:CONSOLE(149)] "Registering onFormRender handler for dynamically added forms", source: https://www.altium.com/ (149)
[0406/220038:INFO:CONSOLE(175)] "Timeout reached waiting for MktoForms2", source: https://www.altium.com/ (175)
[0503/190149:ERROR:backend_impl.cc(2020)] Corrupt Index file
[0503/190149:ERROR:cache_util_win.cc(20)] Unable to move the cache: 5
[0503/190149:ERROR:cache_util.cc(134)] Unable to move cache folder C:\ProgramData\Altium\Altium Designer {38ED491E-C6A5-456C-ACF3-D5C6F2B4D80F}\BrowserCache to C:\ProgramData\Altium\Altium Designer {38ED491E-C6A5-456C-ACF3-D5C6F2B4D80F}\old_BrowserCache_000
[0503/190149:ERROR:cache_creator.cc(129)] Unable to create cache
[0503/190151:INFO:CONSOLE(0)] "The source list for Content Security Policy directive 'script-src' contains an invalid source: ''report-sample''. It will be ignored.", source: https://www.altium.com/ (0)
[0503/190151:INFO:CONSOLE(0)] "Unrecognized Content-Security-Policy directive 'worker-src'.
", source: https://www.altium.com/ (0)
[0503/190152:INFO:CONSOLE(0)] "Synchronous XMLHttpRequest on the main thread is deprecated because of its detrimental effects to the end user's experience. For more help, check https://xhr.spec.whatwg.org/.", source:  (0)
[0503/190152:INFO:CONSOLE(0)] "Setting 'XMLHttpRequest.withCredentials' for synchronous requests is deprecated.", source:  (0)
[0503/190152:INFO:CONSOLE(242)] "Uncaught SyntaxError: Unexpected token {", source: https://www.altium.com/ (242)
[0503/190152:INFO:CONSOLE(280)] "Uncaught TypeError: Cannot read property 'utility' of undefined", source: https://www.altium.com/ (280)
[0503/190152:INFO:CONSOLE(3)] "Uncaught SyntaxError: Unexpected token ...", source: https://js.qualified.com/qualified.js?token=9Ye7VbKcmoDFGWrj (3)
[0503/190152:INFO:CONSOLE(1)] "Uncaught SyntaxError: Unexpected token ...", source: https://cdn-shared.altium.com/production/dams/dams.min.js (1)
[0503/190152:INFO:CONSOLE(3)] "Uncaught SyntaxError: Unexpected token .", source: https://cdn-shared.altium.com/production/drift/driftChat.js (3)
[0503/190152:INFO:CONSOLE(10)] "Uncaught SyntaxError: Unexpected token .", source: https://www.altium.com/sites/default/assets/js/js_HhzEfvHwNivgPwxryzunLgoFQ9ZDVLPEX6scIf7o96g.js?scope=footer&delta=4&language=en&theme=altium_designer_new&include=eJx1UFtuhDAMvNBCjhSZxASzSYxss1tuX9olCFH1w_F4ZvxQIEZjqJuDA_SjcLUHZKO1-DC7D-rCfHKrGhcXhUbrwgR2E1LmAXJnExbsqI5806lGguoFIwkG0yZHVEoVxVd8tyFqW6aaTouq26OVH5NXBAlTO7R1_pLNmTmxf1NMaMfoK9UvwrFZC8gTjd2Ru5GlnBsrvCiBEVc_ZA5PdSOzofyvTwjxog-6uAtuvE6w_4f7uaOHnP0CCc-lui4oGoQWc3-p5nqBEBiLC7xWk-2RmFNGb5Bc2p973cMMX9-XTMok (10)
[0503/190153:INFO:CONSOLE(423)] "Uncaught SyntaxError: Unexpected token ...", source: https://cdn.files.altium.com/themes/master-1777568137/web/themes/custom/altium_designer_new/js/altium_func.js (423)
[0503/190153:INFO:CONSOLE(1)] "Uncaught SyntaxError: Unexpected token =", source: https://cdn-shared.altium.com/production/navigation_new/app/dist_prod_server_html/footer.js (1)
[0503/190153:INFO:CONSOLE(1)] "Uncaught SyntaxError: Unexpected token ...", source: https://cdn-shared.altium.com/production/navigation_new/app/dist_prod_server_html/header.js (1)
[0503/190153:INFO:CONSOLE(4)] "Uncaught TypeError: Cannot read property 'prototype' of undefined", source: https://www.altium.com/sites/default/assets/js/js_2zpuflkryLjcWT7B0K7s3YNLnWQZLY7C9yjF5J27WDU.js?scope=footer&delta=34&language=en&theme=altium_designer_new&include=eJx1UFtuhDAMvNBCjhSZxASzSYxss1tuX9olCFH1w_F4ZvxQIEZjqJuDA_SjcLUHZKO1-DC7D-rCfHKrGhcXhUbrwgR2E1LmAXJnExbsqI5806lGguoFIwkG0yZHVEoVxVd8tyFqW6aaTouq26OVH5NXBAlTO7R1_pLNmTmxf1NMaMfoK9UvwrFZC8gTjd2Ru5GlnBsrvCiBEVc_ZA5PdSOzofyvTwjxog-6uAtuvE6w_4f7uaOHnP0CCc-lui4oGoQWc3-p5nqBEBiLC7xWk-2RmFNGb5Bc2p973cMMX9-XTMok (4)
[0503/190153:INFO:CONSOLE(0)] "The source list for Content Security Policy directive 'script-src' contains an invalid source: ''report-sample''. It will be ignored.", source: about:blank (0)
[0503/190153:INFO:CONSOLE(0)] "Unrecognized Content-Security-Policy directive 'worker-src'.
", source: about:blank (0)
[0503/190153:INFO:CONSOLE(144)] "Attempting to initialize MktoForms2 (attempt 1/5)", source: https://www.altium.com/ (144)
[0503/190153:INFO:CONSOLE(159)] "Loading MktoForms2 script", source: https://www.altium.com/ (159)
[0503/190153:INFO:CONSOLE(412)] "Uncaught TypeError: window.DriftChat is not a constructor", source: https://www.altium.com/ (412)
[0503/190153:INFO:CONSOLE(416)] "Uncaught TypeError: window.DriftChat is not a constructor", source: https://www.altium.com/ (416)
[0503/190153:INFO:CONSOLE(11)] "Uncaught TypeError: Object.entries is not a function", source: https://www.altium.com/sites/default/assets/js/js_Lo-RffVL-crQ15xohdWPXKkYXt9z9MjH2Ij7kSElHis.js?scope=footer&delta=0&language=en&theme=altium_designer_new&include=eJx1UFtuhDAMvNBCjhSZxASzSYxss1tuX9olCFH1w_F4ZvxQIEZjqJuDA_SjcLUHZKO1-DC7D-rCfHKrGhcXhUbrwgR2E1LmAXJnExbsqI5806lGguoFIwkG0yZHVEoVxVd8tyFqW6aaTouq26OVH5NXBAlTO7R1_pLNmTmxf1NMaMfoK9UvwrFZC8gTjd2Ru5GlnBsrvCiBEVc_ZA5PdSOzofyvTwjxog-6uAtuvE6w_4f7uaOHnP0CCc-lui4oGoQWc3-p5nqBEBiLC7xWk-2RmFNGb5Bc2p973cMMX9-XTMok (11)
[0503/190153:INFO:CONSOLE(11)] "Uncaught TypeError: fetchGeoip(...).finally is not a function", source: https://www.altium.com/sites/default/assets/js/js_Lo-RffVL-crQ15xohdWPXKkYXt9z9MjH2Ij7kSElHis.js?scope=footer&delta=0&language=en&theme=altium_designer_new&include=eJx1UFtuhDAMvNBCjhSZxASzSYxss1tuX9olCFH1w_F4ZvxQIEZjqJuDA_SjcLUHZKO1-DC7D-rCfHKrGhcXhUbrwgR2E1LmAXJnExbsqI5806lGguoFIwkG0yZHVEoVxVd8tyFqW6aaTouq26OVH5NXBAlTO7R1_pLNmTmxf1NMaMfoK9UvwrFZC8gTjd2Ru5GlnBsrvCiBEVc_ZA5PdSOzofyvTwjxog-6uAtuvE6w_4f7uaOHnP0CCc-lui4oGoQWc3-p5nqBEBiLC7xWk-2RmFNGb5Bc2p973cMMX9-XTMok (11)
[0503/190153:INFO:CONSOLE(145)] "Uncaught ReferenceError: globalThis is not defined", source: https://www.googletagmanager.com/gtm.js?id=GTM-5LFC7W (145)
[0503/190153:INFO:CONSOLE(143)] "Uncaught TypeError: link.closest(...).after is not a function", source: https://cdn-shared.altium.com/production/onetrust/onetrust.js (143)
[0503/190153:INFO:CONSOLE(3)] "cj values -> ", source: https://www.altium.com/sites/default/assets/js/js_gK2KNXdysc3vsJcxsbCU9z2kMpIfkJRf6FH5rztueHg.js?scope=footer&delta=2&language=en&theme=altium_designer_new&include=eJx1UFtuhDAMvNBCjhSZxASzSYxss1tuX9olCFH1w_F4ZvxQIEZjqJuDA_SjcLUHZKO1-DC7D-rCfHKrGhcXhUbrwgR2E1LmAXJnExbsqI5806lGguoFIwkG0yZHVEoVxVd8tyFqW6aaTouq26OVH5NXBAlTO7R1_pLNmTmxf1NMaMfoK9UvwrFZC8gTjd2Ru5GlnBsrvCiBEVc_ZA5PdSOzofyvTwjxog-6uAtuvE6w_4f7uaOHnP0CCc-lui4oGoQWc3-p5nqBEBiLC7xWk-2RmFNGb5Bc2p973cMMX9-XTMok (3)
[0503/190153:INFO:CONSOLE(7)] "Uncaught (in promise) TypeError: Object.entries is not a function", source: https://cdn.cookielaw.org/scripttemplates/202510.1.0/otBannerSdk.js (7)
[0503/190154:INFO:CONSOLE(144)] "Attempting to initialize MktoForms2 (attempt 2/5)", source: https://www.altium.com/ (144)
[0503/190154:INFO:CONSOLE(146)] "MktoForms2 found, registering form handler", source: https://www.altium.com/ (146)
[0503/190154:INFO:CONSOLE(149)] "Registering onFormRender handler for dynamically added forms", source: https://www.altium.com/ (149)
[0503/190207:INFO:CONSOLE(175)] "Timeout reached waiting for MktoForms2", source: https://www.altium.com/ (175)
[0717/181622:ERROR:backend_impl.cc(2020)] Corrupt Index file
[0717/181622:ERROR:cache_util_win.cc(20)] Unable to move the cache: 5
[0717/181622:ERROR:cache_util.cc(134)] Unable to move cache folder C:\ProgramData\Altium\Altium Designer {38ED491E-C6A5-456C-ACF3-D5C6F2B4D80F}\BrowserCache to C:\ProgramData\Altium\Altium Designer {38ED491E-C6A5-456C-ACF3-D5C6F2B4D80F}\old_BrowserCache_000
[0717/181622:ERROR:cache_creator.cc(129)] Unable to create cache
[0717/181924:ERROR:backend_impl.cc(2020)] Corrupt Index file
[0717/181924:ERROR:cache_util_win.cc(20)] Unable to move the cache: 5
[0717/181924:ERROR:cache_util.cc(134)] Unable to move cache folder C:\ProgramData\Altium\Altium Designer {38ED491E-C6A5-456C-ACF3-D5C6F2B4D80F}\BrowserCache to C:\ProgramData\Altium\Altium Designer {38ED491E-C6A5-456C-ACF3-D5C6F2B4D80F}\old_BrowserCache_000
[0717/181924:ERROR:cache_creator.cc(129)] Unable to create cache
[0717/181925:INFO:CONSOLE(0)] "The source list for Content Security Policy directive 'script-src' contains an invalid source: ''report-sample''. It will be ignored.", source: https://www.altium.com/ (0)
[0717/181925:INFO:CONSOLE(0)] "Unrecognized Content-Security-Policy directive 'worker-src'.
", source: https://www.altium.com/ (0)
[0717/181925:INFO:CONSOLE(0)] "Synchronous XMLHttpRequest on the main thread is deprecated because of its detrimental effects to the end user's experience. For more help, check https://xhr.spec.whatwg.org/.", source:  (0)
[0717/181925:INFO:CONSOLE(0)] "Setting 'XMLHttpRequest.withCredentials' for synchronous requests is deprecated.", source:  (0)
[0717/181926:INFO:CONSOLE(242)] "Uncaught SyntaxError: Unexpected token {", source: https://www.altium.com/ (242)
[0717/181926:INFO:CONSOLE(280)] "Uncaught TypeError: Cannot read property 'utility' of undefined", source: https://www.altium.com/ (280)
[0717/181926:INFO:CONSOLE(4)] "Uncaught SyntaxError: Unexpected token ...", source: https://js.qualified.com/qualified.js?token=9Ye7VbKcmoDFGWrj (4)
[0717/181926:INFO:CONSOLE(1)] "Uncaught SyntaxError: Unexpected token ...", source: https://cdn-shared.altium.com/production/dams/dams.min.js (1)
[0717/181926:INFO:CONSOLE(11)] "Uncaught SyntaxError: Unexpected token .", source: https://www.altium.com/sites/default/assets/js/js_o-mlJeLA3DKIsgFfUzsgMFAqUgG9aq0laZOmpgVbl3o.js?scope=footer&delta=0&language=en&theme=altium_designer_new&include=eJx1UFtuhDAMvNBCjhSZxASzSYxss1tuX9olCFH1w_F4ZvxQIEZjqJuDA_SjcLUHZKO1-DC7D-rCfHKrGhcXhUbrwgR2E1LmAXJnExbsqI5806lGguoFIwkG0yZHVEoVxVd8tyFqW6aaTouq26OVH5NXBAlTO7R1_pLNmTmxf1NMaMfoK9UvwrFZC8gTjd2Ru5GlnBsrvCiBEVc_ZA5PdSOzofyvTwjxog-6uAtuvE6w_4f7uaOHnP0CCc-lui4oGoQWc3-p5nqBEBiLC7xWk-2RmFNGb5Bc2p973cMMX9-XTMok (11)
[0717/181926:INFO:CONSOLE(2)] "Uncaught ReferenceError: Drupal is not defined", source: https://www.altium.com/sites/default/assets/js/js_N0AnjS9TdZQ83BTmU00MVo8hRTxcLdGHTYf9DQVo79E.js?scope=footer&delta=2&language=en&theme=altium_designer_new&include=eJx1UFtuhDAMvNBCjhSZxASzSYxss1tuX9olCFH1w_F4ZvxQIEZjqJuDA_SjcLUHZKO1-DC7D-rCfHKrGhcXhUbrwgR2E1LmAXJnExbsqI5806lGguoFIwkG0yZHVEoVxVd8tyFqW6aaTouq26OVH5NXBAlTO7R1_pLNmTmxf1NMaMfoK9UvwrFZC8gTjd2Ru5GlnBsrvCiBEVc_ZA5PdSOzofyvTwjxog-6uAtuvE6w_4f7uaOHnP0CCc-lui4oGoQWc3-p5nqBEBiLC7xWk-2RmFNGb5Bc2p973cMMX9-XTMok (2)
[0717/181926:INFO:CONSOLE(3)] "Uncaught SyntaxError: Unexpected token .", source: https://cdn-shared.altium.com/production/drift/driftChat.js (3)
[0717/181926:INFO:CONSOLE(10)] "Uncaught SyntaxError: Unexpected token .", source: https://www.altium.com/sites/default/assets/js/js_fY3lSzWy6rcb_MByFREQr5xkdArQNwTf8EXTqQP3ido.js?scope=footer&delta=4&language=en&theme=altium_designer_new&include=eJx1UFtuhDAMvNBCjhSZxASzSYxss1tuX9olCFH1w_F4ZvxQIEZjqJuDA_SjcLUHZKO1-DC7D-rCfHKrGhcXhUbrwgR2E1LmAXJnExbsqI5806lGguoFIwkG0yZHVEoVxVd8tyFqW6aaTouq26OVH5NXBAlTO7R1_pLNmTmxf1NMaMfoK9UvwrFZC8gTjd2Ru5GlnBsrvCiBEVc_ZA5PdSOzofyvTwjxog-6uAtuvE6w_4f7uaOHnP0CCc-lui4oGoQWc3-p5nqBEBiLC7xWk-2RmFNGb5Bc2p973cMMX9-XTMok (10)
[0717/181926:INFO:CONSOLE(1)] "Uncaught ReferenceError: jQuery is not defined", source: https://cdn-shared.altium.com/production/altium-all-pages/dist/components/bCountdown/bCountdown.min.js (1)
[0717/181926:INFO:CONSOLE(1)] "Uncaught ReferenceError: jQuery is not defined", source: https://cdn-shared.altium.com/production/wds/dist/components/wds-sticky/wds-sticky.min.js (1)
[0717/181926:INFO:CONSOLE(1)] "Uncaught ReferenceError: jQuery is not defined", source: https://cdn-shared.altium.com/production/wds/dist/components/wds-steps/wds-steps.min.js (1)
[0717/181926:INFO:CONSOLE(1)] "Uncaught ReferenceError: jQuery is not defined", source: https://cdn-shared.altium.com/production/wds/dist/components/wds-formV2/wds-formV2.min.js (1)
[0717/181926:INFO:CONSOLE(1)] "Uncaught ReferenceError: jQuery is not defined", source: https://cdn-shared.altium.com/development/altium-all-pages/dist/components/success-stories/success-stories.min.js (1)
[0717/181926:INFO:CONSOLE(144)] "Uncaught ReferenceError: globalThis is not defined", source: https://www.googletagmanager.com/gtm.js?id=GTM-5LFC7W (144)
[0717/181926:INFO:CONSOLE(1)] "Uncaught TypeError: Cannot read property 'fn' of undefined", source: https://cdn.files.altium.com/themes/master-1784224731/web/themes/custom/altium_designer_new/html/dist/vendor/owl-carousel/owl.carousel.min.js (1)
[0717/181926:INFO:CONSOLE(1)] "Uncaught Error: Bootstrap's JavaScript requires jQuery", source: https://cdn.files.altium.com/themes/master-1784224731/web/themes/custom/altium_designer_new/html/dist/vendor/bootstrap-modal/bootstrap-modal.min.js (1)
[0717/181926:INFO:CONSOLE(1)] "Uncaught ReferenceError: jQuery is not defined", source: https://cdn.files.altium.com/themes/master-1784224731/web/themes/custom/altium_designer_new/html/dist/vendor/countdown/jquery.countdown.min.js (1)
[0717/181926:INFO:CONSOLE(1)] "Uncaught ReferenceError: jQuery is not defined", source: https://cdn.files.altium.com/themes/master-1784224731/web/themes/custom/altium_designer_new/html/dist/js/main.min.js (1)
[0717/181926:INFO:CONSOLE(423)] "Uncaught SyntaxError: Unexpected token ...", source: https://cdn.files.altium.com/themes/master-1784224731/web/themes/custom/altium_designer_new/js/altium_func.js (423)
[0717/181926:INFO:CONSOLE(2)] "Uncaught ReferenceError: Drupal is not defined", source: https://www.altium.com/sites/default/assets/js/js_8l1sJN97RTQI4dKSE6Ool9eDdr5jfivuX7vkQ87q1To.js?scope=footer&delta=26&language=en&theme=altium_designer_new&include=eJx1UFtuhDAMvNBCjhSZxASzSYxss1tuX9olCFH1w_F4ZvxQIEZjqJuDA_SjcLUHZKO1-DC7D-rCfHKrGhcXhUbrwgR2E1LmAXJnExbsqI5806lGguoFIwkG0yZHVEoVxVd8tyFqW6aaTouq26OVH5NXBAlTO7R1_pLNmTmxf1NMaMfoK9UvwrFZC8gTjd2Ru5GlnBsrvCiBEVc_ZA5PdSOzofyvTwjxog-6uAtuvE6w_4f7uaOHnP0CCc-lui4oGoQWc3-p5nqBEBiLC7xWk-2RmFNGb5Bc2p973cMMX9-XTMok (2)
[0717/181926:INFO:CONSOLE(1)] "Uncaught ReferenceError: jQuery is not defined", source: https://cdn-shared.altium.com/production/altium-all-pages/dist/components/gCustomerLogo/gCustomerLogo.min.js (1)
[0717/181926:INFO:CONSOLE(2)] "Uncaught ReferenceError: jQuery is not defined", source: https://www.altium.com/sites/default/assets/js/js_7TxBo_co4qa7qrmVkXyz6lX5vmy1Ia6ml7QwHj8FGJE.js?scope=footer&delta=28&language=en&theme=altium_designer_new&include=eJx1UFtuhDAMvNBCjhSZxASzSYxss1tuX9olCFH1w_F4ZvxQIEZjqJuDA_SjcLUHZKO1-DC7D-rCfHKrGhcXhUbrwgR2E1LmAXJnExbsqI5806lGguoFIwkG0yZHVEoVxVd8tyFqW6aaTouq26OVH5NXBAlTO7R1_pLNmTmxf1NMaMfoK9UvwrFZC8gTjd2Ru5GlnBsrvCiBEVc_ZA5PdSOzofyvTwjxog-6uAtuvE6w_4f7uaOHnP0CCc-lui4oGoQWc3-p5nqBEBiLC7xWk-2RmFNGb5Bc2p973cMMX9-XTMok (2)
[0717/181926:INFO:CONSOLE(1)] "Uncaught SyntaxError: Unexpected token =", source: https://cdn-shared.altium.com/production/navigation_new/app/dist_prod_server_html/footer.js (1)
[0717/181926:INFO:CONSOLE(1)] "Uncaught SyntaxError: Unexpected token ...", source: https://cdn-shared.altium.com/production/navigation_new/app/dist_prod_server_html/header.js (1)
[0717/181926:INFO:CONSOLE(2)] "Uncaught ReferenceError: Drupal is not defined", source: https://www.altium.com/sites/default/assets/js/js_AJsxkK-v6lM5TxNYUKyp78YrSAfLoTwdnO_EQqKTcKU.js?scope=footer&delta=31&language=en&theme=altium_designer_new&include=eJx1UFtuhDAMvNBCjhSZxASzSYxss1tuX9olCFH1w_F4ZvxQIEZjqJuDA_SjcLUHZKO1-DC7D-rCfHKrGhcXhUbrwgR2E1LmAXJnExbsqI5806lGguoFIwkG0yZHVEoVxVd8tyFqW6aaTouq26OVH5NXBAlTO7R1_pLNmTmxf1NMaMfoK9UvwrFZC8gTjd2Ru5GlnBsrvCiBEVc_ZA5PdSOzofyvTwjxog-6uAtuvE6w_4f7uaOHnP0CCc-lui4oGoQWc3-p5nqBEBiLC7xWk-2RmFNGb5Bc2p973cMMX9-XTMok (2)
[0717/181926:INFO:CONSOLE(2)] "Uncaught ReferenceError: jQuery is not defined", source: https://www.altium.com/sites/default/assets/js/js_TBYVDxdQYb69EH7YUGWrdED0IilpDyIIIiCb6DKKDDI.js?scope=footer&delta=33&language=en&theme=altium_designer_new&include=eJx1UFtuhDAMvNBCjhSZxASzSYxss1tuX9olCFH1w_F4ZvxQIEZjqJuDA_SjcLUHZKO1-DC7D-rCfHKrGhcXhUbrwgR2E1LmAXJnExbsqI5806lGguoFIwkG0yZHVEoVxVd8tyFqW6aaTouq26OVH5NXBAlTO7R1_pLNmTmxf1NMaMfoK9UvwrFZC8gTjd2Ru5GlnBsrvCiBEVc_ZA5PdSOzofyvTwjxog-6uAtuvE6w_4f7uaOHnP0CCc-lui4oGoQWc3-p5nqBEBiLC7xWk-2RmFNGb5Bc2p973cMMX9-XTMok (2)
[0717/181926:INFO:CONSOLE(0)] "The source list for Content Security Policy directive 'script-src' contains an invalid source: ''report-sample''. It will be ignored.", source: about:blank (0)
[0717/181926:INFO:CONSOLE(0)] "Unrecognized Content-Security-Policy directive 'worker-src'.
", source: about:blank (0)
[0717/181926:INFO:CONSOLE(144)] "Attempting to initialize MktoForms2 (attempt 1/5)", source: https://www.altium.com/ (144)
[0717/181926:INFO:CONSOLE(159)] "Loading MktoForms2 script", source: https://www.altium.com/ (159)
[0717/181926:INFO:CONSOLE(418)] "Uncaught TypeError: window.GCustomerLogo is not a constructor", source: https://www.altium.com/ (418)
[0717/181926:INFO:CONSOLE(425)] "Uncaught TypeError: window.DriftChat is not a constructor", source: https://www.altium.com/ (425)
[0717/181926:INFO:CONSOLE(429)] "Uncaught TypeError: window.DriftChat is not a constructor", source: https://www.altium.com/ (429)
[0717/181926:INFO:CONSOLE(7)] "Uncaught (in promise) TypeError: Object.entries is not a function", source: https://cdn.cookielaw.org/scripttemplates/202606.2.0/otBannerSdk.js (7)
[0717/181926:INFO:CONSOLE(143)] "Uncaught TypeError: link.closest(...).after is not a function", source: https://cdn-shared.altium.com/production/onetrust/onetrust.js (143)
[0717/181927:INFO:CONSOLE(144)] "Attempting to initialize MktoForms2 (attempt 2/5)", source: https://www.altium.com/ (144)
[0717/181927:INFO:CONSOLE(146)] "MktoForms2 found, registering form handler", source: https://www.altium.com/ (146)
[0717/181927:INFO:CONSOLE(149)] "Registering onFormRender handler for dynamically added forms", source: https://www.altium.com/ (149)
[0717/181941:INFO:CONSOLE(175)] "Timeout reached waiting for MktoForms2", source: https://www.altium.com/ (175)
