Archive member included to satisfy reference by file (symbol)

c:/program files (x86)/atmel/studio/7.0/toolchain/arm/arm-gnu-toolchain/bin/../lib/gcc/arm-none-eabi/6.3.1/../../../../arm-none-eabi/lib/thumb/v7-m\libstdc++.a(atexit_arm.o)
                              platform/platform_serial.o (__aeabi_atexit)
c:/program files (x86)/atmel/studio/7.0/toolchain/arm/arm-gnu-toolchain/bin/../lib/gcc/arm-none-eabi/6.3.1/../../../../arm-none-eabi/lib/thumb/v7-m\libstdc++.a(del_ops.o)
                              libs/IGAS_Eth/EthernetClient.o (operator delete(void*, unsigned int))
c:/program files (x86)/atmel/studio/7.0/toolchain/arm/arm-gnu-toolchain/bin/../lib/gcc/arm-none-eabi/6.3.1/../../../../arm-none-eabi/lib/thumb/v7-m\libstdc++.a(del_op.o)
                              c:/program files (x86)/atmel/studio/7.0/toolchain/arm/arm-gnu-toolchain/bin/../lib/gcc/arm-none-eabi/6.3.1/../../../../arm-none-eabi/lib/thumb/v7-m\libstdc++.a(del_ops.o) (operator delete(void*))
c:/program files (x86)/atmel/studio/7.0/toolchain/arm/arm-gnu-toolchain/bin/../lib/gcc/arm-none-eabi/6.3.1/thumb/v7-m\libgcc.a(_arm_addsubdf3.o)
                              platform/print.o (__aeabi_dsub)
c:/program files (x86)/atmel/studio/7.0/toolchain/arm/arm-gnu-toolchain/bin/../lib/gcc/arm-none-eabi/6.3.1/thumb/v7-m\libgcc.a(_arm_muldivdf3.o)
                              platform/print.o (__aeabi_dmul)
c:/program files (x86)/atmel/studio/7.0/toolchain/arm/arm-gnu-toolchain/bin/../lib/gcc/arm-none-eabi/6.3.1/thumb/v7-m\libgcc.a(_arm_cmpdf2.o)
                              platform/print.o (__aeabi_dcmplt)
c:/program files (x86)/atmel/studio/7.0/toolchain/arm/arm-gnu-toolchain/bin/../lib/gcc/arm-none-eabi/6.3.1/thumb/v7-m\libgcc.a(_arm_fixdfsi.o)
                              platform/print.o (__aeabi_d2iz)
c:/program files (x86)/atmel/studio/7.0/toolchain/arm/arm-gnu-toolchain/bin/../lib/gcc/arm-none-eabi/6.3.1/thumb/v7-m\libgcc.a(_arm_fixunsdfsi.o)
                              platform/print.o (__aeabi_d2uiz)
c:/program files (x86)/atmel/studio/7.0/toolchain/arm/arm-gnu-toolchain/bin/../lib/gcc/arm-none-eabi/6.3.1/../../../../arm-none-eabi/lib/thumb/v7-m\libc.a(lib_a-cxa_atexit.o)
                              c:/program files (x86)/atmel/studio/7.0/toolchain/arm/arm-gnu-toolchain/bin/../lib/gcc/arm-none-eabi/6.3.1/../../../../arm-none-eabi/lib/thumb/v7-m\libstdc++.a(atexit_arm.o) (__cxa_atexit)
c:/program files (x86)/atmel/studio/7.0/toolchain/arm/arm-gnu-toolchain/bin/../lib/gcc/arm-none-eabi/6.3.1/../../../../arm-none-eabi/lib/thumb/v7-m\libc.a(lib_a-errno.o)
                              platform/syscalls.o (__errno)
c:/program files (x86)/atmel/studio/7.0/toolchain/arm/arm-gnu-toolchain/bin/../lib/gcc/arm-none-eabi/6.3.1/../../../../arm-none-eabi/lib/thumb/v7-m\libc.a(lib_a-exit.o)
                              c:/program files (x86)/atmel/studio/7.0/toolchain/arm/arm-gnu-toolchain/bin/../lib/gcc/arm-none-eabi/6.3.1/../../../../arm-none-eabi/lib/thumb/v7-m/crt0.o (exit)
c:/program files (x86)/atmel/studio/7.0/toolchain/arm/arm-gnu-toolchain/bin/../lib/gcc/arm-none-eabi/6.3.1/../../../../arm-none-eabi/lib/thumb/v7-m\libc.a(lib_a-impure.o)
                              c:/program files (x86)/atmel/studio/7.0/toolchain/arm/arm-gnu-toolchain/bin/../lib/gcc/arm-none-eabi/6.3.1/../../../../arm-none-eabi/lib/thumb/v7-m\libc.a(lib_a-exit.o) (_global_impure_ptr)
c:/program files (x86)/atmel/studio/7.0/toolchain/arm/arm-gnu-toolchain/bin/../lib/gcc/arm-none-eabi/6.3.1/../../../../arm-none-eabi/lib/thumb/v7-m\libc.a(lib_a-init.o)
                              c:/program files (x86)/atmel/studio/7.0/toolchain/arm/arm-gnu-toolchain/bin/../lib/gcc/arm-none-eabi/6.3.1/../../../../arm-none-eabi/lib/thumb/v7-m/crt0.o (__libc_init_array)
c:/program files (x86)/atmel/studio/7.0/toolchain/arm/arm-gnu-toolchain/bin/../lib/gcc/arm-none-eabi/6.3.1/../../../../arm-none-eabi/lib/thumb/v7-m\libc.a(lib_a-malloc.o)
                              c:/program files (x86)/atmel/studio/7.0/toolchain/arm/arm-gnu-toolchain/bin/../lib/gcc/arm-none-eabi/6.3.1/../../../../arm-none-eabi/lib/thumb/v7-m\libstdc++.a(del_op.o) (free)
c:/program files (x86)/atmel/studio/7.0/toolchain/arm/arm-gnu-toolchain/bin/../lib/gcc/arm-none-eabi/6.3.1/../../../../arm-none-eabi/lib/thumb/v7-m\libc.a(lib_a-mallocr.o)
                              c:/program files (x86)/atmel/studio/7.0/toolchain/arm/arm-gnu-toolchain/bin/../lib/gcc/arm-none-eabi/6.3.1/../../../../arm-none-eabi/lib/thumb/v7-m\libc.a(lib_a-malloc.o) (_malloc_r)
c:/program files (x86)/atmel/studio/7.0/toolchain/arm/arm-gnu-toolchain/bin/../lib/gcc/arm-none-eabi/6.3.1/../../../../arm-none-eabi/lib/thumb/v7-m\libc.a(lib_a-memcmp.o)
                              libs/IGAS_Eth/IPAddress.o (memcmp)
c:/program files (x86)/atmel/studio/7.0/toolchain/arm/arm-gnu-toolchain/bin/../lib/gcc/arm-none-eabi/6.3.1/../../../../arm-none-eabi/lib/thumb/v7-m\libc.a(lib_a-memset.o)
[...]
Memory Configuration

Name             Origin             Length             Attributes
rom              0x00080000         0x00080000         xr
ram              0x20000000         0x00018000         xrw
*default*        0x00000000         0xffffffff

Linker script and memory map

LOAD c:/program files (x86)/atmel/studio/7.0/toolchain/arm/arm-gnu-toolchain/bin/../lib/gcc/arm-none-eabi/6.3.1/thumb/v7-m/crti.o
LOAD c:/program files (x86)/atmel/studio/7.0/toolchain/arm/arm-gnu-toolchain/bin/../lib/gcc/arm-none-eabi/6.3.1/thumb/v7-m/crtbegin.o
LOAD c:/program files (x86)/atmel/studio/7.0/toolchain/arm/arm-gnu-toolchain/bin/../lib/gcc/arm-none-eabi/6.3.1/../../../../arm-none-eabi/lib/thumb/v7-m/crt0.o
LOAD app/app.o
LOAD board/lcp_board.o
LOAD Device_Startup/startup_sam3xa.o
LOAD Device_Startup/system_sam3xa.o
LOAD hal/sam3x_gpio.o
LOAD hal/sam3x_spi.o
LOAD hal/sam3x_tick.o
LOAD hal/sam3x_uart.o
LOAD libs/IGAS_Eth/EthernetClient.o
LOAD libs/IGAS_Eth/EthernetServer.o
LOAD libs/IGAS_Eth/EthernetUdp2.o
LOAD libs/IGAS_Eth/IGAS_Eth.o
LOAD libs/IGAS_Eth/IPAddress.o
LOAD libs/IGAS_Eth/utility/socket.o
LOAD libs/IGAS_Eth/utility/w5500.o
LOAD libs/SC16IS7xx/SC16IS7xx.o
LOAD main.o
LOAD platform/platform_gpio.o
LOAD platform/platform_serial.o
LOAD platform/platform_spi.o
LOAD platform/platform_time.o
LOAD platform/print.o
LOAD platform/serial_port.o
LOAD platform/spi.o
LOAD platform/syscalls.o
START GROUP
END GROUP
LOAD c:/program files (x86)/atmel/studio/7.0/toolchain/arm/arm-gnu-toolchain/bin/../lib/gcc/arm-none-eabi/6.3.1/../../../../arm-none-eabi/lib/thumb/v7-m\libstdc++.a
LOAD c:/program files (x86)/atmel/studio/7.0/toolchain/arm/arm-gnu-toolchain/bin/../lib/gcc/arm-none-eabi/6.3.1/../../../../arm-none-eabi/lib/thumb/v7-m\libm.a
START GROUP
LOAD c:/program files (x86)/atmel/studio/7.0/toolchain/arm/arm-gnu-toolchain/bin/../lib/gcc/arm-none-eabi/6.3.1/thumb/v7-m\libgcc.a
LOAD c:/program files (x86)/atmel/studio/7.0/toolchain/arm/arm-gnu-toolchain/bin/../lib/gcc/arm-none-eabi/6.3.1/../../../../arm-none-eabi/lib/thumb/v7-m\libc.a
END GROUP
LOAD c:/program files (x86)/atmel/studio/7.0/toolchain/arm/arm-gnu-toolchain/bin/../lib/gcc/arm-none-eabi/6.3.1/thumb/v7-m/crtend.o
LOAD c:/program files (x86)/atmel/studio/7.0/toolchain/arm/arm-gnu-toolchain/bin/../lib/gcc/arm-none-eabi/6.3.1/thumb/v7-m/crtn.o
                0x00000400                STACK_SIZE = DEFINED (STACK_SIZE)?STACK_SIZE:0x400
                0x00000200                HEAP_SIZE = DEFINED (HEAP_SIZE)?HEAP_SIZE:0x200

.text           0x00080000     0x1bc8
                0x00080000                . = ALIGN (0x4)
                0x00080000                _sfixed = .
 *(.vectors .vectors.*)
 .vectors       0x00080000       0xf4 Device_Startup/startup_sam3xa.o
                0x00080000                exception_table
 *(.text .text.* .gnu.linkonce.t.*)
 .text          0x000800f4       0x6c c:/program files (x86)/atmel/studio/7.0/toolchain/arm/arm-gnu-toolchain/bin/../lib/gcc/arm-none-eabi/6.3.1/thumb/v7-m/crtbegin.o
 .text._Z5setupv
                0x00080160       0x9c app/app.o
                0x00080160                setup()
 .text._Z4loopv
                0x000801fc       0x10 app/app.o
                0x000801fc                loop()
 .text._Z19lcp_board_init_gpiov
                0x0008020c      0x114 board/lcp_board.o
                0x0008020c                lcp_board_init_gpio()
 .text.Dummy_Handler
                0x00080320        0x2 Device_Startup/startup_sam3xa.o
                0x00080320                DACC_Handler
                0x00080320                DebugMon_Handler
                0x00080320                DMAC_Handler
                0x00080320                TRNG_Handler
                0x00080320                HardFault_Handler
                0x00080320                TC2_Handler
                0x00080320                USART3_Handler
                0x00080320                TWI1_Handler
                0x00080320                PendSV_Handler
                0x00080320                NMI_Handler
                0x00080320                TC7_Handler
                0x00080320                ADC_Handler
                0x00080320                SMC_Handler
                0x00080320                USART0_Handler
                0x00080320                RTT_Handler
                0x00080320                EFC1_Handler
                0x00080320                PIOB_Handler
                0x00080320                RTC_Handler
                0x00080320                UsageFault_Handler
                0x00080320                TC6_Handler
                0x00080320                WDT_Handler
                0x00080320                CAN0_Handler
                0x00080320                TC4_Handler
                0x00080320                TC1_Handler
                0x00080320                HSMCI_Handler
                0x00080320                TC3_Handler
                0x00080320                Dummy_Handler
                0x00080320                TWI0_Handler
                0x00080320                USART1_Handler
                0x00080320                PIOA_Handler
                0x00080320                SSC_Handler
                0x00080320                EFC0_Handler
                0x00080320                PMC_Handler
                0x00080320                PWM_Handler
                0x00080320                CAN1_Handler
                0x00080320                MemManage_Handler
                0x00080320                SUPC_Handler
                0x00080320                SVC_Handler
                0x00080320                TC8_Handler
                0x00080320                USART2_Handler
                0x00080320                PIOD_Handler
                0x00080320                EMAC_Handler
                0x00080320                UART_Handler
                0x00080320                PIOC_Handler
                0x00080320                BusFault_Handler
                0x00080320                RSTC_Handler
                0x00080320                TC0_Handler
                0x00080320                TC5_Handler
                0x00080320                UOTGHS_Handler
                0x00080320                SPI0_Handler
 *fill*         0x00080322        0x2 
 .text.Reset_Handler
                0x00080324       0x6c Device_Startup/startup_sam3xa.o
                0x00080324                Reset_Handler
 .text.SystemCoreClockUpdate
                0x00080390      0x11c Device_Startup/system_sam3xa.o
                0x00080390                SystemCoreClockUpdate
 .text._ZL17hal_gpio_find_pinm
                0x000804ac       0x24 hal/sam3x_gpio.o
 .text._ZL21hal_gpio_enable_clockm
                0x000804d0       0x24 hal/sam3x_gpio.o
 .text._Z18hal_gpio_configurem11HalGpioMode
                0x000804f4       0x54 hal/sam3x_gpio.o
                0x000804f4                hal_gpio_configure(unsigned long, HalGpioMode)
 .text._Z14hal_gpio_writemm
                0x00080548       0x2c hal/sam3x_gpio.o
                0x00080548                hal_gpio_write(unsigned long, unsigned long)
 .text._ZL27hal_enable_peripheral_clockm
                0x00080574       0x24 hal/sam3x_spi.o
 .text._ZL21hal_spi_configure_pinP3Piommh
                0x00080598       0x2c hal/sam3x_spi.o
 .text._ZL19hal_spi_get_divisorm
                0x000805c4       0x28 hal/sam3x_spi.o
 .text._ZL21hal_spi_get_mode_bits10HalSpiMode
                0x000805ec       0x1c hal/sam3x_spi.o
 .text._ZL16hal_spi_flush_rxv
                0x00080608       0x28 hal/sam3x_spi.o
 .text._Z17hal_spi_configureRK12HalSpiConfig
                0x00080630       0x28 hal/sam3x_spi.o
                0x00080630                hal_spi_configure(HalSpiConfig const&)
 .text._Z13hal_spi_beginv
                0x00080658       0x88 hal/sam3x_spi.o
                0x00080658                hal_spi_begin()
 .text._Z16hal_spi_transferh
                0x000806e0       0x30 hal/sam3x_spi.o
                0x000806e0                hal_spi_transfer(unsigned char)
 .text.SysTick_Handler
                0x00080710       0x10 hal/sam3x_tick.o
                0x00080710                SysTick_Handler
 .text._Z13hal_tick_initv
                0x00080720       0x5c hal/sam3x_tick.o
                0x00080720                hal_tick_init()
 .text._Z10hal_millisv
                0x0008077c        0xc hal/sam3x_tick.o
                0x0008077c                hal_millis()
 .text._Z12hal_delay_msm
                0x00080788       0x20 hal/sam3x_tick.o
                0x00080788                hal_delay_ms(unsigned long)
 .text._ZL23hal_uart_get_descriptor9HalUartId
                0x000807a8       0x18 hal/sam3x_uart.o
 .text._ZL27hal_enable_peripheral_clockm
                0x000807c0       0x24 hal/sam3x_uart.o
 .text._ZL22hal_uart_configure_pinRK10HalUartPin
                0x000807e4       0x40 hal/sam3x_uart.o
 .text._ZL24hal_uart_get_uart_parity12HalUartFrame
                0x00080824       0x18 hal/sam3x_uart.o
 .text._ZL25hal_uart_get_usart_parity12HalUartFrame
                0x0008083c       0x18 hal/sam3x_uart.o
 .text._ZL25hal_uart_get_baud_divisorm
                0x00080854       0x20 hal/sam3x_uart.o
 .text._Z14hal_uart_begin9HalUartIdm12HalUartFrame
                0x00080874       0x84 hal/sam3x_uart.o
                0x00080874                hal_uart_begin(HalUartId, unsigned long, HalUartFrame)
 .text._Z14hal_uart_write9HalUartIdh
                0x000808f8       0x38 hal/sam3x_uart.o
                0x000808f8                hal_uart_write(HalUartId, unsigned char)
 .text._Z41__static_initialization_and_destruction_0ii
                0x00080930       0x24 libs/IGAS_Eth/IGAS_Eth.o
 .text._GLOBAL__sub_I__ZN13EthernetClass6_stateE
                0x00080954       0x14 libs/IGAS_Eth/IGAS_Eth.o
 .text._ZN9IPAddressC2Ev
                0x00080968        0x6 libs/IGAS_Eth/IPAddress.o
                0x00080968                IPAddress::IPAddress()
                0x00080968                IPAddress::IPAddress()
 .text._ZN9IPAddressC2Ehhhh
                0x0008096e       0x12 libs/IGAS_Eth/IPAddress.o
                0x0008096e                IPAddress::IPAddress(unsigned char, unsigned char, unsigned char, unsigned char)
                0x0008096e                IPAddress::IPAddress(unsigned char, unsigned char, unsigned char, unsigned char)
 .text._Z41__static_initialization_and_destruction_0ii
                0x00080980       0x2c libs/IGAS_Eth/IPAddress.o
 .text._GLOBAL__sub_I_INADDR_NONE
                0x000809ac       0x14 libs/IGAS_Eth/IPAddress.o
 .text._ZN10W5500ClassC2Ev
                0x000809c0        0x6 libs/IGAS_Eth/utility/w5500.o
                0x000809c0                W5500Class::W5500Class()
                0x000809c0                W5500Class::W5500Class()
 *fill*         0x000809c6        0x2 
 .text._Z41__static_initialization_and_destruction_0ii
                0x000809c8       0x24 libs/IGAS_Eth/utility/w5500.o
 .text._GLOBAL__sub_I_w5500
                0x000809ec       0x14 libs/IGAS_Eth/utility/w5500.o
 .text._ZL13sc16_low_bytem
                0x00080a00        0x4 libs/SC16IS7xx/SC16IS7xx.o
 .text._ZL14sc16_high_bytem
                0x00080a04        0x6 libs/SC16IS7xx/SC16IS7xx.o
 .text._ZL17sc16_baud_divisorm
                0x00080a0a       0x14 libs/SC16IS7xx/SC16IS7xx.o
 .text._ZL12sc16_addresshh
                0x00080a1e        0x8 libs/SC16IS7xx/SC16IS7xx.o
 *fill*         0x00080a26        0x2 
 .text._ZN13SpiUartDevice8deselectEh
                0x00080a28       0x10 libs/SC16IS7xx/SC16IS7xx.o
                0x00080a28                SpiUartDevice::deselect(unsigned char)
 .text._ZN13SpiUartDevice6selectEh
                0x00080a38       0x10 libs/SC16IS7xx/SC16IS7xx.o
                0x00080a38                SpiUartDevice::select(unsigned char)
 .text._ZN13SpiUartDevice13writeRegisterEhhhh
                0x00080a48       0x7c libs/SC16IS7xx/SC16IS7xx.o
                0x00080a48                SpiUartDevice::writeRegister(unsigned char, unsigned char, unsigned char, unsigned char)
 .text._ZN13SpiUartDevice11setBaudRateEmhh
                0x00080ac4       0x5c libs/SC16IS7xx/SC16IS7xx.o
                0x00080ac4                SpiUartDevice::setBaudRate(unsigned long, unsigned char, unsigned char)
 .text._ZN13SpiUartDevice13configureUartEmhhh
                0x00080b20       0x84 libs/SC16IS7xx/SC16IS7xx.o
                0x00080b20                SpiUartDevice::configureUart(unsigned long, unsigned char, unsigned char, unsigned char)
 .text._ZN13SpiUartDevice12readRegisterEhhh
                0x00080ba4       0x84 libs/SC16IS7xx/SC16IS7xx.o
                0x00080ba4                SpiUartDevice::readRegister(unsigned char, unsigned char, unsigned char)
 .text._ZN13SpiUartDevice13uartConnectedEhh
                0x00080c28       0x38 libs/SC16IS7xx/SC16IS7xx.o
                0x00080c28                SpiUartDevice::uartConnected(unsigned char, unsigned char)
 .text._ZN13SpiUartDevice8initUartEmhhh
                0x00080c60       0x28 libs/SC16IS7xx/SC16IS7xx.o
                0x00080c60                SpiUartDevice::initUart(unsigned long, unsigned char, unsigned char, unsigned char)
 .text._ZN13SpiUartDevice5beginEmhhh
                0x00080c88       0x18 libs/SC16IS7xx/SC16IS7xx.o
                0x00080c88                SpiUartDevice::begin(unsigned long, unsigned char, unsigned char, unsigned char)
 .text.main     0x00080ca0       0x1c main.o
                0x00080ca0                main
 .text._Z7pinModemm
                0x00080cbc       0x1c platform/platform_gpio.o
                0x00080cbc                pinMode(unsigned long, unsigned long)
 .text._Z12digitalWritemm
                0x00080cd8        0xc platform/platform_gpio.o
                0x00080cd8                digitalWrite(unsigned long, unsigned long)
 .text._ZN10SerialPortD2Ev
                0x00080ce4        0x2 platform/platform_serial.o
                0x00080ce4                SerialPort::~SerialPort()
                0x00080ce4                SerialPort::~SerialPort()
 .text._ZN13UsbSerialPortD2Ev
                0x00080ce6        0x2 platform/platform_serial.o
                0x00080ce6                UsbSerialPort::~UsbSerialPort()
                0x00080ce6                UsbSerialPort::~UsbSerialPort()
 .text._Z41__static_initialization_and_destruction_0ii
                0x00080ce8       0x8c platform/platform_serial.o
 .text._ZN10SerialPortD0Ev
                0x00080d74       0x14 platform/platform_serial.o
                0x00080d74                SerialPort::~SerialPort()
 .text._ZN13UsbSerialPortD0Ev
                0x00080d88       0x14 platform/platform_serial.o
                0x00080d88                UsbSerialPort::~UsbSerialPort()
 .text._GLOBAL__sub_I_Serial
                0x00080d9c       0x14 platform/platform_serial.o
 .text._Z41__static_initialization_and_destruction_0ii
                0x00080db0       0x24 platform/platform_spi.o
 .text._GLOBAL__sub_I_SPI
                0x00080dd4       0x14 platform/platform_spi.o
 .text._Z5delaym
                0x00080de8        0xc platform/platform_time.o
                0x00080de8                delay(unsigned long)
 .text._ZN13UsbSerialPort5writeEh
                0x00080df4        0xc platform/serial_port.o
                0x00080df4                UsbSerialPort::write(unsigned char)
 .text._ZN10SerialPort5writeEh
                0x00080e00       0x18 platform/serial_port.o
                0x00080e00                SerialPort::write(unsigned char)
 .text._ZN10SerialPortC2E9HalUartId
                0x00080e18       0x10 platform/serial_port.o
                0x00080e18                SerialPort::SerialPort(HalUartId)
                0x00080e18                SerialPort::SerialPort(HalUartId)
 .text._ZNK10SerialPort13convert_frameEm
                0x00080e28       0x14 platform/serial_port.o
                0x00080e28                SerialPort::convert_frame(unsigned long) const
 .text._ZN10SerialPort5beginEmm
                0x00080e3c       0x28 platform/serial_port.o
                0x00080e3c                SerialPort::begin(unsigned long, unsigned long)
 .text._ZN13UsbSerialPort5beginEmm
                0x00080e64        0x6 platform/serial_port.o
                0x00080e64                UsbSerialPort::begin(unsigned long, unsigned long)
 .text._ZL21platform_reverse_bitsh
                0x00080e6a       0x26 platform/spi.o
 .text._ZN11SPISettingsC2Ev
                0x00080e90       0x10 platform/spi.o
                0x00080e90                SPISettings::SPISettings()
                0x00080e90                SPISettings::SPISettings()
 .text._ZN11SPISettingsC2Emhh
                0x00080ea0        0xc platform/spi.o
                0x00080ea0                SPISettings::SPISettings(unsigned long, unsigned char, unsigned char)
                0x00080ea0                SPISettings::SPISettings(unsigned long, unsigned char, unsigned char)
 .text._ZNK11SPISettings8clock_hzEv
                0x00080eac        0x4 platform/spi.o
                0x00080eac                SPISettings::clock_hz() const
 .text._ZNK11SPISettings9bit_orderEv
                0x00080eb0        0x4 platform/spi.o
                0x00080eb0                SPISettings::bit_order() const
 .text._ZNK11SPISettings9data_modeEv
                0x00080eb4        0x4 platform/spi.o
                0x00080eb4                SPISettings::data_mode() const
 .text._ZN8SPIClassC2Ev
                0x00080eb8       0x14 platform/spi.o
                0x00080eb8                SPIClass::SPIClass()
                0x00080eb8                SPIClass::SPIClass()
 .text._ZN8SPIClass14endTransactionEv
                0x00080ecc        0x2 platform/spi.o
                0x00080ecc                SPIClass::endTransaction()
 *fill*         0x00080ece        0x2 
 .text._ZN8SPIClass8transferEh
                0x00080ed0       0x38 platform/spi.o
                0x00080ed0                SPIClass::transfer(unsigned char)
 .text._ZNK8SPIClass17convert_data_modeEh
                0x00080f08       0x1c platform/spi.o
                0x00080f08                SPIClass::convert_data_mode(unsigned char) const
 .text._ZNK8SPIClass15make_hal_configERK11SPISettings
                0x00080f24       0x34 platform/spi.o
                0x00080f24                SPIClass::make_hal_config(SPISettings const&) const
 .text._ZN8SPIClass22apply_current_settingsEv
                0x00080f58       0x24 platform/spi.o
                0x00080f58                SPIClass::apply_current_settings()
 .text._ZN8SPIClass5beginEv
                0x00080f7c       0x1c platform/spi.o
                0x00080f7c                SPIClass::begin()
 .text._ZN8SPIClass16beginTransactionERK11SPISettings
                0x00080f98       0x1c platform/spi.o
                0x00080f98                SPIClass::beginTransaction(SPISettings const&)
 .text.platform_get_stack_pointer
                0x00080fb4        0x4 platform/syscalls.o
 .text._sbrk    0x00080fb8       0x44 platform/syscalls.o
                0x00080fb8                _sbrk
 .text.__aeabi_atexit
                0x00080ffc        0xc c:/program files (x86)/atmel/studio/7.0/toolchain/arm/arm-gnu-toolchain/bin/../lib/gcc/arm-none-eabi/6.3.1/../../../../arm-none-eabi/lib/thumb/v7-m\libstdc++.a(atexit_arm.o)
                0x00080ffc                __aeabi_atexit
 .text._ZdlPvj  0x00081008        0x4 c:/program files (x86)/atmel/studio/7.0/toolchain/arm/arm-gnu-toolchain/bin/../lib/gcc/arm-none-eabi/6.3.1/../../../../arm-none-eabi/lib/thumb/v7-m\libstdc++.a(del_ops.o)
                0x00081008                operator delete(void*, unsigned int)
 .text._ZdlPv   0x0008100c        0x4 c:/program files (x86)/atmel/studio/7.0/toolchain/arm/arm-gnu-toolchain/bin/../lib/gcc/arm-none-eabi/6.3.1/../../../../arm-none-eabi/lib/thumb/v7-m\libstdc++.a(del_op.o)
                0x0008100c                operator delete(void*)
 .text.__cxa_atexit
                0x00081010        0xc c:/program files (x86)/atmel/studio/7.0/toolchain/arm/arm-gnu-toolchain/bin/../lib/gcc/arm-none-eabi/6.3.1/../../../../arm-none-eabi/lib/thumb/v7-m\libc.a(lib_a-cxa_atexit.o)
                0x00081010                __cxa_atexit
 .text.__errno  0x0008101c        0xc c:/program files (x86)/atmel/studio/7.0/toolchain/arm/arm-gnu-toolchain/bin/../lib/gcc/arm-none-eabi/6.3.1/../../../../arm-none-eabi/lib/thumb/v7-m\libc.a(lib_a-errno.o)
                0x0008101c                __errno
 .text.__libc_init_array
                0x00081028       0x50 c:/program files (x86)/atmel/studio/7.0/toolchain/arm/arm-gnu-toolchain/bin/../lib/gcc/arm-none-eabi/6.3.1/../../../../arm-none-eabi/lib/thumb/v7-m\libc.a(lib_a-init.o)
                0x00081028                __libc_init_array
 .text.malloc   0x00081078       0x10 c:/program files (x86)/atmel/studio/7.0/toolchain/arm/arm-gnu-toolchain/bin/../lib/gcc/arm-none-eabi/6.3.1/../../../../arm-none-eabi/lib/thumb/v7-m\libc.a(lib_a-malloc.o)
                0x00081078                malloc
 .text.free     0x00081088       0x10 c:/program files (x86)/atmel/studio/7.0/toolchain/arm/arm-gnu-toolchain/bin/../lib/gcc/arm-none-eabi/6.3.1/../../../../arm-none-eabi/lib/thumb/v7-m\libc.a(lib_a-malloc.o)
                0x00081088                free
 .text._malloc_r
                0x00081098      0x544 c:/program files (x86)/atmel/studio/7.0/toolchain/arm/arm-gnu-toolchain/bin/../lib/gcc/arm-none-eabi/6.3.1/../../../../arm-none-eabi/lib/thumb/v7-m\libc.a(lib_a-mallocr.o)
                0x00081098                _malloc_r
 .text.__malloc_lock
                0x000815dc        0xc c:/program files (x86)/atmel/studio/7.0/toolchain/arm/arm-gnu-toolchain/bin/../lib/gcc/arm-none-eabi/6.3.1/../../../../arm-none-eabi/lib/thumb/v7-m\libc.a(lib_a-mlock.o)
                0x000815dc                __malloc_lock
 .text.__malloc_unlock
                0x000815e8        0xc c:/program files (x86)/atmel/studio/7.0/toolchain/arm/arm-gnu-toolchain/bin/../lib/gcc/arm-none-eabi/6.3.1/../../../../arm-none-eabi/lib/thumb/v7-m\libc.a(lib_a-mlock.o)
                0x000815e8                __malloc_unlock
 .text._sbrk_r  0x000815f4       0x24 c:/program files (x86)/atmel/studio/7.0/toolchain/arm/arm-gnu-toolchain/bin/../lib/gcc/arm-none-eabi/6.3.1/../../../../arm-none-eabi/lib/thumb/v7-m\libc.a(lib_a-sbrkr.o)
                0x000815f4                _sbrk_r
 .text.__register_exitproc
                0x00081618       0xc4 c:/program files (x86)/atmel/studio/7.0/toolchain/arm/arm-gnu-toolchain/bin/../lib/gcc/arm-none-eabi/6.3.1/../../../../arm-none-eabi/lib/thumb/v7-m\libc.a(lib_a-__atexit.o)
                0x00081618                __register_exitproc
 .text.startup.register_fini
                0x000816dc       0x14 c:/program files (x86)/atmel/studio/7.0/toolchain/arm/arm-gnu-toolchain/bin/../lib/gcc/arm-none-eabi/6.3.1/../../../../arm-none-eabi/lib/thumb/v7-m\libc.a(lib_a-__call_atexit.o)
 .text.atexit   0x000816f0        0xc c:/program files (x86)/atmel/studio/7.0/toolchain/arm/arm-gnu-toolchain/bin/../lib/gcc/arm-none-eabi/6.3.1/../../../../arm-none-eabi/lib/thumb/v7-m\libc.a(lib_a-atexit.o)
                0x000816f0                atexit
 .text.__libc_fini_array
                0x000816fc       0x34 c:/program files (x86)/atmel/studio/7.0/toolchain/arm/arm-gnu-toolchain/bin/../lib/gcc/arm-none-eabi/6.3.1/../../../../arm-none-eabi/lib/thumb/v7-m\libc.a(lib_a-fini.o)
                0x000816fc                __libc_fini_array
 .text._malloc_trim_r
                0x00081730       0xa0 c:/program files (x86)/atmel/studio/7.0/toolchain/arm/arm-gnu-toolchain/bin/../lib/gcc/arm-none-eabi/6.3.1/../../../../arm-none-eabi/lib/thumb/v7-m\libc.a(lib_a-freer.o)
                0x00081730                _malloc_trim_r
 .text._free_r  0x000817d0      0x1cc c:/program files (x86)/atmel/studio/7.0/toolchain/arm/arm-gnu-toolchain/bin/../lib/gcc/arm-none-eabi/6.3.1/../../../../arm-none-eabi/lib/thumb/v7-m\libc.a(lib_a-freer.o)
                0x000817d0                _free_r
 .text.__retarget_lock_acquire_recursive
                0x0008199c        0x4 c:/program files (x86)/atmel/studio/7.0/toolchain/arm/arm-gnu-toolchain/bin/../lib/gcc/arm-none-eabi/6.3.1/../../../../arm-none-eabi/lib/thumb/v7-m\libc.a(lib_a-lock.o)
                0x0008199c                __retarget_lock_acquire_recursive
 .text.__retarget_lock_release_recursive
                0x000819a0        0x4 c:/program files (x86)/atmel/studio/7.0/toolchain/arm/arm-gnu-toolchain/bin/../lib/gcc/arm-none-eabi/6.3.1/../../../../arm-none-eabi/lib/thumb/v7-m\libc.a(lib_a-lock.o)
                0x000819a0                __retarget_lock_release_recursive
 *(.glue_7t)
 .glue_7t       0x000819a4        0x0 linker stubs
 *(.glue_7)
 .glue_7        0x000819a4        0x0 linker stubs
 *(.rodata .rodata* .gnu.linkonce.r.*)
 .rodata        0x000819a4      0x100 hal/sam3x_gpio.o
 .rodata        0x00081aa4       0xc0 hal/sam3x_uart.o
 .rodata        0x00081b64       0x28 platform/serial_port.o
                0x00081b64                vtable for SerialPort
                0x00081b78                vtable for UsbSerialPort
 .rodata._global_impure_ptr
                0x00081b8c        0x4 c:/program files (x86)/atmel/studio/7.0/toolchain/arm/arm-gnu-toolchain/bin/../lib/gcc/arm-none-eabi/6.3.1/../../../../arm-none-eabi/lib/thumb/v7-m\libc.a(lib_a-impure.o)
                0x00081b8c                _global_impure_ptr
 *(.ARM.extab* .gnu.linkonce.armextab.*)
                0x00081b90                . = ALIGN (0x4)
 *(.init)
 .init          0x00081b90        0x4 c:/program files (x86)/atmel/studio/7.0/toolchain/arm/arm-gnu-toolchain/bin/../lib/gcc/arm-none-eabi/6.3.1/thumb/v7-m/crti.o
                0x00081b90                _init
 .init          0x00081b94        0x8 c:/program files (x86)/atmel/studio/7.0/toolchain/arm/arm-gnu-toolchain/bin/../lib/gcc/arm-none-eabi/6.3.1/thumb/v7-m/crtn.o
                0x00081b9c                . = ALIGN (0x4)
                0x00081b9c                __preinit_array_start = .
 *(.preinit_array)
                0x00081b9c                __preinit_array_end = .
                0x00081b9c                . = ALIGN (0x4)
                0x00081b9c                __init_array_start = .
 *(SORT(.init_array.*))
 .init_array.00000
                0x00081b9c        0x4 c:/program files (x86)/atmel/studio/7.0/toolchain/arm/arm-gnu-toolchain/bin/../lib/gcc/arm-none-eabi/6.3.1/../../../../arm-none-eabi/lib/thumb/v7-m\libc.a(lib_a-__call_atexit.o)
 *(.init_array)
 .init_array    0x00081ba0        0x4 c:/program files (x86)/atmel/studio/7.0/toolchain/arm/arm-gnu-toolchain/bin/../lib/gcc/arm-none-eabi/6.3.1/thumb/v7-m/crtbegin.o
 .init_array    0x00081ba4        0x4 libs/IGAS_Eth/IGAS_Eth.o
 .init_array    0x00081ba8        0x4 libs/IGAS_Eth/IPAddress.o
 .init_array    0x00081bac        0x4 libs/IGAS_Eth/utility/w5500.o
 .init_array    0x00081bb0        0x4 platform/platform_serial.o
 .init_array    0x00081bb4        0x4 platform/platform_spi.o
                0x00081bb8                __init_array_end = .
                0x00081bb8                . = ALIGN (0x4)
 *crtbegin.o(.ctors)
 *(EXCLUDE_FILE(*crtend.o) .ctors)
 *(SORT(.ctors.*))
 *crtend.o(.ctors)
                0x00081bb8                . = ALIGN (0x4)
 *(.fini)
 .fini          0x00081bb8        0x4 c:/program files (x86)/atmel/studio/7.0/toolchain/arm/arm-gnu-toolchain/bin/../lib/gcc/arm-none-eabi/6.3.1/thumb/v7-m/crti.o
                0x00081bb8                _fini
 .fini          0x00081bbc        0x8 c:/program files (x86)/atmel/studio/7.0/toolchain/arm/arm-gnu-toolchain/bin/../lib/gcc/arm-none-eabi/6.3.1/thumb/v7-m/crtn.o
                0x00081bc4                . = ALIGN (0x4)
                0x00081bc4                __fini_array_start = .
 *(.fini_array)
 .fini_array    0x00081bc4        0x4 c:/program files (x86)/atmel/studio/7.0/toolchain/arm/arm-gnu-toolchain/bin/../lib/gcc/arm-none-eabi/6.3.1/thumb/v7-m/crtbegin.o
 *(SORT(.fini_array.*))
                0x00081bc8                __fini_array_end = .
 *crtbegin.o(.dtors)
 *(EXCLUDE_FILE(*crtend.o) .dtors)
 *(SORT(.dtors.*))
 *crtend.o(.dtors)
                0x00081bc8                . = ALIGN (0x4)
                0x00081bc8                _efixed = .
                [!provide]                PROVIDE (__exidx_start, .)

.vfp11_veneer   0x00081bc8        0x0
 .vfp11_veneer  0x00081bc8        0x0 linker stubs

.v4_bx          0x00081bc8        0x0
 .v4_bx         0x00081bc8        0x0 linker stubs

.iplt           0x00081bc8        0x0
 .iplt          0x00081bc8        0x0 c:/program files (x86)/atmel/studio/7.0/toolchain/arm/arm-gnu-toolchain/bin/../lib/gcc/arm-none-eabi/6.3.1/thumb/v7-m/crtbegin.o

.ARM.exidx      0x00081bc8        0x8
 *(.ARM.exidx* .gnu.linkonce.armexidx.*)
 .ARM.exidx.text.__aeabi_atexit
                0x00081bc8        0x8 c:/program files (x86)/atmel/studio/7.0/toolchain/arm/arm-gnu-toolchain/bin/../lib/gcc/arm-none-eabi/6.3.1/../../../../arm-none-eabi/lib/thumb/v7-m\libstdc++.a(atexit_arm.o)
 .ARM.exidx.text._ZdlPvj
                0x00081bd0        0x0 c:/program files (x86)/atmel/studio/7.0/toolchain/arm/arm-gnu-toolchain/bin/../lib/gcc/arm-none-eabi/6.3.1/../../../../arm-none-eabi/lib/thumb/v7-m\libstdc++.a(del_ops.o)
                                  0x8 (size before relaxing)
 .ARM.exidx.text._ZdlPv
                0x00081bd0        0x0 c:/program files (x86)/atmel/studio/7.0/toolchain/arm/arm-gnu-toolchain/bin/../lib/gcc/arm-none-eabi/6.3.1/../../../../arm-none-eabi/lib/thumb/v7-m\libstdc++.a(del_op.o)
                                  0x8 (size before relaxing)
                [!provide]                PROVIDE (__exidx_end, .)

.eh_frame       0x00081bd0        0x0
 .eh_frame      0x00081bd0        0x0 c:/program files (x86)/atmel/studio/7.0/toolchain/arm/arm-gnu-toolchain/bin/../lib/gcc/arm-none-eabi/6.3.1/thumb/v7-m/crtbegin.o

.rel.dyn        0x00081bd0        0x0
 .rel.iplt      0x00081bd0        0x0 c:/program files (x86)/atmel/studio/7.0/toolchain/arm/arm-gnu-toolchain/bin/../lib/gcc/arm-none-eabi/6.3.1/thumb/v7-m/crtbegin.o

.jcr            0x00081bd0        0x0
 .jcr           0x00081bd0        0x0 c:/program files (x86)/atmel/studio/7.0/toolchain/arm/arm-gnu-toolchain/bin/../lib/gcc/arm-none-eabi/6.3.1/thumb/v7-m/crtbegin.o

.igot.plt       0x00081bd0        0x0
 .igot.plt      0x00081bd0        0x0 c:/program files (x86)/atmel/studio/7.0/toolchain/arm/arm-gnu-toolchain/bin/../lib/gcc/arm-none-eabi/6.3.1/thumb/v7-m/crtbegin.o
                0x00081bd0                . = ALIGN (0x4)
                0x00081bd0                _etext = .

.relocate       0x20000000      0x854 load address 0x00081bd0
                0x20000000                . = ALIGN (0x4)
                0x20000000                _srelocate = .
 *(.ramfunc .ramfunc.*)
 *(.data .data.*)
 .data          0x20000000        0x4 c:/program files (x86)/atmel/studio/7.0/toolchain/arm/arm-gnu-toolchain/bin/../lib/gcc/arm-none-eabi/6.3.1/thumb/v7-m/crtbegin.o
                0x20000000                __dso_handle
 .data          0x20000004        0x4 Device_Startup/system_sam3xa.o
                0x20000004                SystemCoreClock
 .data          0x20000008        0x8 platform/platform_serial.o
                0x20000008                SerialUSB
 .data._impure_ptr
                0x20000010        0x4 c:/program files (x86)/atmel/studio/7.0/toolchain/arm/arm-gnu-toolchain/bin/../lib/gcc/arm-none-eabi/6.3.1/../../../../arm-none-eabi/lib/thumb/v7-m\libc.a(lib_a-impure.o)
                0x20000010                _impure_ptr
 *fill*         0x20000014        0x4 
 .data.impure_data
                0x20000018      0x428 c:/program files (x86)/atmel/studio/7.0/toolchain/arm/arm-gnu-toolchain/bin/../lib/gcc/arm-none-eabi/6.3.1/../../../../arm-none-eabi/lib/thumb/v7-m\libc.a(lib_a-impure.o)
 .data.__malloc_av_
                0x20000440      0x408 c:/program files (x86)/atmel/studio/7.0/toolchain/arm/arm-gnu-toolchain/bin/../lib/gcc/arm-none-eabi/6.3.1/../../../../arm-none-eabi/lib/thumb/v7-m\libc.a(lib_a-mallocr.o)
                0x20000440                __malloc_av_
 .data.__malloc_sbrk_base
                0x20000848        0x4 c:/program files (x86)/atmel/studio/7.0/toolchain/arm/arm-gnu-toolchain/bin/../lib/gcc/arm-none-eabi/6.3.1/../../../../arm-none-eabi/lib/thumb/v7-m\libc.a(lib_a-mallocr.o)
                0x20000848                __malloc_sbrk_base
 .data.__malloc_trim_threshold
                0x2000084c        0x4 c:/program files (x86)/atmel/studio/7.0/toolchain/arm/arm-gnu-toolchain/bin/../lib/gcc/arm-none-eabi/6.3.1/../../../../arm-none-eabi/lib/thumb/v7-m\libc.a(lib_a-mallocr.o)
                0x2000084c                __malloc_trim_threshold
 .data.__atexit_recursive_mutex
                0x20000850        0x4 c:/program files (x86)/atmel/studio/7.0/toolchain/arm/arm-gnu-toolchain/bin/../lib/gcc/arm-none-eabi/6.3.1/../../../../arm-none-eabi/lib/thumb/v7-m\libc.a(lib_a-__call_atexit.o)
                0x20000850                __atexit_recursive_mutex
                0x20000854                . = ALIGN (0x4)
                0x20000854                _erelocate = .

.bss            0x20000854       0xd4 load address 0x00082424
                0x20000854                . = ALIGN (0x4)
                0x20000854                _sbss = .
                0x20000854                _szero = .
 *(.bss .bss.*)
 .bss           0x20000854       0x1c c:/program files (x86)/atmel/studio/7.0/toolchain/arm/arm-gnu-toolchain/bin/../lib/gcc/arm-none-eabi/6.3.1/thumb/v7-m/crtbegin.o
 .bss           0x20000870        0x1 app/app.o
 *fill*         0x20000871        0x3 
 .bss           0x20000874        0x4 hal/sam3x_tick.o
 .bss           0x20000878       0x1c libs/IGAS_Eth/IGAS_Eth.o
                0x20000878                Ethernet
                0x2000087c                EthernetClass::_state
                0x20000884                EthernetClass::_server_port
 .bss           0x20000894        0x4 libs/IGAS_Eth/IPAddress.o
                0x20000894                INADDR_NONE
 .bss           0x20000898        0x1 libs/IGAS_Eth/utility/w5500.o
                0x20000898                w5500
 *fill*         0x20000899        0x3 
 .bss           0x2000089c       0x20 platform/platform_serial.o
                0x2000089c                Serial
                0x200008a4                Serial1
                0x200008ac                Serial2
                0x200008b4                Serial3
 .bss           0x200008bc        0xc platform/platform_spi.o
                0x200008bc                SPI
 .bss           0x200008c8        0x4 platform/syscalls.o
 .bss.__malloc_current_mallinfo
                0x200008cc       0x28 c:/program files (x86)/atmel/studio/7.0/toolchain/arm/arm-gnu-toolchain/bin/../lib/gcc/arm-none-eabi/6.3.1/../../../../arm-none-eabi/lib/thumb/v7-m\libc.a(lib_a-mallocr.o)
                0x200008cc                __malloc_current_mallinfo
 .bss.__malloc_max_sbrked_mem
                0x200008f4        0x4 c:/program files (x86)/atmel/studio/7.0/toolchain/arm/arm-gnu-toolchain/bin/../lib/gcc/arm-none-eabi/6.3.1/../../../../arm-none-eabi/lib/thumb/v7-m\libc.a(lib_a-mallocr.o)
                0x200008f4                __malloc_max_sbrked_mem
 .bss.__malloc_max_total_mem
                0x200008f8        0x4 c:/program files (x86)/atmel/studio/7.0/toolchain/arm/arm-gnu-toolchain/bin/../lib/gcc/arm-none-eabi/6.3.1/../../../../arm-none-eabi/lib/thumb/v7-m\libc.a(lib_a-mallocr.o)
                0x200008f8                __malloc_max_total_mem
 .bss.__malloc_top_pad
                0x200008fc        0x4 c:/program files (x86)/atmel/studio/7.0/toolchain/arm/arm-gnu-toolchain/bin/../lib/gcc/arm-none-eabi/6.3.1/../../../../arm-none-eabi/lib/thumb/v7-m\libc.a(lib_a-mallocr.o)
                0x200008fc                __malloc_top_pad
 *(COMMON)
 COMMON         0x20000900       0x21 c:/program files (x86)/atmel/studio/7.0/toolchain/arm/arm-gnu-toolchain/bin/../lib/gcc/arm-none-eabi/6.3.1/../../../../arm-none-eabi/lib/thumb/v7-m\libc.a(lib_a-lock.o)
                0x20000900                __lock___atexit_recursive_mutex
                0x20000904                __lock___arc4random_mutex
                0x20000908                __lock___env_recursive_mutex
                0x2000090c                __lock___sinit_recursive_mutex
                0x20000910                __lock___malloc_recursive_mutex
                0x20000914                __lock___at_quick_exit_mutex
                0x20000918                __lock___dd_hash_mutex
                0x2000091c                __lock___tz_mutex
                0x20000920                __lock___sfp_recursive_mutex
 *fill*         0x20000921        0x3 
 COMMON         0x20000924        0x4 c:/program files (x86)/atmel/studio/7.0/toolchain/arm/arm-gnu-toolchain/bin/../lib/gcc/arm-none-eabi/6.3.1/../../../../arm-none-eabi/lib/thumb/v7-m\libc.a(lib_a-reent.o)
                0x20000924                errno
                0x20000928                . = ALIGN (0x4)
                0x20000928                _ebss = .
                0x20000928                _ezero = .

.stack          0x20000928      0x400 load address 0x000824f8
                0x20000928                . = ALIGN (0x8)
                0x20000928                _sstack = .
                0x20000d28                . = (. + STACK_SIZE)
 *fill*         0x20000928      0x400 
                0x20000d28                . = ALIGN (0x8)
                0x20000d28                _estack = .

.heap           0x20000d28      0x200 load address 0x000828f8
                0x20000d28                . = ALIGN (0x8)
                0x20000d28                _sheap = .
                0x20000f28                . = (. + HEAP_SIZE)
 *fill*         0x20000d28      0x200 
                0x20000f28                . = ALIGN (0x8)
                0x20000f28                _eheap = .
                0x20000f28                . = ALIGN (0x4)
                0x20000f28                _end = .
                0x20017fff                _ram_end_ = ((ORIGIN (ram) + LENGTH (ram)) - 0x1)
OUTPUT(LCP_Basic.elf elf32-littlearm)

.ARM.attributes
                0x00000000       0x29
 .ARM.attributes
                0x00000000       0x1d c:/program files (x86)/atmel/studio/7.0/toolchain/arm/arm-gnu-toolchain/bin/../lib/gcc/arm-none-eabi/6.3.1/thumb/v7-m/crti.o
 .ARM.attributes
                0x0000001d       0x2d c:/program files (x86)/atmel/studio/7.0/toolchain/arm/arm-gnu-toolchain/bin/../lib/gcc/arm-none-eabi/6.3.1/thumb/v7-m/crtbegin.o
 .ARM.attributes
                0x0000004a       0x33 app/app.o
 .ARM.attributes
                0x0000007d       0x33 board/lcp_board.o
 .ARM.attributes
                0x000000b0       0x33 Device_Startup/startup_sam3xa.o
 .ARM.attributes
                0x000000e3       0x33 Device_Startup/system_sam3xa.o
 .ARM.attributes
                0x00000116       0x33 hal/sam3x_gpio.o
 .ARM.attributes
                0x00000149       0x33 hal/sam3x_spi.o
 .ARM.attributes
                0x0000017c       0x33 hal/sam3x_tick.o
 .ARM.attributes
                0x000001af       0x33 hal/sam3x_uart.o
 .ARM.attributes
                0x000001e2       0x33 libs/IGAS_Eth/IGAS_Eth.o
 .ARM.attributes
                0x00000215       0x33 libs/IGAS_Eth/IPAddress.o
 .ARM.attributes
                0x00000248       0x33 libs/IGAS_Eth/utility/w5500.o
 .ARM.attributes
                0x0000027b       0x33 libs/SC16IS7xx/SC16IS7xx.o
 .ARM.attributes
                0x000002ae       0x33 main.o
 .ARM.attributes
                0x000002e1       0x33 platform/platform_gpio.o
 .ARM.attributes
                0x00000314       0x33 platform/platform_serial.o
 .ARM.attributes
                0x00000347       0x33 platform/platform_spi.o
 .ARM.attributes
                0x0000037a       0x33 platform/platform_time.o
 .ARM.attributes
                0x000003ad       0x33 platform/serial_port.o
 .ARM.attributes
                0x000003e0       0x33 platform/spi.o
 .ARM.attributes
                0x00000413       0x33 platform/syscalls.o
 .ARM.attributes
                0x00000446       0x2d c:/program files (x86)/atmel/studio/7.0/toolchain/arm/arm-gnu-toolchain/bin/../lib/gcc/arm-none-eabi/6.3.1/../../../../arm-none-eabi/lib/thumb/v7-m\libstdc++.a(atexit_arm.o)
 .ARM.attributes
                0x00000473       0x2d c:/program files (x86)/atmel/studio/7.0/toolchain/arm/arm-gnu-toolchain/bin/../lib/gcc/arm-none-eabi/6.3.1/../../../../arm-none-eabi/lib/thumb/v7-m\libstdc++.a(del_ops.o)
 .ARM.attributes
                0x000004a0       0x2d c:/program files (x86)/atmel/studio/7.0/toolchain/arm/arm-gnu-toolchain/bin/../lib/gcc/arm-none-eabi/6.3.1/../../../../arm-none-eabi/lib/thumb/v7-m\libstdc++.a(del_op.o)
 .ARM.attributes
                0x000004cd       0x2d c:/program files (x86)/atmel/studio/7.0/toolchain/arm/arm-gnu-toolchain/bin/../lib/gcc/arm-none-eabi/6.3.1/../../../../arm-none-eabi/lib/thumb/v7-m\libc.a(lib_a-cxa_atexit.o)
 .ARM.attributes
                0x000004fa       0x2d c:/program files (x86)/atmel/studio/7.0/toolchain/arm/arm-gnu-toolchain/bin/../lib/gcc/arm-none-eabi/6.3.1/../../../../arm-none-eabi/lib/thumb/v7-m\libc.a(lib_a-errno.o)
 .ARM.attributes
                0x00000527       0x2d c:/program files (x86)/atmel/studio/7.0/toolchain/arm/arm-gnu-toolchain/bin/../lib/gcc/arm-none-eabi/6.3.1/../../../../arm-none-eabi/lib/thumb/v7-m\libc.a(lib_a-impure.o)
 .ARM.attributes
                0x00000554       0x2d c:/program files (x86)/atmel/studio/7.0/toolchain/arm/arm-gnu-toolchain/bin/../lib/gcc/arm-none-eabi/6.3.1/../../../../arm-none-eabi/lib/thumb/v7-m\libc.a(lib_a-init.o)
 .ARM.attributes
                0x00000581       0x2d c:/program files (x86)/atmel/studio/7.0/toolchain/arm/arm-gnu-toolchain/bin/../lib/gcc/arm-none-eabi/6.3.1/../../../../arm-none-eabi/lib/thumb/v7-m\libc.a(lib_a-malloc.o)
 .ARM.attributes
                0x000005ae       0x2d c:/program files (x86)/atmel/studio/7.0/toolchain/arm/arm-gnu-toolchain/bin/../lib/gcc/arm-none-eabi/6.3.1/../../../../arm-none-eabi/lib/thumb/v7-m\libc.a(lib_a-mallocr.o)
 .ARM.attributes
                0x000005db       0x2d c:/program files (x86)/atmel/studio/7.0/toolchain/arm/arm-gnu-toolchain/bin/../lib/gcc/arm-none-eabi/6.3.1/../../../../arm-none-eabi/lib/thumb/v7-m\libc.a(lib_a-mlock.o)
 .ARM.attributes
                0x00000608       0x2d c:/program files (x86)/atmel/studio/7.0/toolchain/arm/arm-gnu-toolchain/bin/../lib/gcc/arm-none-eabi/6.3.1/../../../../arm-none-eabi/lib/thumb/v7-m\libc.a(lib_a-sbrkr.o)
 .ARM.attributes
                0x00000635       0x2d c:/program files (x86)/atmel/studio/7.0/toolchain/arm/arm-gnu-toolchain/bin/../lib/gcc/arm-none-eabi/6.3.1/../../../../arm-none-eabi/lib/thumb/v7-m\libc.a(lib_a-__atexit.o)
 .ARM.attributes
                0x00000662       0x2d c:/program files (x86)/atmel/studio/7.0/toolchain/arm/arm-gnu-toolchain/bin/../lib/gcc/arm-none-eabi/6.3.1/../../../../arm-none-eabi/lib/thumb/v7-m\libc.a(lib_a-__call_atexit.o)
 .ARM.attributes
                0x0000068f       0x2d c:/program files (x86)/atmel/studio/7.0/toolchain/arm/arm-gnu-toolchain/bin/../lib/gcc/arm-none-eabi/6.3.1/../../../../arm-none-eabi/lib/thumb/v7-m\libc.a(lib_a-atexit.o)
 .ARM.attributes
                0x000006bc       0x2d c:/program files (x86)/atmel/studio/7.0/toolchain/arm/arm-gnu-toolchain/bin/../lib/gcc/arm-none-eabi/6.3.1/../../../../arm-none-eabi/lib/thumb/v7-m\libc.a(lib_a-fini.o)
 .ARM.attributes
                0x000006e9       0x2d c:/program files (x86)/atmel/studio/7.0/toolchain/arm/arm-gnu-toolchain/bin/../lib/gcc/arm-none-eabi/6.3.1/../../../../arm-none-eabi/lib/thumb/v7-m\libc.a(lib_a-freer.o)
 .ARM.attributes
                0x00000716       0x2d c:/program files (x86)/atmel/studio/7.0/toolchain/arm/arm-gnu-toolchain/bin/../lib/gcc/arm-none-eabi/6.3.1/../../../../arm-none-eabi/lib/thumb/v7-m\libc.a(lib_a-lock.o)
 .ARM.attributes
                0x00000743       0x2d c:/program files (x86)/atmel/studio/7.0/toolchain/arm/arm-gnu-toolchain/bin/../lib/gcc/arm-none-eabi/6.3.1/../../../../arm-none-eabi/lib/thumb/v7-m\libc.a(lib_a-reent.o)
 .ARM.attributes
                0x00000770       0x1d c:/program files (x86)/atmel/studio/7.0/toolchain/arm/arm-gnu-toolchain/bin/../lib/gcc/arm-none-eabi/6.3.1/thumb/v7-m/crtn.o

.comment        0x00000000       0x59
 .comment       0x00000000       0x59 app/app.o
                                 0x5a (size before relaxing)
 .comment       0x00000059       0x5a board/lcp_board.o
 .comment       0x00000059       0x5a Device_Startup/startup_sam3xa.o
 .comment       0x00000059       0x5a Device_Startup/system_sam3xa.o
 .comment       0x00000059       0x5a hal/sam3x_gpio.o
 .comment       0x00000059       0x5a hal/sam3x_spi.o
 .comment       0x00000059       0x5a hal/sam3x_tick.o
 .comment       0x00000059       0x5a hal/sam3x_uart.o
 .comment       0x00000059       0x5a libs/IGAS_Eth/IGAS_Eth.o
 .comment       0x00000059       0x5a libs/IGAS_Eth/IPAddress.o
 .comment       0x00000059       0x5a libs/IGAS_Eth/utility/w5500.o
 .comment       0x00000059       0x5a libs/SC16IS7xx/SC16IS7xx.o
 .comment       0x00000059       0x5a main.o
 .comment       0x00000059       0x5a platform/platform_gpio.o
 .comment       0x00000059       0x5a platform/platform_serial.o
 .comment       0x00000059       0x5a platform/platform_spi.o
 .comment       0x00000059       0x5a platform/platform_time.o
 .comment       0x00000059       0x5a platform/serial_port.o
 .comment       0x00000059       0x5a platform/spi.o
 .comment       0x00000059       0x5a platform/syscalls.o

.debug_info     0x00000000    0x13b8b
 .debug_info    0x00000000      0xf3a app/app.o
 .debug_info    0x00000f3a      0xf3d board/lcp_board.o
 .debug_info    0x00001e77      0x74e Device_Startup/startup_sam3xa.o
 .debug_info    0x000025c5      0x444 Device_Startup/system_sam3xa.o
 .debug_info    0x00002a09      0x8e6 hal/sam3x_gpio.o
 .debug_info    0x000032ef      0xa9c hal/sam3x_spi.o
 .debug_info    0x00003d8b      0x7de hal/sam3x_tick.o
 .debug_info    0x00004569      0xed1 hal/sam3x_uart.o
 .debug_info    0x0000543a     0x1ea2 libs/IGAS_Eth/IGAS_Eth.o
 .debug_info    0x000072dc     0x1bb4 libs/IGAS_Eth/IPAddress.o
 .debug_info    0x00008e90     0x3385 libs/IGAS_Eth/utility/w5500.o
 .debug_info    0x0000c215     0x19d0 libs/SC16IS7xx/SC16IS7xx.o
 .debug_info    0x0000dbe5       0xe0 main.o
 .debug_info    0x0000dcc5      0xb32 platform/platform_gpio.o
 .debug_info    0x0000e7f7      0xe05 platform/platform_serial.o
 .debug_info    0x0000f5fc      0xa6e platform/platform_spi.o
 .debug_info    0x0001006a      0xb06 platform/platform_time.o
 .debug_info    0x00010b70     0x1468 platform/serial_port.o
 .debug_info    0x00011fd8      0xd6d platform/spi.o
 .debug_info    0x00012d45      0xe46 platform/syscalls.o

.debug_abbrev   0x00000000     0x3549
 .debug_abbrev  0x00000000      0x2cd app/app.o
 .debug_abbrev  0x000002cd      0x297 board/lcp_board.o
 .debug_abbrev  0x00000564      0x153 Device_Startup/startup_sam3xa.o
 .debug_abbrev  0x000006b7      0x102 Device_Startup/system_sam3xa.o
 .debug_abbrev  0x000007b9      0x1d3 hal/sam3x_gpio.o
 .debug_abbrev  0x0000098c      0x22e hal/sam3x_spi.o
 .debug_abbrev  0x00000bba      0x229 hal/sam3x_tick.o
 .debug_abbrev  0x00000de3      0x254 hal/sam3x_uart.o
 .debug_abbrev  0x00001037      0x41e libs/IGAS_Eth/IGAS_Eth.o
 .debug_abbrev  0x00001455      0x49b libs/IGAS_Eth/IPAddress.o
 .debug_abbrev  0x000018f0      0x419 libs/IGAS_Eth/utility/w5500.o
 .debug_abbrev  0x00001d09      0x30d libs/SC16IS7xx/SC16IS7xx.o
 .debug_abbrev  0x00002016       0x69 main.o
 .debug_abbrev  0x0000207f      0x2df platform/platform_gpio.o
 .debug_abbrev  0x0000235e      0x380 platform/platform_serial.o
 .debug_abbrev  0x000026de      0x2a5 platform/platform_spi.o
 .debug_abbrev  0x00002983      0x2c1 platform/platform_time.o
 .debug_abbrev  0x00002c44      0x3d3 platform/serial_port.o
 .debug_abbrev  0x00003017      0x31b platform/spi.o
 .debug_abbrev  0x00003332      0x217 platform/syscalls.o

.debug_loc      0x00000000     0x577a
 .debug_loc     0x00000000       0x58 app/app.o
 .debug_loc     0x00000058       0x20 board/lcp_board.o
 .debug_loc     0x00000078       0x78 Device_Startup/startup_sam3xa.o
 .debug_loc     0x000000f0      0x26c hal/sam3x_gpio.o
 .debug_loc     0x0000035c      0x266 hal/sam3x_spi.o
 .debug_loc     0x000005c2      0x27a hal/sam3x_tick.o
 .debug_loc     0x0000083c      0x4d9 hal/sam3x_uart.o
 .debug_loc     0x00000d15      0x5ed libs/IGAS_Eth/IGAS_Eth.o
 .debug_loc     0x00001302      0x534 libs/IGAS_Eth/IPAddress.o
 .debug_loc     0x00001836     0x20a1 libs/IGAS_Eth/utility/w5500.o
 .debug_loc     0x000038d7      0xb7a libs/SC16IS7xx/SC16IS7xx.o
 .debug_loc     0x00004451       0x20 main.o
 .debug_loc     0x00004471      0x154 platform/platform_gpio.o
 .debug_loc     0x000045c5      0x146 platform/platform_serial.o
 .debug_loc     0x0000470b       0xb4 platform/platform_spi.o
 .debug_loc     0x000047bf       0xc2 platform/platform_time.o
 .debug_loc     0x00004881      0x428 platform/serial_port.o
 .debug_loc     0x00004ca9      0x7b7 platform/spi.o
 .debug_loc     0x00005460      0x31a platform/syscalls.o

.debug_aranges  0x00000000      0x8e0
 .debug_aranges
                0x00000000       0x28 app/app.o
 .debug_aranges
                0x00000028       0x20 board/lcp_board.o
 .debug_aranges
                0x00000048       0x28 Device_Startup/startup_sam3xa.o
 .debug_aranges
                0x00000070       0x30 Device_Startup/system_sam3xa.o
 .debug_aranges
                0x000000a0       0x48 hal/sam3x_gpio.o
 .debug_aranges
                0x000000e8       0x60 hal/sam3x_spi.o
 .debug_aranges
                0x00000148       0x48 hal/sam3x_tick.o
 .debug_aranges
                0x00000190       0x78 hal/sam3x_uart.o
 .debug_aranges
                0x00000208       0x88 libs/IGAS_Eth/IGAS_Eth.o
 .debug_aranges
                0x00000290       0xa8 libs/IGAS_Eth/IPAddress.o
 .debug_aranges
                0x00000338      0x220 libs/IGAS_Eth/utility/w5500.o
 .debug_aranges
                0x00000558       0xb0 libs/SC16IS7xx/SC16IS7xx.o
 .debug_aranges
                0x00000608       0x20 main.o
 .debug_aranges
                0x00000628       0x30 platform/platform_gpio.o
 .debug_aranges
                0x00000658       0x48 platform/platform_serial.o
 .debug_aranges
                0x000006a0       0x28 platform/platform_spi.o
 .debug_aranges
                0x000006c8       0x38 platform/platform_time.o
 .debug_aranges
                0x00000700       0xc8 platform/serial_port.o
 .debug_aranges
                0x000007c8       0xc0 platform/spi.o
 .debug_aranges
                0x00000888       0x58 platform/syscalls.o

.debug_ranges   0x00000000      0x7c0
 .debug_ranges  0x00000000       0x18 app/app.o
 .debug_ranges  0x00000018       0x10 board/lcp_board.o
 .debug_ranges  0x00000028       0x18 Device_Startup/startup_sam3xa.o
 .debug_ranges  0x00000040       0x20 Device_Startup/system_sam3xa.o
 .debug_ranges  0x00000060       0x38 hal/sam3x_gpio.o
 .debug_ranges  0x00000098       0x50 hal/sam3x_spi.o
 .debug_ranges  0x000000e8       0x38 hal/sam3x_tick.o
 .debug_ranges  0x00000120       0x68 hal/sam3x_uart.o
 .debug_ranges  0x00000188       0x78 libs/IGAS_Eth/IGAS_Eth.o
 .debug_ranges  0x00000200       0xb8 libs/IGAS_Eth/IPAddress.o
 .debug_ranges  0x000002b8      0x210 libs/IGAS_Eth/utility/w5500.o
 .debug_ranges  0x000004c8       0xa0 libs/SC16IS7xx/SC16IS7xx.o
 .debug_ranges  0x00000568       0x10 main.o
 .debug_ranges  0x00000578       0x20 platform/platform_gpio.o
 .debug_ranges  0x00000598       0x38 platform/platform_serial.o
 .debug_ranges  0x000005d0       0x18 platform/platform_spi.o
 .debug_ranges  0x000005e8       0x28 platform/platform_time.o
 .debug_ranges  0x00000610       0xb8 platform/serial_port.o
 .debug_ranges  0x000006c8       0xb0 platform/spi.o
 .debug_ranges  0x00000778       0x48 platform/syscalls.o

.debug_macro    0x00000000    0x140c2
 .debug_macro   0x00000000       0xaf app/app.o
 .debug_macro   0x000000af      0x982 app/app.o
 .debug_macro   0x00000a31       0x1c app/app.o
 .debug_macro   0x00000a4d       0x22 app/app.o
 .debug_macro   0x00000a6f       0x87 app/app.o
 .debug_macro   0x00000af6       0x51 app/app.o
 .debug_macro   0x00000b47       0xef app/app.o
 .debug_macro   0x00000c36       0x6a app/app.o
 .debug_macro   0x00000ca0      0x1df app/app.o
 .debug_macro   0x00000e7f      0x17b app/app.o
 .debug_macro   0x00000ffa      0x1e4 app/app.o
 .debug_macro   0x000011de       0x76 app/app.o
 .debug_macro   0x00001254       0xa7 board/lcp_board.o
 .debug_macro   0x000012fb      0x371 Device_Startup/startup_sam3xa.o
 .debug_macro   0x0000166c      0x8b0 Device_Startup/startup_sam3xa.o
 .debug_macro   0x00001f1c       0x87 Device_Startup/startup_sam3xa.o
 .debug_macro   0x00001fa3       0x20 Device_Startup/startup_sam3xa.o
 .debug_macro   0x00001fc3       0x1c Device_Startup/startup_sam3xa.o
 .debug_macro   0x00001fdf       0x22 Device_Startup/startup_sam3xa.o
 .debug_macro   0x00002001       0xc3 Device_Startup/startup_sam3xa.o
 .debug_macro   0x000020c4      0xe49 Device_Startup/startup_sam3xa.o
 .debug_macro   0x00002f0d      0x11f Device_Startup/startup_sam3xa.o
 .debug_macro   0x0000302c      0xa7d Device_Startup/startup_sam3xa.o
 .debug_macro   0x00003aa9      0x55a Device_Startup/startup_sam3xa.o
 .debug_macro   0x00004003      0x1a8 Device_Startup/startup_sam3xa.o
 .debug_macro   0x000041ab      0x30b Device_Startup/startup_sam3xa.o
 .debug_macro   0x000044b6      0x709 Device_Startup/startup_sam3xa.o
 .debug_macro   0x00004bbf       0xd6 Device_Startup/startup_sam3xa.o
 .debug_macro   0x00004c95      0x56c Device_Startup/startup_sam3xa.o
 .debug_macro   0x00005201       0x1c Device_Startup/startup_sam3xa.o
 .debug_macro   0x0000521d      0x678 Device_Startup/startup_sam3xa.o
 .debug_macro   0x00005895      0x51e Device_Startup/startup_sam3xa.o
 .debug_macro   0x00005db3       0xbe Device_Startup/startup_sam3xa.o
 .debug_macro   0x00005e71     0x2333 Device_Startup/startup_sam3xa.o
 .debug_macro   0x000081a4      0x7d1 Device_Startup/startup_sam3xa.o
 .debug_macro   0x00008975      0xdbb Device_Startup/startup_sam3xa.o
 .debug_macro   0x00009730       0x9a Device_Startup/startup_sam3xa.o
 .debug_macro   0x000097ca      0x29c Device_Startup/startup_sam3xa.o
 .debug_macro   0x00009a66       0x58 Device_Startup/startup_sam3xa.o
 .debug_macro   0x00009abe      0x999 Device_Startup/startup_sam3xa.o
 .debug_macro   0x0000a457      0x22d Device_Startup/startup_sam3xa.o
 .debug_macro   0x0000a684      0x4b4 Device_Startup/startup_sam3xa.o
 .debug_macro   0x0000ab38      0x64a Device_Startup/startup_sam3xa.o
 .debug_macro   0x0000b182      0x590 Device_Startup/startup_sam3xa.o
 .debug_macro   0x0000b712       0x46 Device_Startup/startup_sam3xa.o
 .debug_macro   0x0000b758      0x33f Device_Startup/startup_sam3xa.o
 .debug_macro   0x0000ba97      0x27e Device_Startup/startup_sam3xa.o
 .debug_macro   0x0000bd15     0x14dc Device_Startup/startup_sam3xa.o
 .debug_macro   0x0000d1f1      0x7cf Device_Startup/startup_sam3xa.o
 .debug_macro   0x0000d9c0       0x76 Device_Startup/startup_sam3xa.o
 .debug_macro   0x0000da36       0x82 Device_Startup/startup_sam3xa.o
 .debug_macro   0x0000dab8       0x76 Device_Startup/startup_sam3xa.o
 .debug_macro   0x0000db2e       0x4c Device_Startup/startup_sam3xa.o
 .debug_macro   0x0000db7a      0x100 Device_Startup/startup_sam3xa.o
 .debug_macro   0x0000dc7a      0x100 Device_Startup/startup_sam3xa.o
 .debug_macro   0x0000dd7a      0x100 Device_Startup/startup_sam3xa.o
 .debug_macro   0x0000de7a       0x88 Device_Startup/startup_sam3xa.o
 .debug_macro   0x0000df02       0x88 Device_Startup/startup_sam3xa.o
 .debug_macro   0x0000df8a      0x3b4 Device_Startup/startup_sam3xa.o
 .debug_macro   0x0000e33e       0xbe Device_Startup/startup_sam3xa.o
 .debug_macro   0x0000e3fc       0xbe Device_Startup/startup_sam3xa.o
 .debug_macro   0x0000e4ba       0xbe Device_Startup/startup_sam3xa.o
 .debug_macro   0x0000e578       0xbe Device_Startup/startup_sam3xa.o
 .debug_macro   0x0000e636      0x2b8 Device_Startup/startup_sam3xa.o
 .debug_macro   0x0000e8ee      0x118 Device_Startup/startup_sam3xa.o
 .debug_macro   0x0000ea06      0x216 Device_Startup/startup_sam3xa.o
 .debug_macro   0x0000ec1c      0x216 Device_Startup/startup_sam3xa.o
 .debug_macro   0x0000ee32       0x2e Device_Startup/startup_sam3xa.o
 .debug_macro   0x0000ee60       0xac Device_Startup/startup_sam3xa.o
 .debug_macro   0x0000ef0c      0x13e Device_Startup/startup_sam3xa.o
 .debug_macro   0x0000f04a       0x7c Device_Startup/startup_sam3xa.o
 .debug_macro   0x0000f0c6      0x1f6 Device_Startup/startup_sam3xa.o
 .debug_macro   0x0000f2bc       0x64 Device_Startup/startup_sam3xa.o
 .debug_macro   0x0000f320       0xa6 Device_Startup/startup_sam3xa.o
 .debug_macro   0x0000f3c6       0x7c Device_Startup/startup_sam3xa.o
 .debug_macro   0x0000f442       0x16 Device_Startup/startup_sam3xa.o
 .debug_macro   0x0000f458       0x22 Device_Startup/startup_sam3xa.o
 .debug_macro   0x0000f47a       0x22 Device_Startup/startup_sam3xa.o
 .debug_macro   0x0000f49c      0x10c Device_Startup/startup_sam3xa.o
 .debug_macro   0x0000f5a8      0x10c Device_Startup/startup_sam3xa.o
 .debug_macro   0x0000f6b4      0x10c Device_Startup/startup_sam3xa.o
 .debug_macro   0x0000f7c0      0x10c Device_Startup/startup_sam3xa.o
 .debug_macro   0x0000f8cc       0x1c Device_Startup/startup_sam3xa.o
 .debug_macro   0x0000f8e8       0x2e Device_Startup/startup_sam3xa.o
 .debug_macro   0x0000f916       0x22 Device_Startup/startup_sam3xa.o
 .debug_macro   0x0000f938       0x1c Device_Startup/startup_sam3xa.o
 .debug_macro   0x0000f954       0x58 Device_Startup/startup_sam3xa.o
 .debug_macro   0x0000f9ac       0x10 Device_Startup/startup_sam3xa.o
 .debug_macro   0x0000f9bc      0x27a Device_Startup/startup_sam3xa.o
 .debug_macro   0x0000fc36      0xd34 Device_Startup/startup_sam3xa.o
 .debug_macro   0x0001096a      0x170 Device_Startup/startup_sam3xa.o
 .debug_macro   0x00010ada      0x383 Device_Startup/system_sam3xa.o
 .debug_macro   0x00010e5d      0x378 hal/sam3x_gpio.o
 .debug_macro   0x000111d5       0x26 hal/sam3x_gpio.o
 .debug_macro   0x000111fb      0xe49 hal/sam3x_gpio.o
 .debug_macro   0x00012044      0x378 hal/sam3x_spi.o
 .debug_macro   0x000123bc      0x378 hal/sam3x_tick.o
 .debug_macro   0x00012734      0x378 hal/sam3x_uart.o
 .debug_macro   0x00012aac       0xb9 libs/IGAS_Eth/IGAS_Eth.o
 .debug_macro   0x00012b65      0x15e libs/IGAS_Eth/IPAddress.o
 .debug_macro   0x00012cc3       0xad libs/IGAS_Eth/utility/w5500.o
 .debug_macro   0x00012d70       0xa7 libs/SC16IS7xx/SC16IS7xx.o
 .debug_macro   0x00012e17       0x70 main.o
 .debug_macro   0x00012e87       0xa7 platform/platform_gpio.o
 .debug_macro   0x00012f2e       0xa3 platform/platform_serial.o
 .debug_macro   0x00012fd1       0xa3 platform/platform_spi.o
 .debug_macro   0x00013074       0xa7 platform/platform_time.o
 .debug_macro   0x0001311b       0xa3 platform/serial_port.o
 .debug_macro   0x000131be       0x79 platform/spi.o
 .debug_macro   0x00013237      0x1ca platform/syscalls.o
 .debug_macro   0x00013401       0x10 platform/syscalls.o
 .debug_macro   0x00013411       0x52 platform/syscalls.o
 .debug_macro   0x00013463       0x8d platform/syscalls.o
 .debug_macro   0x000134f0       0x9c platform/syscalls.o
 .debug_macro   0x0001358c      0x16d platform/syscalls.o
 .debug_macro   0x000136f9       0x57 platform/syscalls.o
 .debug_macro   0x00013750       0x43 platform/syscalls.o
 .debug_macro   0x00013793      0x23b platform/syscalls.o
 .debug_macro   0x000139ce      0x353 platform/syscalls.o
 .debug_macro   0x00013d21       0x10 platform/syscalls.o
 .debug_macro   0x00013d31       0x35 platform/syscalls.o
 .debug_macro   0x00013d66       0x10 platform/syscalls.o
 .debug_macro   0x00013d76       0x10 platform/syscalls.o
 .debug_macro   0x00013d86       0x10 platform/syscalls.o
 .debug_macro   0x00013d96       0x1c platform/syscalls.o
 .debug_macro   0x00013db2       0x52 platform/syscalls.o
 .debug_macro   0x00013e04       0x40 platform/syscalls.o
 .debug_macro   0x00013e44       0x10 platform/syscalls.o
 .debug_macro   0x00013e54       0x40 platform/syscalls.o
 .debug_macro   0x00013e94       0xd7 platform/syscalls.o
 .debug_macro   0x00013f6b       0x35 platform/syscalls.o
 .debug_macro   0x00013fa0      0x122 platform/syscalls.o

.debug_line     0x00000000     0x6667
 .debug_line    0x00000000      0x366 app/app.o
 .debug_line    0x00000366      0x32f board/lcp_board.o
 .debug_line    0x00000695      0x728 Device_Startup/startup_sam3xa.o
 .debug_line    0x00000dbd      0x785 Device_Startup/system_sam3xa.o
 .debug_line    0x00001542      0x79b hal/sam3x_gpio.o
 .debug_line    0x00001cdd      0x7db hal/sam3x_spi.o
 .debug_line    0x000024b8      0x7b2 hal/sam3x_tick.o
 .debug_line    0x00002c6a      0x83d hal/sam3x_uart.o
 .debug_line    0x000034a7      0x485 libs/IGAS_Eth/IGAS_Eth.o
 .debug_line    0x0000392c      0x513 libs/IGAS_Eth/IPAddress.o
 .debug_line    0x00003e3f      0x82f libs/IGAS_Eth/utility/w5500.o
 .debug_line    0x0000466e      0x48f libs/SC16IS7xx/SC16IS7xx.o
 .debug_line    0x00004afd      0x26e main.o
 .debug_line    0x00004d6b      0x317 platform/platform_gpio.o
 .debug_line    0x00005082      0x358 platform/platform_serial.o
 .debug_line    0x000053da      0x2fa platform/platform_spi.o
 .debug_line    0x000056d4      0x322 platform/platform_time.o
 .debug_line    0x000059f6      0x44c platform/serial_port.o
 .debug_line    0x00005e42      0x416 platform/spi.o
 .debug_line    0x00006258      0x40f platform/syscalls.o

.debug_str      0x00000000    0x58a6b
 .debug_str     0x00000000     0x4b56 app/app.o
                               0x4dec (size before relaxing)
 .debug_str     0x00004b56       0x4c board/lcp_board.o
                               0x4af5 (size before relaxing)
 .debug_str     0x00004ba2    0x4d1bb Device_Startup/startup_sam3xa.o
                              0x504c2 (size before relaxing)
 .debug_str     0x00051d5d      0x2c7 Device_Startup/system_sam3xa.o
                              0x50255 (size before relaxing)
 .debug_str     0x00052024      0x31f hal/sam3x_gpio.o
                              0x50817 (size before relaxing)
 .debug_str     0x00052343      0x1c9 hal/sam3x_spi.o
                              0x50945 (size before relaxing)
 .debug_str     0x0005250c      0x3ca hal/sam3x_tick.o
                              0x50841 (size before relaxing)
 .debug_str     0x000528d6      0x452 hal/sam3x_uart.o
                              0x50b93 (size before relaxing)
 .debug_str     0x00052d28      0xfbd libs/IGAS_Eth/IGAS_Eth.o
                               0x5961 (size before relaxing)
 .debug_str     0x00053ce5     0x2cdc libs/IGAS_Eth/IPAddress.o
                               0x78f3 (size before relaxing)
 .debug_str     0x000569c1      0x26d libs/IGAS_Eth/utility/w5500.o
                               0x572a (size before relaxing)
 .debug_str     0x00056c2e      0x25e libs/SC16IS7xx/SC16IS7xx.o
                               0x4ebf (size before relaxing)
 .debug_str     0x00056e8c        0xe main.o
                               0x3878 (size before relaxing)
 .debug_str     0x00056e9a       0x45 platform/platform_gpio.o
                               0x4a6b (size before relaxing)
 .debug_str     0x00056edf      0x14b platform/platform_serial.o
                               0x4b0b (size before relaxing)
 .debug_str     0x0005702a       0x30 platform/platform_spi.o
                               0x49a1 (size before relaxing)
 .debug_str     0x0005705a       0x47 platform/platform_time.o
                               0x4a1c (size before relaxing)
 .debug_str     0x000570a1      0x244 platform/serial_port.o
                               0x4e80 (size before relaxing)
 .debug_str     0x000572e5       0xba platform/spi.o
                               0x41c3 (size before relaxing)
 .debug_str     0x0005739f     0x16cc platform/syscalls.o
                               0x79c8 (size before relaxing)

.debug_frame    0x00000000     0x1ab8
 .debug_frame   0x00000000       0x4c app/app.o
 .debug_frame   0x0000004c       0x2c board/lcp_board.o
 .debug_frame   0x00000078       0x38 Device_Startup/startup_sam3xa.o
 .debug_frame   0x000000b0       0x40 Device_Startup/system_sam3xa.o
 .debug_frame   0x000000f0       0x98 hal/sam3x_gpio.o
 .debug_frame   0x00000188       0xd0 hal/sam3x_spi.o
 .debug_frame   0x00000258       0x9c hal/sam3x_tick.o
 .debug_frame   0x000002f4      0x110 hal/sam3x_uart.o
 .debug_frame   0x00000404      0x190 libs/IGAS_Eth/IGAS_Eth.o
 .debug_frame   0x00000594      0x194 libs/IGAS_Eth/IPAddress.o
 .debug_frame   0x00000728      0x6e4 libs/IGAS_Eth/utility/w5500.o
 .debug_frame   0x00000e0c      0x240 libs/SC16IS7xx/SC16IS7xx.o
 .debug_frame   0x0000104c       0x28 main.o
 .debug_frame   0x00001074       0x58 platform/platform_gpio.o
 .debug_frame   0x000010cc       0x9c platform/platform_serial.o
 .debug_frame   0x00001168       0x40 platform/platform_spi.o
 .debug_frame   0x000011a8       0x70 platform/platform_time.o
 .debug_frame   0x00001218      0x1bc platform/serial_port.o
 .debug_frame   0x000013d4      0x214 platform/spi.o
 .debug_frame   0x000015e8       0xc4 platform/syscalls.o
 .debug_frame   0x000016ac       0x20 c:/program files (x86)/atmel/studio/7.0/toolchain/arm/arm-gnu-toolchain/bin/../lib/gcc/arm-none-eabi/6.3.1/../../../../arm-none-eabi/lib/thumb/v7-m\libstdc++.a(atexit_arm.o)
 .debug_frame   0x000016cc       0x20 c:/program files (x86)/atmel/studio/7.0/toolchain/arm/arm-gnu-toolchain/bin/../lib/gcc/arm-none-eabi/6.3.1/../../../../arm-none-eabi/lib/thumb/v7-m\libstdc++.a(del_ops.o)
 .debug_frame   0x000016ec       0x20 c:/program files (x86)/atmel/studio/7.0/toolchain/arm/arm-gnu-toolchain/bin/../lib/gcc/arm-none-eabi/6.3.1/../../../../arm-none-eabi/lib/thumb/v7-m\libstdc++.a(del_op.o)
 .debug_frame   0x0000170c       0x20 c:/program files (x86)/atmel/studio/7.0/toolchain/arm/arm-gnu-toolchain/bin/../lib/gcc/arm-none-eabi/6.3.1/../../../../arm-none-eabi/lib/thumb/v7-m\libc.a(lib_a-cxa_atexit.o)
 .debug_frame   0x0000172c       0x20 c:/program files (x86)/atmel/studio/7.0/toolchain/arm/arm-gnu-toolchain/bin/../lib/gcc/arm-none-eabi/6.3.1/../../../../arm-none-eabi/lib/thumb/v7-m\libc.a(lib_a-errno.o)
 .debug_frame   0x0000174c       0x2c c:/program files (x86)/atmel/studio/7.0/toolchain/arm/arm-gnu-toolchain/bin/../lib/gcc/arm-none-eabi/6.3.1/../../../../arm-none-eabi/lib/thumb/v7-m\libc.a(lib_a-init.o)
 .debug_frame   0x00001778       0x30 c:/program files (x86)/atmel/studio/7.0/toolchain/arm/arm-gnu-toolchain/bin/../lib/gcc/arm-none-eabi/6.3.1/../../../../arm-none-eabi/lib/thumb/v7-m\libc.a(lib_a-malloc.o)
 .debug_frame   0x000017a8       0x54 c:/program files (x86)/atmel/studio/7.0/toolchain/arm/arm-gnu-toolchain/bin/../lib/gcc/arm-none-eabi/6.3.1/../../../../arm-none-eabi/lib/thumb/v7-m\libc.a(lib_a-mallocr.o)
 .debug_frame   0x000017fc       0x30 c:/program files (x86)/atmel/studio/7.0/toolchain/arm/arm-gnu-toolchain/bin/../lib/gcc/arm-none-eabi/6.3.1/../../../../arm-none-eabi/lib/thumb/v7-m\libc.a(lib_a-mlock.o)
 .debug_frame   0x0000182c       0x2c c:/program files (x86)/atmel/studio/7.0/toolchain/arm/arm-gnu-toolchain/bin/../lib/gcc/arm-none-eabi/6.3.1/../../../../arm-none-eabi/lib/thumb/v7-m\libc.a(lib_a-sbrkr.o)
 .debug_frame   0x00001858       0x34 c:/program files (x86)/atmel/studio/7.0/toolchain/arm/arm-gnu-toolchain/bin/../lib/gcc/arm-none-eabi/6.3.1/../../../../arm-none-eabi/lib/thumb/v7-m\libc.a(lib_a-__atexit.o)
 .debug_frame   0x0000188c       0x5c c:/program files (x86)/atmel/studio/7.0/toolchain/arm/arm-gnu-toolchain/bin/../lib/gcc/arm-none-eabi/6.3.1/../../../../arm-none-eabi/lib/thumb/v7-m\libc.a(lib_a-__call_atexit.o)
 .debug_frame   0x000018e8       0x20 c:/program files (x86)/atmel/studio/7.0/toolchain/arm/arm-gnu-toolchain/bin/../lib/gcc/arm-none-eabi/6.3.1/../../../../arm-none-eabi/lib/thumb/v7-m\libc.a(lib_a-atexit.o)
 .debug_frame   0x00001908       0x34 c:/program files (x86)/atmel/studio/7.0/toolchain/arm/arm-gnu-toolchain/bin/../lib/gcc/arm-none-eabi/6.3.1/../../../../arm-none-eabi/lib/thumb/v7-m\libc.a(lib_a-fini.o)
 .debug_frame   0x0000193c       0x74 c:/program files (x86)/atmel/studio/7.0/toolchain/arm/arm-gnu-toolchain/bin/../lib/gcc/arm-none-eabi/6.3.1/../../../../arm-none-eabi/lib/thumb/v7-m\libc.a(lib_a-freer.o)
 .debug_frame   0x000019b0       0xb0 c:/program files (x86)/atmel/studio/7.0/toolchain/arm/arm-gnu-toolchain/bin/../lib/gcc/arm-none-eabi/6.3.1/../../../../arm-none-eabi/lib/thumb/v7-m\libc.a(lib_a-lock.o)
 .debug_frame   0x00001a60       0x58 c:/program files (x86)/atmel/studio/7.0/toolchain/arm/arm-gnu-toolchain/bin/../lib/gcc/arm-none-eabi/6.3.1/../../../../arm-none-eabi/lib/thumb/v7-m\libc.a(lib_a-reent.o)
